Archive member included to satisfy reference by file (symbol)

/Users/johannes/Library/Application Support/Code/User/globalStorage/bmd.stm32-for-vscode/@xpack-dev-tools/arm-none-eabi-gcc/11.2.1-1.2.2/.content/bin/../lib/gcc/arm-none-eabi/11.2.1/../../../../arm-none-eabi/lib/thumb/v7e-m+fp/hard/libc_nano.a(lib_a-atexit.o)
                              /Users/johannes/Library/Application Support/Code/User/globalStorage/bmd.stm32-for-vscode/@xpack-dev-tools/arm-none-eabi-gcc/11.2.1-1.2.2/.content/bin/../lib/gcc/arm-none-eabi/11.2.1/../../../../arm-none-eabi/lib/thumb/v7e-m+fp/hard/crt0.o (atexit)
/Users/johannes/Library/Application Support/Code/User/globalStorage/bmd.stm32-for-vscode/@xpack-dev-tools/arm-none-eabi-gcc/11.2.1-1.2.2/.content/bin/../lib/gcc/arm-none-eabi/11.2.1/../../../../arm-none-eabi/lib/thumb/v7e-m+fp/hard/libc_nano.a(lib_a-atoi.o)
                              build/console.o (atoi)
/Users/johannes/Library/Application Support/Code/User/globalStorage/bmd.stm32-for-vscode/@xpack-dev-tools/arm-none-eabi-gcc/11.2.1-1.2.2/.content/bin/../lib/gcc/arm-none-eabi/11.2.1/../../../../arm-none-eabi/lib/thumb/v7e-m+fp/hard/libc_nano.a(lib_a-exit.o)
                              /Users/johannes/Library/Application Support/Code/User/globalStorage/bmd.stm32-for-vscode/@xpack-dev-tools/arm-none-eabi-gcc/11.2.1-1.2.2/.content/bin/../lib/gcc/arm-none-eabi/11.2.1/../../../../arm-none-eabi/lib/thumb/v7e-m+fp/hard/crt0.o (exit)
/Users/johannes/Library/Application Support/Code/User/globalStorage/bmd.stm32-for-vscode/@xpack-dev-tools/arm-none-eabi-gcc/11.2.1-1.2.2/.content/bin/../lib/gcc/arm-none-eabi/11.2.1/../../../../arm-none-eabi/lib/thumb/v7e-m+fp/hard/libc_nano.a(lib_a-fini.o)
                              /Users/johannes/Library/Application Support/Code/User/globalStorage/bmd.stm32-for-vscode/@xpack-dev-tools/arm-none-eabi-gcc/11.2.1-1.2.2/.content/bin/../lib/gcc/arm-none-eabi/11.2.1/../../../../arm-none-eabi/lib/thumb/v7e-m+fp/hard/crt0.o (__libc_fini_array)
/Users/johannes/Library/Application Support/Code/User/globalStorage/bmd.stm32-for-vscode/@xpack-dev-tools/arm-none-eabi-gcc/11.2.1-1.2.2/.content/bin/../lib/gcc/arm-none-eabi/11.2.1/../../../../arm-none-eabi/lib/thumb/v7e-m+fp/hard/libc_nano.a(lib_a-impure.o)
                              /Users/johannes/Library/Application Support/Code/User/globalStorage/bmd.stm32-for-vscode/@xpack-dev-tools/arm-none-eabi-gcc/11.2.1-1.2.2/.content/bin/../lib/gcc/arm-none-eabi/11.2.1/../../../../arm-none-eabi/lib/thumb/v7e-m+fp/hard/libc_nano.a(lib_a-exit.o) (_global_impure_ptr)
/Users/johannes/Library/Application Support/Code/User/globalStorage/bmd.stm32-for-vscode/@xpack-dev-tools/arm-none-eabi-gcc/11.2.1-1.2.2/.content/bin/../lib/gcc/arm-none-eabi/11.2.1/../../../../arm-none-eabi/lib/thumb/v7e-m+fp/hard/libc_nano.a(lib_a-init.o)
                              /Users/johannes/Library/Application Support/Code/User/globalStorage/bmd.stm32-for-vscode/@xpack-dev-tools/arm-none-eabi-gcc/11.2.1-1.2.2/.content/bin/../lib/gcc/arm-none-eabi/11.2.1/../../../../arm-none-eabi/lib/thumb/v7e-m+fp/hard/crt0.o (__libc_init_array)
/Users/johannes/Library/Application Support/Code/User/globalStorage/bmd.stm32-for-vscode/@xpack-dev-tools/arm-none-eabi-gcc/11.2.1-1.2.2/.content/bin/../lib/gcc/arm-none-eabi/11.2.1/../../../../arm-none-eabi/lib/thumb/v7e-m+fp/hard/libc_nano.a(lib_a-malloc.o)
                              build/usbh_MIDI.o (malloc)
/Users/johannes/Library/Application Support/Code/User/globalStorage/bmd.stm32-for-vscode/@xpack-dev-tools/arm-none-eabi-gcc/11.2.1-1.2.2/.content/bin/../lib/gcc/arm-none-eabi/11.2.1/../../../../arm-none-eabi/lib/thumb/v7e-m+fp/hard/libc_nano.a(lib_a-memcpy-stub.o)
                              build/SEGGER_RTT.o (memcpy)
/Users/johannes/Library/Application Support/Code/User/globalStorage/bmd.stm32-for-vscode/@xpack-dev-tools/arm-none-eabi-gcc/11.2.1-1.2.2/.content/bin/../lib/gcc/arm-none-eabi/11.2.1/../../../../arm-none-eabi/lib/thumb/v7e-m+fp/hard/libc_nano.a(lib_a-memset.o)
                              /Users/johannes/Library/Application Support/Code/User/globalStorage/bmd.stm32-for-vscode/@xpack-dev-tools/arm-none-eabi-gcc/11.2.1-1.2.2/.content/bin/../lib/gcc/arm-none-eabi/11.2.1/../../../../arm-none-eabi/lib/thumb/v7e-m+fp/hard/crt0.o (memset)
/Users/johannes/Library/Application Support/Code/User/globalStorage/bmd.stm32-for-vscode/@xpack-dev-tools/arm-none-eabi-gcc/11.2.1-1.2.2/.content/bin/../lib/gcc/arm-none-eabi/11.2.1/../../../../arm-none-eabi/lib/thumb/v7e-m+fp/hard/libc_nano.a(lib_a-nano-freer.o)
                              /Users/johannes/Library/Application Support/Code/User/globalStorage/bmd.stm32-for-vscode/@xpack-dev-tools/arm-none-eabi-gcc/11.2.1-1.2.2/.content/bin/../lib/gcc/arm-none-eabi/11.2.1/../../../../arm-none-eabi/lib/thumb/v7e-m+fp/hard/libc_nano.a(lib_a-malloc.o) (_free_r)
[...]
Memory Configuration

Name             Origin             Length             Attributes
RAM              0x0000000020000000 0x0000000000020000 xrw
CCMRAM           0x0000000010000000 0x0000000000010000 xrw
FLASH            0x0000000008000000 0x0000000000100000 xr
*default*        0x0000000000000000 0xffffffffffffffff

Linker script and memory map

LOAD /Users/johannes/Library/Application Support/Code/User/globalStorage/bmd.stm32-for-vscode/@xpack-dev-tools/arm-none-eabi-gcc/11.2.1-1.2.2/.content/bin/../lib/gcc/arm-none-eabi/11.2.1/thumb/v7e-m+fp/hard/crti.o
LOAD /Users/johannes/Library/Application Support/Code/User/globalStorage/bmd.stm32-for-vscode/@xpack-dev-tools/arm-none-eabi-gcc/11.2.1-1.2.2/.content/bin/../lib/gcc/arm-none-eabi/11.2.1/thumb/v7e-m+fp/hard/crtbegin.o
LOAD /Users/johannes/Library/Application Support/Code/User/globalStorage/bmd.stm32-for-vscode/@xpack-dev-tools/arm-none-eabi-gcc/11.2.1-1.2.2/.content/bin/../lib/gcc/arm-none-eabi/11.2.1/../../../../arm-none-eabi/lib/thumb/v7e-m+fp/hard/crt0.o
LOAD build/MIDI_application.o
LOAD build/MIDI_event.o
LOAD build/SEGGER_RTT.o
LOAD build/SEGGER_RTT_printf.o
LOAD build/audio.o
LOAD build/console.o
LOAD build/consoleCommands.o
LOAD build/consoleIo.o
LOAD build/envelope.o
LOAD build/filter.o
LOAD build/gpio.o
LOAD build/helper_functions.o
LOAD build/i2c.o
LOAD build/i2s.o
LOAD build/main.o
LOAD build/oscillators.o
LOAD build/spi.o
LOAD build/stm32f4xx_hal_msp.o
LOAD build/stm32f4xx_it.o
LOAD build/system_stm32f4xx.o
LOAD build/usbh_MIDI.o
LOAD build/usbh_conf.o
LOAD build/cs43l22.o
LOAD build/dp83848.o
LOAD build/exc7200.o
LOAD build/ft3x67.o
LOAD build/ft6x06.o
LOAD build/i3g4250d.o
LOAD build/ili9325.o
LOAD build/ili9341.o
LOAD build/l3gd20.o
LOAD build/lan8742.o
LOAD build/lis302dl.o
LOAD build/lis3dsh.o
LOAD build/ls016b8uy.o
LOAD build/lsm303agr.o
LOAD build/lsm303dlhc.o
LOAD build/mfxstm32l152.o
LOAD build/nt35510.o
LOAD build/otm8009a.o
LOAD build/ov2640.o
LOAD build/ov5640.o
LOAD build/s5k5cag.o
LOAD build/st7735.o
LOAD build/st7789h2.o
LOAD build/stmpe1600.o
LOAD build/stmpe811.o
LOAD build/ts3510.o
LOAD build/wm8994.o
LOAD build/stm32f4_discovery.o
LOAD build/stm32f4_discovery_accelerometer.o
LOAD build/stm32f4_discovery_audio.o
LOAD build/stm32f4xx_hal.o
LOAD build/stm32f4xx_hal_cortex.o
LOAD build/stm32f4xx_hal_dma.o
LOAD build/stm32f4xx_hal_dma_ex.o
LOAD build/stm32f4xx_hal_exti.o
LOAD build/stm32f4xx_hal_flash.o
LOAD build/stm32f4xx_hal_flash_ex.o
LOAD build/stm32f4xx_hal_flash_ramfunc.o
LOAD build/stm32f4xx_hal_gpio.o
LOAD build/stm32f4xx_hal_hcd.o
LOAD build/stm32f4xx_hal_i2c.o
LOAD build/stm32f4xx_hal_i2c_ex.o
LOAD build/stm32f4xx_hal_i2s.o
LOAD build/stm32f4xx_hal_i2s_ex.o
LOAD build/stm32f4xx_hal_pwr.o
LOAD build/stm32f4xx_hal_pwr_ex.o
LOAD build/stm32f4xx_hal_rcc.o
LOAD build/stm32f4xx_hal_rcc_ex.o
LOAD build/stm32f4xx_hal_spi.o
LOAD build/stm32f4xx_hal_tim.o
LOAD build/stm32f4xx_hal_tim_ex.o
LOAD build/stm32f4xx_ll_usb.o
LOAD build/usbh_cdc.o
LOAD build/usbh_core.o
LOAD build/usbh_ctlreq.o
LOAD build/usbh_ioreq.o
LOAD build/usbh_pipes.o
LOAD build/startup_stm32f407xx.o
LOAD /Users/johannes/Library/Application Support/Code/User/globalStorage/bmd.stm32-for-vscode/@xpack-dev-tools/arm-none-eabi-gcc/11.2.1-1.2.2/.content/bin/../lib/gcc/arm-none-eabi/11.2.1/../../../../arm-none-eabi/lib/thumb/v7e-m+fp/hard/libc_nano.a
LOAD /Users/johannes/Library/Application Support/Code/User/globalStorage/bmd.stm32-for-vscode/@xpack-dev-tools/arm-none-eabi-gcc/11.2.1-1.2.2/.content/bin/../lib/gcc/arm-none-eabi/11.2.1/../../../../arm-none-eabi/lib/thumb/v7e-m+fp/hard/libm.a
LOAD /Users/johannes/Library/Application Support/Code/User/globalStorage/bmd.stm32-for-vscode/@xpack-dev-tools/arm-none-eabi-gcc/11.2.1-1.2.2/.content/bin/../lib/gcc/arm-none-eabi/11.2.1/../../../../arm-none-eabi/lib/thumb/v7e-m+fp/hard/libnosys.a
START GROUP
LOAD /Users/johannes/Library/Application Support/Code/User/globalStorage/bmd.stm32-for-vscode/@xpack-dev-tools/arm-none-eabi-gcc/11.2.1-1.2.2/.content/bin/../lib/gcc/arm-none-eabi/11.2.1/thumb/v7e-m+fp/hard/libgcc.a
LOAD /Users/johannes/Library/Application Support/Code/User/globalStorage/bmd.stm32-for-vscode/@xpack-dev-tools/arm-none-eabi-gcc/11.2.1-1.2.2/.content/bin/../lib/gcc/arm-none-eabi/11.2.1/../../../../arm-none-eabi/lib/thumb/v7e-m+fp/hard/libc_nano.a
END GROUP
START GROUP
LOAD /Users/johannes/Library/Application Support/Code/User/globalStorage/bmd.stm32-for-vscode/@xpack-dev-tools/arm-none-eabi-gcc/11.2.1-1.2.2/.content/bin/../lib/gcc/arm-none-eabi/11.2.1/thumb/v7e-m+fp/hard/libgcc.a
LOAD /Users/johannes/Library/Application Support/Code/User/globalStorage/bmd.stm32-for-vscode/@xpack-dev-tools/arm-none-eabi-gcc/11.2.1-1.2.2/.content/bin/../lib/gcc/arm-none-eabi/11.2.1/../../../../arm-none-eabi/lib/thumb/v7e-m+fp/hard/libc_nano.a
END GROUP
LOAD /Users/johannes/Library/Application Support/Code/User/globalStorage/bmd.stm32-for-vscode/@xpack-dev-tools/arm-none-eabi-gcc/11.2.1-1.2.2/.content/bin/../lib/gcc/arm-none-eabi/11.2.1/thumb/v7e-m+fp/hard/crtend.o
LOAD /Users/johannes/Library/Application Support/Code/User/globalStorage/bmd.stm32-for-vscode/@xpack-dev-tools/arm-none-eabi-gcc/11.2.1-1.2.2/.content/bin/../lib/gcc/arm-none-eabi/11.2.1/thumb/v7e-m+fp/hard/crtn.o
                0x0000000020020000                _estack = (ORIGIN (RAM) + LENGTH (RAM))
                0x0000000000000200                _Min_Heap_Size = 0x200
                0x0000000000000400                _Min_Stack_Size = 0x400

.isr_vector     0x0000000008000000      0x188
                0x0000000008000000                . = ALIGN (0x4)
 *(.isr_vector)
 .isr_vector    0x0000000008000000      0x188 build/startup_stm32f407xx.o
                0x0000000008000000                g_pfnVectors
                0x0000000008000188                . = ALIGN (0x4)

.text           0x0000000008000188     0x75c4
                0x0000000008000188                . = ALIGN (0x4)
 *(.text)
 .text          0x0000000008000188       0x10 /Users/johannes/Library/Application Support/Code/User/globalStorage/bmd.stm32-for-vscode/@xpack-dev-tools/arm-none-eabi-gcc/11.2.1-1.2.2/.content/bin/../lib/gcc/arm-none-eabi/11.2.1/../../../../arm-none-eabi/lib/thumb/v7e-m+fp/hard/libc_nano.a(lib_a-strlen.o)
                0x0000000008000188                strlen
 .text          0x0000000008000198      0x254 /Users/johannes/Library/Application Support/Code/User/globalStorage/bmd.stm32-for-vscode/@xpack-dev-tools/arm-none-eabi-gcc/11.2.1-1.2.2/.content/bin/../lib/gcc/arm-none-eabi/11.2.1/thumb/v7e-m+fp/hard/libgcc.a(_arm_muldf3.o)
                0x0000000008000198                __aeabi_dmul
                0x0000000008000198                __muldf3
 .text          0x00000000080003ec      0x378 /Users/johannes/Library/Application Support/Code/User/globalStorage/bmd.stm32-for-vscode/@xpack-dev-tools/arm-none-eabi-gcc/11.2.1-1.2.2/.content/bin/../lib/gcc/arm-none-eabi/11.2.1/thumb/v7e-m+fp/hard/libgcc.a(_arm_addsubdf3.o)
                0x00000000080003ec                __aeabi_drsub
                0x00000000080003f4                __subdf3
                0x00000000080003f4                __aeabi_dsub
                0x00000000080003f8                __aeabi_dadd
                0x00000000080003f8                __adddf3
                0x0000000008000670                __aeabi_ui2d
                0x0000000008000670                __floatunsidf
                0x0000000008000690                __floatsidf
                0x0000000008000690                __aeabi_i2d
                0x00000000080006b4                __extendsfdf2
                0x00000000080006b4                __aeabi_f2d
                0x00000000080006f8                __aeabi_ul2d
                0x00000000080006f8                __floatundidf
                0x0000000008000708                __aeabi_l2d
                0x0000000008000708                __floatdidf
 .text          0x0000000008000764      0x110 /Users/johannes/Library/Application Support/Code/User/globalStorage/bmd.stm32-for-vscode/@xpack-dev-tools/arm-none-eabi-gcc/11.2.1-1.2.2/.content/bin/../lib/gcc/arm-none-eabi/11.2.1/thumb/v7e-m+fp/hard/libgcc.a(_arm_cmpdf2.o)
                0x0000000008000764                __gedf2
                0x0000000008000764                __gtdf2
                0x000000000800076c                __ledf2
                0x000000000800076c                __ltdf2
                0x0000000008000774                __cmpdf2
                0x0000000008000774                __eqdf2
                0x0000000008000774                __nedf2
                0x00000000080007f0                __aeabi_cdrcmple
                0x0000000008000800                __aeabi_cdcmple
                0x0000000008000800                __aeabi_cdcmpeq
                0x0000000008000810                __aeabi_dcmpeq
                0x0000000008000824                __aeabi_dcmplt
                0x0000000008000838                __aeabi_dcmple
                0x000000000800084c                __aeabi_dcmpge
                0x0000000008000860                __aeabi_dcmpgt
 .text          0x0000000008000874       0xa0 /Users/johannes/Library/Application Support/Code/User/globalStorage/bmd.stm32-for-vscode/@xpack-dev-tools/arm-none-eabi-gcc/11.2.1-1.2.2/.content/bin/../lib/gcc/arm-none-eabi/11.2.1/thumb/v7e-m+fp/hard/libgcc.a(_arm_truncdfsf2.o)
                0x0000000008000874                __aeabi_d2f
                0x0000000008000874                __truncdfsf2
 .text          0x0000000008000914       0x30 /Users/johannes/Library/Application Support/Code/User/globalStorage/bmd.stm32-for-vscode/@xpack-dev-tools/arm-none-eabi-gcc/11.2.1-1.2.2/.content/bin/../lib/gcc/arm-none-eabi/11.2.1/thumb/v7e-m+fp/hard/libgcc.a(_aeabi_uldivmod.o)
                0x0000000008000914                __aeabi_uldivmod
 .text          0x0000000008000944        0x4 /Users/johannes/Library/Application Support/Code/User/globalStorage/bmd.stm32-for-vscode/@xpack-dev-tools/arm-none-eabi-gcc/11.2.1-1.2.2/.content/bin/../lib/gcc/arm-none-eabi/11.2.1/thumb/v7e-m+fp/hard/libgcc.a(_dvmd_tls.o)
                0x0000000008000944                __aeabi_ldiv0
                0x0000000008000944                __aeabi_idiv0
 *(.text*)
 .text.__do_global_dtors_aux
                0x0000000008000948       0x24 /Users/johannes/Library/Application Support/Code/User/globalStorage/bmd.stm32-for-vscode/@xpack-dev-tools/arm-none-eabi-gcc/11.2.1-1.2.2/.content/bin/../lib/gcc/arm-none-eabi/11.2.1/thumb/v7e-m+fp/hard/crtbegin.o
 .text.frame_dummy
                0x000000000800096c       0x1c /Users/johannes/Library/Application Support/Code/User/globalStorage/bmd.stm32-for-vscode/@xpack-dev-tools/arm-none-eabi-gcc/11.2.1-1.2.2/.content/bin/../lib/gcc/arm-none-eabi/11.2.1/thumb/v7e-m+fp/hard/crtbegin.o
 .text.MIDI_Application
                0x0000000008000988       0x40 build/MIDI_application.o
                0x0000000008000988                MIDI_Application
 .text.ProcessReceivedMidiDatas
                0x00000000080009c8       0x60 build/MIDI_application.o
                0x00000000080009c8                ProcessReceivedMidiDatas
 .text.USBH_MIDI_ReceiveCallback
                0x0000000008000a28       0x1c build/MIDI_application.o
                0x0000000008000a28                USBH_MIDI_ReceiveCallback
 .text.MIDI_eventInit
                0x0000000008000a44       0x10 build/MIDI_event.o
                0x0000000008000a44                MIDI_eventInit
 .text.ProcessMIDI
                0x0000000008000a54      0x14c build/MIDI_event.o
                0x0000000008000a54                ProcessMIDI
 .text.USBH_UserProcess_callback
                0x0000000008000ba0       0x7c build/MIDI_event.o
                0x0000000008000ba0                USBH_UserProcess_callback
 .text._GetAvailWriteSpace
                0x0000000008000c1c       0x18 build/SEGGER_RTT.o
 .text._WriteNoCheck
                0x0000000008000c34       0x4c build/SEGGER_RTT.o
 .text._WriteBlocking
                0x0000000008000c80       0x62 build/SEGGER_RTT.o
 *fill*         0x0000000008000ce2        0x2 
 .text._DoInit  0x0000000008000ce4       0x6c build/SEGGER_RTT.o
 .text.SEGGER_RTT_WriteNoLock
                0x0000000008000d50       0x6c build/SEGGER_RTT.o
                0x0000000008000d50                SEGGER_RTT_WriteNoLock
 .text.SEGGER_RTT_Write
                0x0000000008000dbc       0x34 build/SEGGER_RTT.o
                0x0000000008000dbc                SEGGER_RTT_Write
 .text.SEGGER_RTT_WriteString
                0x0000000008000df0       0x18 build/SEGGER_RTT.o
                0x0000000008000df0                SEGGER_RTT_WriteString
 .text.SEGGER_RTT_ConfigUpBuffer
                0x0000000008000e08       0x70 build/SEGGER_RTT.o
                0x0000000008000e08                SEGGER_RTT_ConfigUpBuffer
 .text._StoreChar
                0x0000000008000e78       0x40 build/SEGGER_RTT_printf.o
 .text._PrintUnsigned
                0x0000000008000eb8       0xe0 build/SEGGER_RTT_printf.o
 .text._PrintInt
                0x0000000008000f98       0xea build/SEGGER_RTT_printf.o
 *fill*         0x0000000008001082        0x2 
 .text.SEGGER_RTT_vprintf
                0x0000000008001084      0x1f0 build/SEGGER_RTT_printf.o
                0x0000000008001084                SEGGER_RTT_vprintf
 .text.SEGGER_RTT_printf
                0x0000000008001274       0x1e build/SEGGER_RTT_printf.o
                0x0000000008001274                SEGGER_RTT_printf
 *fill*         0x0000000008001292        0x2 
 .text.AUDIO_Init
                0x0000000008001294      0x118 build/audio.o
                0x0000000008001294                AUDIO_Init
 .text.audioBlock
                0x00000000080013ac       0xa0 build/audio.o
                0x00000000080013ac                audioBlock
 .text.BSP_AUDIO_OUT_HalfTransfer_CallBack
                0x000000000800144c       0x5c build/audio.o
                0x000000000800144c                BSP_AUDIO_OUT_HalfTransfer_CallBack
 .text.BSP_AUDIO_OUT_TransferComplete_CallBack
                0x00000000080014a8       0x6c build/audio.o
                0x00000000080014a8                BSP_AUDIO_OUT_TransferComplete_CallBack
 .text.BSP_AUDIO_OUT_Error_CallBack
                0x0000000008001514        0x2 build/audio.o
                0x0000000008001514                BSP_AUDIO_OUT_Error_CallBack
 *fill*         0x0000000008001516        0x2 
 .text.DMA1_Stream7_IRQHandler
                0x0000000008001518       0x10 build/audio.o
                0x0000000008001518                DMA1_Stream7_IRQHandler
 .text.DMA1_Stream3_IRQHandler
                0x0000000008001528       0x10 build/audio.o
                0x0000000008001528                DMA1_Stream3_IRQHandler
 .text.ConsoleInit
                0x0000000008001538       0x44 build/console.o
                0x0000000008001538                ConsoleInit
 .text.ConsoleIoInit
                0x000000000800157c        0x4 build/consoleIo.o
                0x000000000800157c                ConsoleIoInit
 .text.ConsoleIoSendString
                0x0000000008001580       0x14 build/consoleIo.o
                0x0000000008001580                ConsoleIoSendString
 .text.ADSR_keyOn
                0x0000000008001594       0x14 build/envelope.o
                0x0000000008001594                ADSR_keyOn
 .text.ADSR_keyOff
                0x00000000080015a8        0xa build/envelope.o
                0x00000000080015a8                ADSR_keyOff
 *fill*         0x00000000080015b2        0x2 
 .text.ADSR_calculateMultiplier
                0x00000000080015b4       0x60 build/envelope.o
                0x00000000080015b4                ADSR_calculateMultiplier
 .text.ADSR_init
                0x0000000008001614       0x80 build/envelope.o
                0x0000000008001614                ADSR_init
 *fill*         0x0000000008001694        0x4 
 .text.ADSR_computeSample
                0x0000000008001698       0xa8 build/envelope.o
                0x0000000008001698                ADSR_computeSample
 .text.MX_GPIO_Init
                0x0000000008001740      0x188 build/gpio.o
                0x0000000008001740                MX_GPIO_Init
 .text.interp_lin_lut
                0x00000000080018c8       0x58 build/helper_functions.o
                0x00000000080018c8                interp_lin_lut
 .text.MX_I2C1_Init
                0x0000000008001920       0x3c build/i2c.o
                0x0000000008001920                MX_I2C1_Init
 .text.HAL_I2C_MspInit
                0x000000000800195c       0x70 build/i2c.o
                0x000000000800195c                HAL_I2C_MspInit
 .text.HAL_I2C_MspDeInit
                0x00000000080019cc       0x38 build/i2c.o
                0x00000000080019cc                HAL_I2C_MspDeInit
 .text.MX_I2S3_Init
                0x0000000008001a04       0x38 build/i2s.o
                0x0000000008001a04                MX_I2S3_Init
 .text.HAL_I2S_MspInit
                0x0000000008001a3c       0xc0 build/i2s.o
                0x0000000008001a3c                HAL_I2S_MspInit
 .text.Error_Handler
                0x0000000008001afc        0x4 build/main.o
                0x0000000008001afc                Error_Handler
 .text.SystemClock_Config
                0x0000000008001b00       0xac build/main.o
                0x0000000008001b00                SystemClock_Config
 .text.main     0x0000000008001bac       0x78 build/main.o
                0x0000000008001bac                main
 .text.osc_init
                0x0000000008001c24       0x28 build/oscillators.o
                0x0000000008001c24                osc_init
 .text.osc_polyblepSaw
                0x0000000008001c4c       0xc0 build/oscillators.o
                0x0000000008001c4c                osc_polyblepSaw
 *fill*         0x0000000008001d0c        0x4 
 .text.osc_superSaw
                0x0000000008001d10      0x218 build/oscillators.o
                0x0000000008001d10                osc_superSaw
 .text.MX_SPI1_Init
                0x0000000008001f28       0x40 build/spi.o
                0x0000000008001f28                MX_SPI1_Init
 .text.HAL_SPI_MspInit
                0x0000000008001f68       0x6c build/spi.o
                0x0000000008001f68                HAL_SPI_MspInit
 .text.HAL_MspInit
                0x0000000008001fd4       0x40 build/stm32f4xx_hal_msp.o
                0x0000000008001fd4                HAL_MspInit
 .text.NMI_Handler
                0x0000000008002014        0x2 build/stm32f4xx_it.o
                0x0000000008002014                NMI_Handler
 .text.HardFault_Handler
                0x0000000008002016        0x2 build/stm32f4xx_it.o
                0x0000000008002016                HardFault_Handler
 .text.MemManage_Handler
                0x0000000008002018        0x2 build/stm32f4xx_it.o
                0x0000000008002018                MemManage_Handler
 .text.BusFault_Handler
                0x000000000800201a        0x2 build/stm32f4xx_it.o
                0x000000000800201a                BusFault_Handler
 .text.UsageFault_Handler
                0x000000000800201c        0x2 build/stm32f4xx_it.o
                0x000000000800201c                UsageFault_Handler
 .text.SVC_Handler
                0x000000000800201e        0x2 build/stm32f4xx_it.o
                0x000000000800201e                SVC_Handler
 .text.DebugMon_Handler
                0x0000000008002020        0x2 build/stm32f4xx_it.o
                0x0000000008002020                DebugMon_Handler
 .text.PendSV_Handler
                0x0000000008002022        0x2 build/stm32f4xx_it.o
                0x0000000008002022                PendSV_Handler
 .text.SysTick_Handler
                0x0000000008002024        0x8 build/stm32f4xx_it.o
                0x0000000008002024                SysTick_Handler
 .text.OTG_FS_IRQHandler
                0x000000000800202c       0x10 build/stm32f4xx_it.o
                0x000000000800202c                OTG_FS_IRQHandler
 .text.SystemInit
                0x000000000800203c       0x14 build/system_stm32f4xx.o
                0x000000000800203c                SystemInit
 .text.USBH_MIDI_ClassRequest
                0x0000000008002050        0xe build/usbh_MIDI.o
 .text.USBH_MIDI_SOFProcess
                0x000000000800205e        0x4 build/usbh_MIDI.o
 .text.USBH_MIDI_InterfaceDeInit
                0x0000000008002062       0x50 build/usbh_MIDI.o
 .text.USBH_MIDI_InterfaceInit
                0x00000000080020b2      0x112 build/usbh_MIDI.o
 .text.USBH_MIDI_Stop
                0x00000000080021c4       0x2a build/usbh_MIDI.o
                0x00000000080021c4                USBH_MIDI_Stop
 .text.USBH_MIDI_GetLastReceivedDataSize
                0x00000000080021ee       0x1e build/usbh_MIDI.o
                0x00000000080021ee                USBH_MIDI_GetLastReceivedDataSize
 .text.USBH_MIDI_Receive
                0x000000000800220c       0x20 build/usbh_MIDI.o
                0x000000000800220c                USBH_MIDI_Receive
 .text.USBH_MIDI_TransmitCallback
                0x000000000800222c        0x2 build/usbh_MIDI.o
                0x000000000800222c                USBH_MIDI_TransmitCallback
 .text.MIDI_ProcessTransmission
                0x000000000800222e       0x8a build/usbh_MIDI.o
 .text.MIDI_ProcessReception
                0x00000000080022b8       0x64 build/usbh_MIDI.o
 .text.USBH_MIDI_Process
                0x000000000800231c       0x3c build/usbh_MIDI.o
 .text.HAL_HCD_MspInit
                0x0000000008002358       0xd0 build/usbh_conf.o
                0x0000000008002358                HAL_HCD_MspInit
 .text.HAL_HCD_SOF_Callback
                0x0000000008002428        0xc build/usbh_conf.o
                0x0000000008002428                HAL_HCD_SOF_Callback
 .text.HAL_HCD_Connect_Callback
                0x0000000008002434        0xc build/usbh_conf.o
                0x0000000008002434                HAL_HCD_Connect_Callback
 .text.HAL_HCD_Disconnect_Callback
                0x0000000008002440        0xc build/usbh_conf.o
                0x0000000008002440                HAL_HCD_Disconnect_Callback
 .text.HAL_HCD_PortEnabled_Callback
                0x000000000800244c        0xc build/usbh_conf.o
                0x000000000800244c                HAL_HCD_PortEnabled_Callback
 .text.HAL_HCD_PortDisabled_Callback
                0x0000000008002458        0xc build/usbh_conf.o
                0x0000000008002458                HAL_HCD_PortDisabled_Callback
 .text.HAL_HCD_HC_NotifyURBChange_Callback
                0x0000000008002464        0x2 build/usbh_conf.o
                0x0000000008002464                HAL_HCD_HC_NotifyURBChange_Callback
 *fill*         0x0000000008002466        0x2 
 .text.USBH_LL_Init
                0x0000000008002468       0x54 build/usbh_conf.o
                0x0000000008002468                USBH_LL_Init
 .text.USBH_LL_Start
                0x00000000080024bc        0xe build/usbh_conf.o
                0x00000000080024bc                USBH_LL_Start
 .text.USBH_LL_Stop
                0x00000000080024ca        0xe build/usbh_conf.o
                0x00000000080024ca                USBH_LL_Stop
 .text.USBH_LL_GetSpeed
                0x00000000080024d8       0x20 build/usbh_conf.o
                0x00000000080024d8                USBH_LL_GetSpeed
 .text.USBH_LL_ResetPort
                0x00000000080024f8        0xe build/usbh_conf.o
                0x00000000080024f8                USBH_LL_ResetPort
 .text.USBH_LL_GetLastXferSize
                0x0000000008002506        0xc build/usbh_conf.o
                0x0000000008002506                USBH_LL_GetLastXferSize
 .text.USBH_LL_OpenPipe
                0x0000000008002512       0x24 build/usbh_conf.o
                0x0000000008002512                USBH_LL_OpenPipe
 .text.USBH_LL_ClosePipe
                0x0000000008002536        0xe build/usbh_conf.o
                0x0000000008002536                USBH_LL_ClosePipe
 .text.USBH_LL_SubmitURB
                0x0000000008002544       0x28 build/usbh_conf.o
                0x0000000008002544                USBH_LL_SubmitURB
 .text.USBH_LL_GetURBState
                0x000000000800256c        0xc build/usbh_conf.o
                0x000000000800256c                USBH_LL_GetURBState
 .text.USBH_LL_DriverVBUS
                0x0000000008002578       0x28 build/usbh_conf.o
                0x0000000008002578                USBH_LL_DriverVBUS
 .text.USBH_LL_SetToggle
                0x00000000080025a0       0x30 build/usbh_conf.o
                0x00000000080025a0                USBH_LL_SetToggle
 .text.USBH_Delay
                0x00000000080025d0        0x8 build/usbh_conf.o
                0x00000000080025d0                USBH_Delay
 .text.cs43l22_SetFrequency
                0x00000000080025d8        0x4 build/cs43l22.o
                0x00000000080025d8                cs43l22_SetFrequency
 .text.cs43l22_Reset
                0x00000000080025dc        0x4 build/cs43l22.o
                0x00000000080025dc                cs43l22_Reset
 .text.CODEC_IO_Write
                0x00000000080025e0        0xa build/cs43l22.o
 *fill*         0x00000000080025ea        0x2 
 .text.cs43l22_SetVolume
                0x00000000080025ec       0x64 build/cs43l22.o
                0x00000000080025ec                cs43l22_SetVolume
 .text.cs43l22_Init
                0x0000000008002650       0xfc build/cs43l22.o
                0x0000000008002650                cs43l22_Init
 .text.cs43l22_SetMute
                0x000000000800274c       0x5c build/cs43l22.o
                0x000000000800274c                cs43l22_SetMute
 .text.cs43l22_Play
                0x00000000080027a8       0x40 build/cs43l22.o
                0x00000000080027a8                cs43l22_Play
 .text.cs43l22_Pause
                0x00000000080027e8       0x1a build/cs43l22.o
                0x00000000080027e8                cs43l22_Pause
 *fill*         0x0000000008002802        0x2 
 .text.cs43l22_Resume
                0x0000000008002804       0x48 build/cs43l22.o
                0x0000000008002804                cs43l22_Resume
 .text.cs43l22_Stop
                0x000000000800284c       0x34 build/cs43l22.o
                0x000000000800284c                cs43l22_Stop
 .text.cs43l22_SetOutputMode
                0x0000000008002880       0x70 build/cs43l22.o
                0x0000000008002880                cs43l22_SetOutputMode
 .text.cs43l22_DeInit
                0x00000000080028f0        0x8 build/cs43l22.o
                0x00000000080028f0                cs43l22_DeInit
 .text.cs43l22_ReadID
                0x00000000080028f8       0x16 build/cs43l22.o
                0x00000000080028f8                cs43l22_ReadID
 *fill*         0x000000000800290e        0x2 
 .text.I2Cx_MspInit
                0x0000000008002910       0x88 build/stm32f4_discovery.o
 .text.I2Cx_Init
                0x0000000008002998       0x3c build/stm32f4_discovery.o
 .text.I2Cx_Error
                0x00000000080029d4       0x14 build/stm32f4_discovery.o
 .text.I2Cx_WriteData
                0x00000000080029e8       0x3c build/stm32f4_discovery.o
 .text.I2Cx_ReadData
                0x0000000008002a24       0x40 build/stm32f4_discovery.o
 .text.AUDIO_IO_Init
                0x0000000008002a64       0x64 build/stm32f4_discovery.o
                0x0000000008002a64                AUDIO_IO_Init
 .text.AUDIO_IO_DeInit
                0x0000000008002ac8        0x2 build/stm32f4_discovery.o
                0x0000000008002ac8                AUDIO_IO_DeInit
 .text.AUDIO_IO_Write
                0x0000000008002aca        0x8 build/stm32f4_discovery.o
                0x0000000008002aca                AUDIO_IO_Write
 .text.AUDIO_IO_Read
                0x0000000008002ad2        0x8 build/stm32f4_discovery.o
                0x0000000008002ad2                AUDIO_IO_Read
 *fill*         0x0000000008002ada        0x2 
 .text.I2S3_Init
                0x0000000008002adc       0x38 build/stm32f4_discovery_audio.o
 .text.BSP_AUDIO_OUT_Play
                0x0000000008002b14       0x40 build/stm32f4_discovery_audio.o
                0x0000000008002b14                BSP_AUDIO_OUT_Play
 .text.BSP_AUDIO_OUT_ChangeBuffer
                0x0000000008002b54       0x14 build/stm32f4_discovery_audio.o
                0x0000000008002b54                BSP_AUDIO_OUT_ChangeBuffer
 .text.BSP_AUDIO_OUT_ClockConfig
                0x0000000008002b68       0x6c build/stm32f4_discovery_audio.o
                0x0000000008002b68                BSP_AUDIO_OUT_ClockConfig
 .text.BSP_AUDIO_OUT_MspInit
                0x0000000008002bd4      0x11c build/stm32f4_discovery_audio.o
                0x0000000008002bd4                BSP_AUDIO_OUT_MspInit
 .text.BSP_AUDIO_OUT_Init
                0x0000000008002cf0       0x80 build/stm32f4_discovery_audio.o
                0x0000000008002cf0                BSP_AUDIO_OUT_Init
 .text.HAL_I2S_TxCpltCallback
                0x0000000008002d70       0x18 build/stm32f4_discovery_audio.o
                0x0000000008002d70                HAL_I2S_TxCpltCallback
 .text.HAL_I2S_TxHalfCpltCallback
                0x0000000008002d88       0x18 build/stm32f4_discovery_audio.o
                0x0000000008002d88                HAL_I2S_TxHalfCpltCallback
 .text.BSP_AUDIO_IN_TransferComplete_CallBack
                0x0000000008002da0        0x2 build/stm32f4_discovery_audio.o
                0x0000000008002da0                BSP_AUDIO_IN_TransferComplete_CallBack
 .text.HAL_I2S_RxCpltCallback
                0x0000000008002da2        0x8 build/stm32f4_discovery_audio.o
                0x0000000008002da2                HAL_I2S_RxCpltCallback
 .text.BSP_AUDIO_IN_Error_Callback
                0x0000000008002daa        0x2 build/stm32f4_discovery_audio.o
                0x0000000008002daa                BSP_AUDIO_IN_Error_Callback
 .text.HAL_I2S_ErrorCallback
                0x0000000008002dac       0x2c build/stm32f4_discovery_audio.o
                0x0000000008002dac                HAL_I2S_ErrorCallback
 .text.HAL_InitTick
                0x0000000008002dd8       0x4c build/stm32f4xx_hal.o
                0x0000000008002dd8                HAL_InitTick
 .text.HAL_Init
                0x0000000008002e24       0x34 build/stm32f4xx_hal.o
                0x0000000008002e24                HAL_Init
 .text.HAL_IncTick
                0x0000000008002e58       0x18 build/stm32f4xx_hal.o
                0x0000000008002e58                HAL_IncTick
 .text.HAL_GetTick
                0x0000000008002e70        0xc build/stm32f4xx_hal.o
                0x0000000008002e70                HAL_GetTick
 .text.HAL_Delay
                0x0000000008002e7c       0x28 build/stm32f4xx_hal.o
                0x0000000008002e7c                HAL_Delay
 .text.HAL_NVIC_SetPriorityGrouping
                0x0000000008002ea4       0x24 build/stm32f4xx_hal_cortex.o
                0x0000000008002ea4                HAL_NVIC_SetPriorityGrouping
 .text.HAL_NVIC_SetPriority
                0x0000000008002ec8       0x70 build/stm32f4xx_hal_cortex.o
                0x0000000008002ec8                HAL_NVIC_SetPriority
 .text.HAL_NVIC_EnableIRQ
                0x0000000008002f38       0x1c build/stm32f4xx_hal_cortex.o
                0x0000000008002f38                HAL_NVIC_EnableIRQ
 .text.HAL_SYSTICK_Config
                0x0000000008002f54       0x28 build/stm32f4xx_hal_cortex.o
                0x0000000008002f54                HAL_SYSTICK_Config
 .text.DMA_SetConfig
                0x0000000008002f7c       0x2c build/stm32f4xx_hal_dma.o
 .text.DMA_CalcBaseAndBitshift
                0x0000000008002fa8       0x44 build/stm32f4xx_hal_dma.o
 .text.DMA_CheckFifoParam
                0x0000000008002fec       0x8e build/stm32f4xx_hal_dma.o
 *fill*         0x000000000800307a        0x2 
 .text.HAL_DMA_Init
                0x000000000800307c       0xcc build/stm32f4xx_hal_dma.o
                0x000000000800307c                HAL_DMA_Init
 .text.HAL_DMA_DeInit
                0x0000000008003148       0x64 build/stm32f4xx_hal_dma.o
                0x0000000008003148                HAL_DMA_DeInit
 .text.HAL_DMA_Start_IT
                0x00000000080031ac       0x6a build/stm32f4xx_hal_dma.o
                0x00000000080031ac                HAL_DMA_Start_IT
 *fill*         0x0000000008003216        0x2 
 .text.HAL_DMA_IRQHandler
                0x0000000008003218      0x1dc build/stm32f4xx_hal_dma.o
                0x0000000008003218                HAL_DMA_IRQHandler
 .text.HAL_GPIO_Init
                0x00000000080033f4      0x1ec build/stm32f4xx_hal_gpio.o
                0x00000000080033f4                HAL_GPIO_Init
 .text.HAL_GPIO_DeInit
                0x00000000080035e0      0x134 build/stm32f4xx_hal_gpio.o
                0x00000000080035e0                HAL_GPIO_DeInit
 .text.HAL_GPIO_WritePin
                0x0000000008003714        0xc build/stm32f4xx_hal_gpio.o
                0x0000000008003714                HAL_GPIO_WritePin
 .text.HCD_RXQLVL_IRQHandler
                0x0000000008003720       0x9e build/stm32f4xx_hal_hcd.o
 .text.HAL_HCD_HC_Init
                0x00000000080037be       0x8e build/stm32f4xx_hal_hcd.o
                0x00000000080037be                HAL_HCD_HC_Init
 .text.HAL_HCD_HC_Halt
                0x000000000800384c       0x24 build/stm32f4xx_hal_hcd.o
                0x000000000800384c                HAL_HCD_HC_Halt
 .text.HAL_HCD_Init
                0x0000000008003870       0xa4 build/stm32f4xx_hal_hcd.o
                0x0000000008003870                HAL_HCD_Init
 .text.HAL_HCD_HC_SubmitRequest
                0x0000000008003914      0x164 build/stm32f4xx_hal_hcd.o
                0x0000000008003914                HAL_HCD_HC_SubmitRequest
 .text.HCD_Port_IRQHandler
                0x0000000008003a78       0xb0 build/stm32f4xx_hal_hcd.o
 .text.HCD_HC_IN_IRQHandler
                0x0000000008003b28      0x2b2 build/stm32f4xx_hal_hcd.o
 .text.HCD_HC_OUT_IRQHandler
                0x0000000008003dda      0x2c2 build/stm32f4xx_hal_hcd.o
 .text.HAL_HCD_IRQHandler
                0x000000000800409c      0x154 build/stm32f4xx_hal_hcd.o
                0x000000000800409c                HAL_HCD_IRQHandler
 .text.HAL_HCD_Start
                0x00000000080041f0       0x2a build/stm32f4xx_hal_hcd.o
                0x00000000080041f0                HAL_HCD_Start
 .text.HAL_HCD_Stop
                0x000000000800421a       0x24 build/stm32f4xx_hal_hcd.o
                0x000000000800421a                HAL_HCD_Stop
 .text.HAL_HCD_ResetPort
                0x000000000800423e        0xa build/stm32f4xx_hal_hcd.o
                0x000000000800423e                HAL_HCD_ResetPort
 .text.HAL_HCD_HC_GetURBState
                0x0000000008004248        0xc build/stm32f4xx_hal_hcd.o
                0x0000000008004248                HAL_HCD_HC_GetURBState
 .text.HAL_HCD_HC_GetXferCount
                0x0000000008004254        0xa build/stm32f4xx_hal_hcd.o
                0x0000000008004254                HAL_HCD_HC_GetXferCount
 .text.HAL_HCD_GetCurrentFrame
                0x000000000800425e        0xa build/stm32f4xx_hal_hcd.o
                0x000000000800425e                HAL_HCD_GetCurrentFrame
 .text.HAL_HCD_GetCurrentSpeed
                0x0000000008004268        0xa build/stm32f4xx_hal_hcd.o
                0x0000000008004268                HAL_HCD_GetCurrentSpeed
 .text.I2C_IsAcknowledgeFailed
                0x0000000008004272       0x32 build/stm32f4xx_hal_i2c.o
 .text.I2C_WaitOnFlagUntilTimeout
                0x00000000080042a4       0x7c build/stm32f4xx_hal_i2c.o
 .text.I2C_WaitOnMasterAddressFlagUntilTimeout
                0x0000000008004320       0xaa build/stm32f4xx_hal_i2c.o
 .text.I2C_WaitOnTXEFlagUntilTimeout
                0x00000000080043ca       0x54 build/stm32f4xx_hal_i2c.o
 *fill*         0x000000000800441e        0x2 
 .text.I2C_RequestMemoryWrite
                0x0000000008004420       0xd8 build/stm32f4xx_hal_i2c.o
 .text.I2C_RequestMemoryRead
                0x00000000080044f8      0x154 build/stm32f4xx_hal_i2c.o
 .text.I2C_WaitOnBTFFlagUntilTimeout
                0x000000000800464c       0x54 build/stm32f4xx_hal_i2c.o
 .text.I2C_WaitOnRXNEFlagUntilTimeout
                0x00000000080046a0       0x6a build/stm32f4xx_hal_i2c.o
 *fill*         0x000000000800470a        0x2 
 .text.HAL_I2C_Init
                0x000000000800470c      0x1bc build/stm32f4xx_hal_i2c.o
                0x000000000800470c                HAL_I2C_Init
 .text.HAL_I2C_DeInit
                0x00000000080048c8       0x32 build/stm32f4xx_hal_i2c.o
                0x00000000080048c8                HAL_I2C_DeInit
 *fill*         0x00000000080048fa        0x2 
 .text.HAL_I2C_Mem_Write
                0x00000000080048fc      0x164 build/stm32f4xx_hal_i2c.o
                0x00000000080048fc                HAL_I2C_Mem_Write
 .text.HAL_I2C_Mem_Read
                0x0000000008004a60      0x2e4 build/stm32f4xx_hal_i2c.o
                0x0000000008004a60                HAL_I2C_Mem_Read
 .text.HAL_I2C_GetState
                0x0000000008004d44        0x6 build/stm32f4xx_hal_i2c.o
                0x0000000008004d44                HAL_I2C_GetState
 *fill*         0x0000000008004d4a        0x2 
 .text.HAL_I2S_Init
                0x0000000008004d4c      0x19c build/stm32f4xx_hal_i2s.o
                0x0000000008004d4c                HAL_I2S_Init
 .text.HAL_I2S_Transmit_DMA
                0x0000000008004ee8       0xdc build/stm32f4xx_hal_i2s.o
                0x0000000008004ee8                HAL_I2S_Transmit_DMA
 .text.I2S_DMATxHalfCplt
                0x0000000008004fc4        0xa build/stm32f4xx_hal_i2s.o
 .text.I2S_Transmit_IT
                0x0000000008004fce       0x38 build/stm32f4xx_hal_i2s.o
 .text.I2S_DMATxCplt
                0x0000000008005006       0x24 build/stm32f4xx_hal_i2s.o
 .text.I2S_Receive_IT
                0x000000000800502a       0x38 build/stm32f4xx_hal_i2s.o
 .text.I2S_IRQHandler
                0x0000000008005062       0xd0 build/stm32f4xx_hal_i2s.o
 .text.I2S_DMAError
                0x0000000008005132       0x28 build/stm32f4xx_hal_i2s.o
 .text.HAL_I2S_GetState
                0x000000000800515a        0x6 build/stm32f4xx_hal_i2s.o
                0x000000000800515a                HAL_I2S_GetState
 .text.HAL_I2SEx_TxRxCpltCallback
                0x0000000008005160        0x2 build/stm32f4xx_hal_i2s_ex.o
                0x0000000008005160                HAL_I2SEx_TxRxCpltCallback
 .text.I2SEx_TxISR_I2S
                0x0000000008005162       0x3c build/stm32f4xx_hal_i2s_ex.o
 *fill*         0x000000000800519e        0x2 
 .text.I2SEx_RxISR_I2SExt
                0x00000000080051a0       0x64 build/stm32f4xx_hal_i2s_ex.o
 .text.I2SEx_TxISR_I2SExt
                0x0000000008005204       0x64 build/stm32f4xx_hal_i2s_ex.o
 .text.I2SEx_RxISR_I2S
                0x0000000008005268       0x3c build/stm32f4xx_hal_i2s_ex.o
 .text.HAL_I2SEx_FullDuplex_IRQHandler
                0x00000000080052a4      0x1d8 build/stm32f4xx_hal_i2s_ex.o
                0x00000000080052a4                HAL_I2SEx_FullDuplex_IRQHandler
 .text.HAL_RCC_OscConfig
                0x000000000800547c      0x3f8 build/stm32f4xx_hal_rcc.o
                0x000000000800547c                HAL_RCC_OscConfig
 .text.HAL_RCC_GetSysClockFreq
                0x0000000008005874       0xdc build/stm32f4xx_hal_rcc.o
                0x0000000008005874                HAL_RCC_GetSysClockFreq
 .text.HAL_RCC_ClockConfig
                0x0000000008005950      0x160 build/stm32f4xx_hal_rcc.o
                0x0000000008005950                HAL_RCC_ClockConfig
 .text.HAL_RCC_GetHCLKFreq
                0x0000000008005ab0        0xc build/stm32f4xx_hal_rcc.o
                0x0000000008005ab0                HAL_RCC_GetHCLKFreq
 .text.HAL_RCC_GetPCLK1Freq
                0x0000000008005abc       0x20 build/stm32f4xx_hal_rcc.o
                0x0000000008005abc                HAL_RCC_GetPCLK1Freq
 .text.HAL_RCCEx_PeriphCLKConfig
                0x0000000008005adc      0x154 build/stm32f4xx_hal_rcc_ex.o
                0x0000000008005adc                HAL_RCCEx_PeriphCLKConfig
 .text.HAL_RCCEx_GetPeriphCLKConfig
                0x0000000008005c30       0x30 build/stm32f4xx_hal_rcc_ex.o
                0x0000000008005c30                HAL_RCCEx_GetPeriphCLKConfig
 .text.HAL_RCCEx_GetPeriphCLKFreq
                0x0000000008005c60       0x74 build/stm32f4xx_hal_rcc_ex.o
                0x0000000008005c60                HAL_RCCEx_GetPeriphCLKFreq
 .text.HAL_SPI_Init
                0x0000000008005cd4       0xbe build/stm32f4xx_hal_spi.o
                0x0000000008005cd4                HAL_SPI_Init
 *fill*         0x0000000008005d92        0x2 
 .text.USB_CoreReset
                0x0000000008005d94       0x50 build/stm32f4xx_ll_usb.o
 .text.USB_CoreInit
                0x0000000008005de4       0x8a build/stm32f4xx_ll_usb.o
                0x0000000008005de4                USB_CoreInit
 .text.USB_EnableGlobalInt
                0x0000000008005e6e        0xc build/stm32f4xx_ll_usb.o
                0x0000000008005e6e                USB_EnableGlobalInt
 .text.USB_DisableGlobalInt
                0x0000000008005e7a        0xc build/stm32f4xx_ll_usb.o
                0x0000000008005e7a                USB_DisableGlobalInt
 *fill*         0x0000000008005e86        0x2 
 .text.USB_FlushTxFifo
                0x0000000008005e88       0x50 build/stm32f4xx_ll_usb.o
                0x0000000008005e88                USB_FlushTxFifo
 .text.USB_FlushRxFifo
                0x0000000008005ed8       0x4c build/stm32f4xx_ll_usb.o
                0x0000000008005ed8                USB_FlushRxFifo
 .text.USB_WritePacket
                0x0000000008005f24       0x2e build/stm32f4xx_ll_usb.o
                0x0000000008005f24                USB_WritePacket
 .text.USB_ReadPacket
                0x0000000008005f52       0x46 build/stm32f4xx_ll_usb.o
                0x0000000008005f52                USB_ReadPacket
 .text.USB_ReadInterrupts
                0x0000000008005f98        0x8 build/stm32f4xx_ll_usb.o
                0x0000000008005f98                USB_ReadInterrupts
 .text.USB_GetMode
                0x0000000008005fa0        0x8 build/stm32f4xx_ll_usb.o
                0x0000000008005fa0                USB_GetMode
 .text.USB_SetCurrentMode
                0x0000000008005fa8       0x62 build/stm32f4xx_ll_usb.o
                0x0000000008005fa8                USB_SetCurrentMode
 *fill*         0x000000000800600a        0x2 
 .text.USB_HostInit
                0x000000000800600c       0xf8 build/stm32f4xx_ll_usb.o
                0x000000000800600c                USB_HostInit
 .text.USB_InitFSLSPClkSel
                0x0000000008006104       0x3e build/stm32f4xx_ll_usb.o
                0x0000000008006104                USB_InitFSLSPClkSel
 .text.USB_ResetPort
                0x0000000008006142       0x3e build/stm32f4xx_ll_usb.o
                0x0000000008006142                USB_ResetPort
 .text.USB_DriveVbus
                0x0000000008006180       0x46 build/stm32f4xx_ll_usb.o
                0x0000000008006180                USB_DriveVbus
 .text.USB_GetHostSpeed
                0x00000000080061c6       0x16 build/stm32f4xx_ll_usb.o
                0x00000000080061c6                USB_GetHostSpeed
 .text.USB_GetCurrentFrame
                0x00000000080061dc        0xa build/stm32f4xx_ll_usb.o
                0x00000000080061dc                USB_GetCurrentFrame
 .text.USB_HC_Init
                0x00000000080061e6      0x126 build/stm32f4xx_ll_usb.o
                0x00000000080061e6                USB_HC_Init
 .text.USB_HC_ReadInterrupt
                0x000000000800630c        0xa build/stm32f4xx_ll_usb.o
                0x000000000800630c                USB_HC_ReadInterrupt
 .text.USB_HC_Halt
                0x0000000008006316       0xe6 build/stm32f4xx_ll_usb.o
                0x0000000008006316                USB_HC_Halt
 .text.USB_DoPing
                0x00000000080063fc       0x24 build/stm32f4xx_ll_usb.o
                0x00000000080063fc                USB_DoPing
 .text.USB_HC_StartXfer
                0x0000000008006420      0x168 build/stm32f4xx_ll_usb.o
                0x0000000008006420                USB_HC_StartXfer
 .text.USB_StopHost
                0x0000000008006588       0x92 build/stm32f4xx_ll_usb.o
                0x0000000008006588                USB_StopHost
 .text.DeInitStateMachine
                0x000000000800661a       0x56 build/usbh_core.o
 .text.USBH_HandleSof
                0x0000000008006670       0x1a build/usbh_core.o
 .text.USBH_HandleEnum
                0x000000000800668a      0x166 build/usbh_core.o
 .text.USBH_Init
                0x00000000080067f0       0x2e build/usbh_core.o
                0x00000000080067f0                USBH_Init
 .text.USBH_RegisterClass
                0x000000000800681e       0x26 build/usbh_core.o
                0x000000000800681e                USBH_RegisterClass
 .text.USBH_SelectInterface
                0x0000000008006844       0x14 build/usbh_core.o
                0x0000000008006844                USBH_SelectInterface
 .text.USBH_FindInterface
                0x0000000008006858       0x54 build/usbh_core.o
                0x0000000008006858                USBH_FindInterface
 .text.USBH_Start
                0x00000000080068ac       0x14 build/usbh_core.o
                0x00000000080068ac                USBH_Start
 .text.USBH_LL_SetTimer
                0x00000000080068c0        0x6 build/usbh_core.o
                0x00000000080068c0                USBH_LL_SetTimer
 .text.USBH_LL_IncTimer
                0x00000000080068c6       0x12 build/usbh_core.o
                0x00000000080068c6                USBH_LL_IncTimer
 .text.USBH_LL_PortEnabled
                0x00000000080068d8        0x8 build/usbh_core.o
                0x00000000080068d8                USBH_LL_PortEnabled
 .text.USBH_LL_PortDisabled
                0x00000000080068e0        0x8 build/usbh_core.o
                0x00000000080068e0                USBH_LL_PortDisabled
 .text.USBH_IsPortEnabled
                0x00000000080068e8        0x6 build/usbh_core.o
                0x00000000080068e8                USBH_IsPortEnabled
 .text.USBH_Process
                0x00000000080068ee      0x1e0 build/usbh_core.o
                0x00000000080068ee                USBH_Process
 .text.USBH_LL_Connect
                0x0000000008006ace       0x28 build/usbh_core.o
                0x0000000008006ace                USBH_LL_Connect
 .text.USBH_LL_Disconnect
                0x0000000008006af6       0x38 build/usbh_core.o
                0x0000000008006af6                USBH_LL_Disconnect
 .text.USBH_ParseDevDesc
                0x0000000008006b2e       0x58 build/usbh_ctlreq.o
 .text.USBH_ParseInterfaceDesc
                0x0000000008006b86       0x26 build/usbh_ctlreq.o
 .text.USBH_ParseEPDesc
                0x0000000008006bac       0x20 build/usbh_ctlreq.o
 .text.USBH_ParseStringDesc
                0x0000000008006bcc       0x32 build/usbh_ctlreq.o
 .text.USBH_HandleControl
                0x0000000008006bfe      0x1ca build/usbh_ctlreq.o
 .text.USBH_GetNextDesc
                0x0000000008006dc8        0xe build/usbh_ctlreq.o
                0x0000000008006dc8                USBH_GetNextDesc
 .text.USBH_ParseCfgDesc
                0x0000000008006dd6       0xc2 build/usbh_ctlreq.o
 .text.USBH_CtlReq
                0x0000000008006e98       0x4a build/usbh_ctlreq.o
                0x0000000008006e98                USBH_CtlReq
 .text.USBH_GetDescriptor
                0x0000000008006ee2       0x42 build/usbh_ctlreq.o
                0x0000000008006ee2                USBH_GetDescriptor
 .text.USBH_Get_DevDesc
                0x0000000008006f24       0x32 build/usbh_ctlreq.o
                0x0000000008006f24                USBH_Get_DevDesc
 .text.USBH_Get_CfgDesc
                0x0000000008006f56       0x32 build/usbh_ctlreq.o
                0x0000000008006f56                USBH_Get_CfgDesc
 .text.USBH_Get_StringDesc
                0x0000000008006f88       0x30 build/usbh_ctlreq.o
                0x0000000008006f88                USBH_Get_StringDesc
 .text.USBH_SetAddress
                0x0000000008006fb8       0x22 build/usbh_ctlreq.o
                0x0000000008006fb8                USBH_SetAddress
 .text.USBH_SetCfg
                0x0000000008006fda       0x22 build/usbh_ctlreq.o
                0x0000000008006fda                USBH_SetCfg
 .text.USBH_SetFeature
                0x0000000008006ffc       0x22 build/usbh_ctlreq.o
                0x0000000008006ffc                USBH_SetFeature
 .text.USBH_ClrFeature
                0x000000000800701e       0x24 build/usbh_ctlreq.o
                0x000000000800701e                USBH_ClrFeature
 .text.USBH_CtlSendSetup
                0x0000000008007042       0x22 build/usbh_ioreq.o
                0x0000000008007042                USBH_CtlSendSetup
 .text.USBH_CtlSendData
                0x0000000008007064       0x2c build/usbh_ioreq.o
                0x0000000008007064                USBH_CtlSendData
 .text.USBH_CtlReceiveData
                0x0000000008007090       0x20 build/usbh_ioreq.o
                0x0000000008007090                USBH_CtlReceiveData
 .text.USBH_BulkSendData
                0x00000000080070b0       0x2c build/usbh_ioreq.o
                0x00000000080070b0                USBH_BulkSendData
 .text.USBH_BulkReceiveData
                0x00000000080070dc       0x20 build/usbh_ioreq.o
                0x00000000080070dc                USBH_BulkReceiveData
 .text.USBH_GetFreePipe
                0x00000000080070fc       0x24 build/usbh_pipes.o
 .text.USBH_OpenPipe
                0x0000000008007120       0x20 build/usbh_pipes.o
                0x0000000008007120                USBH_OpenPipe
 .text.USBH_ClosePipe
                0x0000000008007140        0xa build/usbh_pipes.o
                0x0000000008007140                USBH_ClosePipe
 .text.USBH_AllocPipe
                0x000000000800714a       0x22 build/usbh_pipes.o
                0x000000000800714a                USBH_AllocPipe
 .text.USBH_FreePipe
                0x000000000800716c       0x18 build/usbh_pipes.o
                0x000000000800716c                USBH_FreePipe
 .text.Reset_Handler
                0x0000000008007184       0x50 build/startup_stm32f407xx.o
                0x0000000008007184                Reset_Handler
 .text.Default_Handler
                0x00000000080071d4        0x2 build/startup_stm32f407xx.o
                0x00000000080071d4                DMA2_Stream6_IRQHandler
                0x00000000080071d4                HASH_RNG_IRQHandler
                0x00000000080071d4                EXTI2_IRQHandler
                0x00000000080071d4                TIM8_CC_IRQHandler
                0x00000000080071d4                TIM1_CC_IRQHandler
                0x00000000080071d4                DMA2_Stream5_IRQHandler
                0x00000000080071d4                DMA1_Stream5_IRQHandler
                0x00000000080071d4                PVD_IRQHandler
                0x00000000080071d4                SDIO_IRQHandler
                0x00000000080071d4                TAMP_STAMP_IRQHandler
                0x00000000080071d4                CAN2_RX1_IRQHandler
                0x00000000080071d4                EXTI3_IRQHandler
                0x00000000080071d4                TIM8_TRG_COM_TIM14_IRQHandler
                0x00000000080071d4                TIM1_UP_TIM10_IRQHandler
                0x00000000080071d4                TIM8_UP_TIM13_IRQHandler
                0x00000000080071d4                I2C3_ER_IRQHandler
                0x00000000080071d4                EXTI0_IRQHandler
                0x00000000080071d4                I2C2_EV_IRQHandler
                0x00000000080071d4                DMA1_Stream2_IRQHandler
                0x00000000080071d4                CAN1_RX0_IRQHandler
                0x00000000080071d4                FPU_IRQHandler
                0x00000000080071d4                OTG_HS_WKUP_IRQHandler
                0x00000000080071d4                CAN2_SCE_IRQHandler
                0x00000000080071d4                DMA2_Stream2_IRQHandler
                0x00000000080071d4                SPI1_IRQHandler
                0x00000000080071d4                TIM6_DAC_IRQHandler
                0x00000000080071d4                TIM1_BRK_TIM9_IRQHandler
                0x00000000080071d4                DCMI_IRQHandler
                0x00000000080071d4                CAN2_RX0_IRQHandler
                0x00000000080071d4                DMA2_Stream3_IRQHandler
                0x00000000080071d4                USART6_IRQHandler
                0x00000000080071d4                USART3_IRQHandler
                0x00000000080071d4                CAN1_RX1_IRQHandler
                0x00000000080071d4                UART5_IRQHandler
                0x00000000080071d4                DMA2_Stream0_IRQHandler
                0x00000000080071d4                TIM4_IRQHandler
                0x00000000080071d4                I2C1_EV_IRQHandler
                0x00000000080071d4                DMA1_Stream6_IRQHandler
                0x00000000080071d4                DMA1_Stream1_IRQHandler
                0x00000000080071d4                UART4_IRQHandler
                0x00000000080071d4                TIM3_IRQHandler
                0x00000000080071d4                RCC_IRQHandler
                0x00000000080071d4                TIM8_BRK_TIM12_IRQHandler
                0x00000000080071d4                Default_Handler
                0x00000000080071d4                EXTI15_10_IRQHandler
                0x00000000080071d4                ADC_IRQHandler
                0x00000000080071d4                TIM7_IRQHandler
                0x00000000080071d4                CAN2_TX_IRQHandler
                0x00000000080071d4                TIM5_IRQHandler
                0x00000000080071d4                DMA2_Stream7_IRQHandler
                0x00000000080071d4                I2C3_EV_IRQHandler
                0x00000000080071d4                EXTI9_5_IRQHandler
                0x00000000080071d4                RTC_WKUP_IRQHandler
                0x00000000080071d4                ETH_WKUP_IRQHandler
                0x00000000080071d4                SPI2_IRQHandler
                0x00000000080071d4                OTG_HS_EP1_IN_IRQHandler
                0x00000000080071d4                DMA1_Stream0_IRQHandler
                0x00000000080071d4                CAN1_TX_IRQHandler
                0x00000000080071d4                EXTI4_IRQHandler
                0x00000000080071d4                FSMC_IRQHandler
                0x00000000080071d4                ETH_IRQHandler
                0x00000000080071d4                OTG_HS_EP1_OUT_IRQHandler
                0x00000000080071d4                WWDG_IRQHandler
                0x00000000080071d4                TIM2_IRQHandler
                0x00000000080071d4                OTG_FS_WKUP_IRQHandler
                0x00000000080071d4                TIM1_TRG_COM_TIM11_IRQHandler
                0x00000000080071d4                OTG_HS_IRQHandler
                0x00000000080071d4                EXTI1_IRQHandler
                0x00000000080071d4                USART2_IRQHandler
                0x00000000080071d4                I2C2_ER_IRQHandler
                0x00000000080071d4                DMA2_Stream1_IRQHandler
                0x00000000080071d4                CAN1_SCE_IRQHandler
                0x00000000080071d4                FLASH_IRQHandler
                0x00000000080071d4                DMA2_Stream4_IRQHandler
                0x00000000080071d4                USART1_IRQHandler
                0x00000000080071d4                SPI3_IRQHandler
                0x00000000080071d4                DMA1_Stream4_IRQHandler
                0x00000000080071d4                I2C1_ER_IRQHandler
                0x00000000080071d4                RTC_Alarm_IRQHandler
 *fill*         0x00000000080071d6        0x2 
 .text.__libc_init_array
                0x00000000080071d8       0x48 /Users/johannes/Library/Application Support/Code/User/globalStorage/bmd.stm32-for-vscode/@xpack-dev-tools/arm-none-eabi-gcc/11.2.1-1.2.2/.content/bin/../lib/gcc/arm-none-eabi/11.2.1/../../../../arm-none-eabi/lib/thumb/v7e-m+fp/hard/libc_nano.a(lib_a-init.o)
                0x00000000080071d8                __libc_init_array
 .text.malloc   0x0000000008007220       0x10 /Users/johannes/Library/Application Support/Code/User/globalStorage/bmd.stm32-for-vscode/@xpack-dev-tools/arm-none-eabi-gcc/11.2.1-1.2.2/.content/bin/../lib/gcc/arm-none-eabi/11.2.1/../../../../arm-none-eabi/lib/thumb/v7e-m+fp/hard/libc_nano.a(lib_a-malloc.o)
                0x0000000008007220                malloc
 .text.free     0x0000000008007230       0x10 /Users/johannes/Library/Application Support/Code/User/globalStorage/bmd.stm32-for-vscode/@xpack-dev-tools/arm-none-eabi-gcc/11.2.1-1.2.2/.content/bin/../lib/gcc/arm-none-eabi/11.2.1/../../../../arm-none-eabi/lib/thumb/v7e-m+fp/hard/libc_nano.a(lib_a-malloc.o)
                0x0000000008007230                free
 .text.memcpy   0x0000000008007240       0x1c /Users/johannes/Library/Application Support/Code/User/globalStorage/bmd.stm32-for-vscode/@xpack-dev-tools/arm-none-eabi-gcc/11.2.1-1.2.2/.content/bin/../lib/gcc/arm-none-eabi/11.2.1/../../../../arm-none-eabi/lib/thumb/v7e-m+fp/hard/libc_nano.a(lib_a-memcpy-stub.o)
                0x0000000008007240                memcpy
 .text.memset   0x000000000800725c       0x10 /Users/johannes/Library/Application Support/Code/User/globalStorage/bmd.stm32-for-vscode/@xpack-dev-tools/arm-none-eabi-gcc/11.2.1-1.2.2/.content/bin/../lib/gcc/arm-none-eabi/11.2.1/../../../../arm-none-eabi/lib/thumb/v7e-m+fp/hard/libc_nano.a(lib_a-memset.o)
                0x000000000800725c                memset
 .text._free_r  0x000000000800726c       0x98 /Users/johannes/Library/Application Support/Code/User/globalStorage/bmd.stm32-for-vscode/@xpack-dev-tools/arm-none-eabi-gcc/11.2.1-1.2.2/.content/bin/../lib/gcc/arm-none-eabi/11.2.1/../../../../arm-none-eabi/lib/thumb/v7e-m+fp/hard/libc_nano.a(lib_a-nano-freer.o)
                0x000000000800726c                _free_r
 .text.sbrk_aligned
                0x0000000008007304       0x40 /Users/johannes/Library/Application Support/Code/User/globalStorage/bmd.stm32-for-vscode/@xpack-dev-tools/arm-none-eabi-gcc/11.2.1-1.2.2/.content/bin/../lib/gcc/arm-none-eabi/11.2.1/../../../../arm-none-eabi/lib/thumb/v7e-m+fp/hard/libc_nano.a(lib_a-nano-mallocr.o)
 .text._malloc_r
                0x0000000008007344       0xe8 /Users/johannes/Library/Application Support/Code/User/globalStorage/bmd.stm32-for-vscode/@xpack-dev-tools/arm-none-eabi-gcc/11.2.1-1.2.2/.content/bin/../lib/gcc/arm-none-eabi/11.2.1/../../../../arm-none-eabi/lib/thumb/v7e-m+fp/hard/libc_nano.a(lib_a-nano-mallocr.o)
                0x0000000008007344                _malloc_r
 .text._sbrk_r  0x000000000800742c       0x20 /Users/johannes/Library/Application Support/Code/User/globalStorage/bmd.stm32-for-vscode/@xpack-dev-tools/arm-none-eabi-gcc/11.2.1-1.2.2/.content/bin/../lib/gcc/arm-none-eabi/11.2.1/../../../../arm-none-eabi/lib/thumb/v7e-m+fp/hard/libc_nano.a(lib_a-sbrkr.o)
                0x000000000800742c                _sbrk_r
 .text.__malloc_lock
                0x000000000800744c        0x2 /Users/johannes/Library/Application Support/Code/User/globalStorage/bmd.stm32-for-vscode/@xpack-dev-tools/arm-none-eabi-gcc/11.2.1-1.2.2/.content/bin/../lib/gcc/arm-none-eabi/11.2.1/../../../../arm-none-eabi/lib/thumb/v7e-m+fp/hard/libc_nano.a(lib_a-mlock.o)
                0x000000000800744c                __malloc_lock
 .text.__malloc_unlock
                0x000000000800744e        0x2 /Users/johannes/Library/Application Support/Code/User/globalStorage/bmd.stm32-for-vscode/@xpack-dev-tools/arm-none-eabi-gcc/11.2.1-1.2.2/.content/bin/../lib/gcc/arm-none-eabi/11.2.1/../../../../arm-none-eabi/lib/thumb/v7e-m+fp/hard/libc_nano.a(lib_a-mlock.o)
                0x000000000800744e                __malloc_unlock
 .text._sbrk    0x0000000008007450       0x1c /Users/johannes/Library/Application Support/Code/User/globalStorage/bmd.stm32-for-vscode/@xpack-dev-tools/arm-none-eabi-gcc/11.2.1-1.2.2/.content/bin/../lib/gcc/arm-none-eabi/11.2.1/../../../../arm-none-eabi/lib/thumb/v7e-m+fp/hard/libnosys.a(sbrk.o)
                0x0000000008007450                _sbrk
 .text.__udivmoddi4
                0x000000000800746c      0x2c8 /Users/johannes/Library/Application Support/Code/User/globalStorage/bmd.stm32-for-vscode/@xpack-dev-tools/arm-none-eabi-gcc/11.2.1-1.2.2/.content/bin/../lib/gcc/arm-none-eabi/11.2.1/thumb/v7e-m+fp/hard/libgcc.a(_udivmoddi4.o)
                0x000000000800746c                __udivmoddi4
 *(.glue_7)
 .glue_7        0x0000000008007734        0x0 linker stubs
 *(.glue_7t)
 .glue_7t       0x0000000008007734        0x0 linker stubs
 *(.eh_frame)
 .eh_frame      0x0000000008007734        0x0 /Users/johannes/Library/Application Support/Code/User/globalStorage/bmd.stm32-for-vscode/@xpack-dev-tools/arm-none-eabi-gcc/11.2.1-1.2.2/.content/bin/../lib/gcc/arm-none-eabi/11.2.1/thumb/v7e-m+fp/hard/crtbegin.o
 *(.init)
 .init          0x0000000008007734        0x4 /Users/johannes/Library/Application Support/Code/User/globalStorage/bmd.stm32-for-vscode/@xpack-dev-tools/arm-none-eabi-gcc/11.2.1-1.2.2/.content/bin/../lib/gcc/arm-none-eabi/11.2.1/thumb/v7e-m+fp/hard/crti.o
                0x0000000008007734                _init
 .init          0x0000000008007738        0x8 /Users/johannes/Library/Application Support/Code/User/globalStorage/bmd.stm32-for-vscode/@xpack-dev-tools/arm-none-eabi-gcc/11.2.1-1.2.2/.content/bin/../lib/gcc/arm-none-eabi/11.2.1/thumb/v7e-m+fp/hard/crtn.o
 *(.fini)
 .fini          0x0000000008007740        0x4 /Users/johannes/Library/Application Support/Code/User/globalStorage/bmd.stm32-for-vscode/@xpack-dev-tools/arm-none-eabi-gcc/11.2.1-1.2.2/.content/bin/../lib/gcc/arm-none-eabi/11.2.1/thumb/v7e-m+fp/hard/crti.o
                0x0000000008007740                _fini
 .fini          0x0000000008007744        0x8 /Users/johannes/Library/Application Support/Code/User/globalStorage/bmd.stm32-for-vscode/@xpack-dev-tools/arm-none-eabi-gcc/11.2.1-1.2.2/.content/bin/../lib/gcc/arm-none-eabi/11.2.1/thumb/v7e-m+fp/hard/crtn.o
                0x000000000800774c                . = ALIGN (0x4)
                0x000000000800774c                _etext = .

.vfp11_veneer   0x000000000800774c        0x0
 .vfp11_veneer  0x000000000800774c        0x0 linker stubs

.v4_bx          0x000000000800774c        0x0
 .v4_bx         0x000000000800774c        0x0 linker stubs

.iplt           0x000000000800774c        0x0
 .iplt          0x000000000800774c        0x0 /Users/johannes/Library/Application Support/Code/User/globalStorage/bmd.stm32-for-vscode/@xpack-dev-tools/arm-none-eabi-gcc/11.2.1-1.2.2/.content/bin/../lib/gcc/arm-none-eabi/11.2.1/thumb/v7e-m+fp/hard/crtbegin.o

.rodata         0x000000000800774c     0x136c
                0x000000000800774c                . = ALIGN (0x4)
 *(.rodata)
 *(.rodata*)
 .rodata.ProcessMIDI.str1.4
                0x000000000800774c       0x39 build/MIDI_event.o
 *fill*         0x0000000008007785        0x3 
 .rodata._DoInit.str1.4
                0x0000000008007788        0x9 build/SEGGER_RTT.o
 *fill*         0x0000000008007791        0x3 
 .rodata._aInitStr.0
                0x0000000008007794       0x11 build/SEGGER_RTT.o
 *fill*         0x00000000080077a5        0x3 
 .rodata._aV2C.0
                0x00000000080077a8       0x10 build/SEGGER_RTT_printf.o
 .rodata.mtof   0x00000000080077b8      0x200 build/audio.o
                0x00000000080077b8                mtof
 .rodata.ConsoleInit.str1.4
                0x00000000080079b8       0x4b build/console.o
                                         0x4f (size before relaxing)
 *fill*         0x0000000008007a03        0x1 
 .rodata.ConsoleIoSendString.str1.4
                0x0000000008007a04        0x3 build/consoleIo.o
 *fill*         0x0000000008007a07        0x1 
 .rodata.log10_lut
                0x0000000008007a08     0x1004 build/envelope.o
                0x0000000008007a08                log10_lut
 .rodata.main.str1.4
                0x0000000008008a0c       0x23 build/main.o
 *fill*         0x0000000008008a2f        0x1 
 .rodata.AHBPrescTable
                0x0000000008008a30       0x10 build/system_stm32f4xx.o
                0x0000000008008a30                AHBPrescTable
 .rodata.APBPrescTable
                0x0000000008008a40        0x8 build/system_stm32f4xx.o
                0x0000000008008a40                APBPrescTable
 .rodata.str1.4
                0x0000000008008a48        0x5 build/usbh_MIDI.o
 *fill*         0x0000000008008a4d        0x3 
 .rodata.I2SFreq
                0x0000000008008a50       0x20 build/stm32f4_discovery_audio.o
                0x0000000008008a50                I2SFreq
 .rodata.I2SPLLN
                0x0000000008008a70       0x20 build/stm32f4_discovery_audio.o
                0x0000000008008a70                I2SPLLN
 .rodata.I2SPLLR
                0x0000000008008a90       0x20 build/stm32f4_discovery_audio.o
                0x0000000008008a90                I2SPLLR
 .rodata.flagBitshiftOffset.0
                0x0000000008008ab0        0x8 build/stm32f4xx_hal_dma.o
                0x0000000008008ab8                . = ALIGN (0x4)

.ARM.extab
 *(.ARM.extab* .gnu.linkonce.armextab.*)

.ARM            0x0000000008008ab8        0x8
                0x0000000008008ab8                __exidx_start = .
 *(.ARM.exidx*)
 .ARM.exidx.text._sbrk
                0x0000000008008ab8        0x8 /Users/johannes/Library/Application Support/Code/User/globalStorage/bmd.stm32-for-vscode/@xpack-dev-tools/arm-none-eabi-gcc/11.2.1-1.2.2/.content/bin/../lib/gcc/arm-none-eabi/11.2.1/../../../../arm-none-eabi/lib/thumb/v7e-m+fp/hard/libnosys.a(sbrk.o)
 .ARM.exidx.text.__udivmoddi4
                0x0000000008008ac0        0x0 /Users/johannes/Library/Application Support/Code/User/globalStorage/bmd.stm32-for-vscode/@xpack-dev-tools/arm-none-eabi-gcc/11.2.1-1.2.2/.content/bin/../lib/gcc/arm-none-eabi/11.2.1/thumb/v7e-m+fp/hard/libgcc.a(_udivmoddi4.o)
                                          0x8 (size before relaxing)
                0x0000000008008ac0                __exidx_end = .

.rel.dyn        0x0000000008008ac0        0x0
 .rel.iplt      0x0000000008008ac0        0x0 /Users/johannes/Library/Application Support/Code/User/globalStorage/bmd.stm32-for-vscode/@xpack-dev-tools/arm-none-eabi-gcc/11.2.1-1.2.2/.content/bin/../lib/gcc/arm-none-eabi/11.2.1/thumb/v7e-m+fp/hard/crtbegin.o

.preinit_array  0x0000000008008ac0        0x0
                0x0000000008008ac0                PROVIDE (__preinit_array_start = .)
 *(.preinit_array*)
                0x0000000008008ac0                PROVIDE (__preinit_array_end = .)

.init_array     0x0000000008008ac0        0x4
                0x0000000008008ac0                PROVIDE (__init_array_start = .)
 *(SORT_BY_NAME(.init_array.*))
 *(.init_array*)
 .init_array    0x0000000008008ac0        0x4 /Users/johannes/Library/Application Support/Code/User/globalStorage/bmd.stm32-for-vscode/@xpack-dev-tools/arm-none-eabi-gcc/11.2.1-1.2.2/.content/bin/../lib/gcc/arm-none-eabi/11.2.1/thumb/v7e-m+fp/hard/crtbegin.o
                0x0000000008008ac4                PROVIDE (__init_array_end = .)

.fini_array     0x0000000008008ac4        0x4
                0x0000000008008ac4                PROVIDE (__fini_array_start = .)
 *(SORT_BY_NAME(.fini_array.*))
 *(.fini_array*)
 .fini_array    0x0000000008008ac4        0x4 /Users/johannes/Library/Application Support/Code/User/globalStorage/bmd.stm32-for-vscode/@xpack-dev-tools/arm-none-eabi-gcc/11.2.1-1.2.2/.content/bin/../lib/gcc/arm-none-eabi/11.2.1/thumb/v7e-m+fp/hard/crtbegin.o
                0x0000000008008ac8                PROVIDE (__fini_array_end = .)
                0x0000000008008ac8                _sidata = LOADADDR (.data)

.data           0x0000000020000000       0xc8 load address 0x0000000008008ac8
                0x0000000020000000                . = ALIGN (0x4)
                0x0000000020000000                _sdata = .
 *(.data)
 *(.data*)
 .data.SystemCoreClock
                0x0000000020000000        0x4 build/system_stm32f4xx.o
                0x0000000020000000                SystemCoreClock
 .data.MIDI_Class
                0x0000000020000004       0x20 build/usbh_MIDI.o
                0x0000000020000004                MIDI_Class
 .data.Is_cs43l22_Stop
                0x0000000020000024        0x1 build/cs43l22.o
 *fill*         0x0000000020000025        0x3 
 .data.cs43l22_drv
                0x0000000020000028       0x30 build/cs43l22.o
                0x0000000020000028                cs43l22_drv
 .data.I2cxTimeout
                0x0000000020000058        0x4 build/stm32f4_discovery.o
                0x0000000020000058                I2cxTimeout
 .data.uwTickFreq
                0x000000002000005c        0x1 build/stm32f4xx_hal.o
                0x000000002000005c                uwTickFreq
 *fill*         0x000000002000005d        0x3 
 .data.uwTickPrio
                0x0000000020000060        0x4 build/stm32f4xx_hal.o
                0x0000000020000060                uwTickPrio
 .data._impure_ptr
                0x0000000020000064        0x4 /Users/johannes/Library/Application Support/Code/User/globalStorage/bmd.stm32-for-vscode/@xpack-dev-tools/arm-none-eabi-gcc/11.2.1-1.2.2/.content/bin/../lib/gcc/arm-none-eabi/11.2.1/../../../../arm-none-eabi/lib/thumb/v7e-m+fp/hard/libc_nano.a(lib_a-impure.o)
                0x0000000020000064                _impure_ptr
 .data.impure_data
                0x0000000020000068       0x60 /Users/johannes/Library/Application Support/Code/User/globalStorage/bmd.stm32-for-vscode/@xpack-dev-tools/arm-none-eabi-gcc/11.2.1-1.2.2/.content/bin/../lib/gcc/arm-none-eabi/11.2.1/../../../../arm-none-eabi/lib/thumb/v7e-m+fp/hard/libc_nano.a(lib_a-impure.o)
                0x00000000200000c8                . = ALIGN (0x4)
                0x00000000200000c8                _edata = .
                0x0000000008008b90                _siccmram = LOADADDR (.ccmram)

.igot.plt       0x00000000200000c8        0x0 load address 0x0000000008008b90
 .igot.plt      0x00000000200000c8        0x0 /Users/johannes/Library/Application Support/Code/User/globalStorage/bmd.stm32-for-vscode/@xpack-dev-tools/arm-none-eabi-gcc/11.2.1-1.2.2/.content/bin/../lib/gcc/arm-none-eabi/11.2.1/thumb/v7e-m+fp/hard/crtbegin.o

.ccmram         0x0000000010000000        0x0 load address 0x0000000008008b90
                0x0000000010000000                . = ALIGN (0x4)
                0x0000000010000000                _sccmram = .
 *(.ccmram)
 *(.ccmram*)
                0x0000000010000000                . = ALIGN (0x4)
                0x0000000010000000                _eccmram = .
                0x0000000010000000                . = ALIGN (0x4)

.bss            0x00000000200000c8     0x1718
                0x00000000200000c8                _sbss = .
                0x00000000200000c8                __bss_start__ = _sbss
 *(.bss)
 *(.bss*)
 .bss.completed.1
                0x00000000200000c8        0x1 /Users/johannes/Library/Application Support/Code/User/globalStorage/bmd.stm32-for-vscode/@xpack-dev-tools/arm-none-eabi-gcc/11.2.1-1.2.2/.content/bin/../lib/gcc/arm-none-eabi/11.2.1/thumb/v7e-m+fp/hard/crtbegin.o
 *fill*         0x00000000200000c9        0x3 
 .bss.object.0  0x00000000200000cc       0x18 /Users/johannes/Library/Application Support/Code/User/globalStorage/bmd.stm32-for-vscode/@xpack-dev-tools/arm-none-eabi-gcc/11.2.1-1.2.2/.content/bin/../lib/gcc/arm-none-eabi/11.2.1/thumb/v7e-m+fp/hard/crtbegin.o
 .bss.MIDI_RX_Buffer
                0x00000000200000e4       0x40 build/MIDI_application.o
                0x00000000200000e4                MIDI_RX_Buffer
 .bss.Appli_state
                0x0000000020000124        0x1 build/MIDI_event.o
                0x0000000020000124                Appli_state
 .bss.currentPitch
                0x0000000020000125        0x1 build/MIDI_event.o
                0x0000000020000125                currentPitch
 *fill*         0x0000000020000126        0x2 
 .bss.hUSBHost  0x0000000020000128      0x61c build/MIDI_event.o
                0x0000000020000128                hUSBHost
 .bss.notesCount
                0x0000000020000744        0x1 build/MIDI_event.o
                0x0000000020000744                notesCount
 *fill*         0x0000000020000745        0x3 
 .bss.notes_Active
                0x0000000020000748       0x80 build/MIDI_event.o
                0x0000000020000748                notes_Active
 .bss.pitchbend
                0x00000000200007c8        0x2 build/MIDI_event.o
                0x00000000200007c8                pitchbend
 .bss.velocity  0x00000000200007ca        0x1 build/MIDI_event.o
                0x00000000200007ca                velocity
 *fill*         0x00000000200007cb        0x1 
 .bss._SEGGER_RTT
                0x00000000200007cc       0xa8 build/SEGGER_RTT.o
                0x00000000200007cc                _SEGGER_RTT
 .bss._acDownBuffer
                0x0000000020000874       0x10 build/SEGGER_RTT.o
 .bss._acUpBuffer
                0x0000000020000884      0x400 build/SEGGER_RTT.o
 .bss.audioBuffer
                0x0000000020000c84      0x200 build/audio.o
                0x0000000020000c84                audioBuffer
 .bss.env       0x0000000020000e84        0x4 build/audio.o
 .bss.outputBuffer
                0x0000000020000e88      0x200 build/audio.o
                0x0000000020000e88                outputBuffer
 .bss.superSaw_outL
                0x0000000020001088        0x4 build/audio.o
                0x0000000020001088                superSaw_outL
 .bss.superSaw_outR
                0x000000002000108c        0x4 build/audio.o
                0x000000002000108c                superSaw_outR
 .bss.yL        0x0000000020001090        0x4 build/audio.o
 .bss.yR        0x0000000020001094        0x4 build/audio.o
 .bss.mReceiveBuffer
                0x0000000020001098      0x100 build/console.o
                0x0000000020001098                mReceiveBuffer
 .bss.mReceivedSoFar
                0x0000000020001198        0x4 build/console.o
                0x0000000020001198                mReceivedSoFar
 .bss.adsr      0x000000002000119c       0x28 build/envelope.o
                0x000000002000119c                adsr
 .bss.hi2c1     0x00000000200011c4       0x54 build/i2c.o
                0x00000000200011c4                hi2c1
 .bss.hi2s3     0x0000000020001218       0x48 build/i2s.o
                0x0000000020001218                hi2s3
 .bss.osc1      0x0000000020001260       0x1c build/oscillators.o
                0x0000000020001260                osc1
 .bss.osc2      0x000000002000127c       0x1c build/oscillators.o
                0x000000002000127c                osc2
 .bss.osc3      0x0000000020001298       0x1c build/oscillators.o
                0x0000000020001298                osc3
 .bss.osc4      0x00000000200012b4       0x1c build/oscillators.o
                0x00000000200012b4                osc4
 .bss.osc5      0x00000000200012d0       0x1c build/oscillators.o
                0x00000000200012d0                osc5
 .bss.osc6      0x00000000200012ec       0x1c build/oscillators.o
                0x00000000200012ec                osc6
 .bss.osc7      0x0000000020001308       0x1c build/oscillators.o
                0x0000000020001308                osc7
 .bss.hspi1     0x0000000020001324       0x58 build/spi.o
                0x0000000020001324                hspi1
 .bss.hHCD      0x000000002000137c      0x304 build/usbh_conf.o
                0x000000002000137c                hHCD
 .bss.OutputDev
                0x0000000020001680        0x1 build/cs43l22.o
                0x0000000020001680                OutputDev
 *fill*         0x0000000020001681        0x3 
 .bss.I2cHandle
                0x0000000020001684       0x54 build/stm32f4_discovery.o
 .bss.hAudioInI2s
                0x00000000200016d8       0x48 build/stm32f4_discovery_audio.o
                0x00000000200016d8                hAudioInI2s
 .bss.hAudioOutI2s
                0x0000000020001720       0x48 build/stm32f4_discovery_audio.o
                0x0000000020001720                hAudioOutI2s
 .bss.hdma_i2sTx.1
                0x0000000020001768       0x60 build/stm32f4_discovery_audio.o
 .bss.pAudioDrv
                0x00000000200017c8        0x4 build/stm32f4_discovery_audio.o
 .bss.uwTick    0x00000000200017cc        0x4 build/stm32f4xx_hal.o
                0x00000000200017cc                uwTick
 .bss.__malloc_free_list
                0x00000000200017d0        0x4 /Users/johannes/Library/Application Support/Code/User/globalStorage/bmd.stm32-for-vscode/@xpack-dev-tools/arm-none-eabi-gcc/11.2.1-1.2.2/.content/bin/../lib/gcc/arm-none-eabi/11.2.1/../../../../arm-none-eabi/lib/thumb/v7e-m+fp/hard/libc_nano.a(lib_a-nano-mallocr.o)
                0x00000000200017d0                __malloc_free_list
 .bss.__malloc_sbrk_start
                0x00000000200017d4        0x4 /Users/johannes/Library/Application Support/Code/User/globalStorage/bmd.stm32-for-vscode/@xpack-dev-tools/arm-none-eabi-gcc/11.2.1-1.2.2/.content/bin/../lib/gcc/arm-none-eabi/11.2.1/../../../../arm-none-eabi/lib/thumb/v7e-m+fp/hard/libc_nano.a(lib_a-nano-mallocr.o)
                0x00000000200017d4                __malloc_sbrk_start
 .bss.errno     0x00000000200017d8        0x4 /Users/johannes/Library/Application Support/Code/User/globalStorage/bmd.stm32-for-vscode/@xpack-dev-tools/arm-none-eabi-gcc/11.2.1-1.2.2/.content/bin/../lib/gcc/arm-none-eabi/11.2.1/../../../../arm-none-eabi/lib/thumb/v7e-m+fp/hard/libc_nano.a(lib_a-reent.o)
                0x00000000200017d8                errno
 .bss.heap_end.0
                0x00000000200017dc        0x4 /Users/johannes/Library/Application Support/Code/User/globalStorage/bmd.stm32-for-vscode/@xpack-dev-tools/arm-none-eabi-gcc/11.2.1-1.2.2/.content/bin/../lib/gcc/arm-none-eabi/11.2.1/../../../../arm-none-eabi/lib/thumb/v7e-m+fp/hard/libnosys.a(sbrk.o)
 *(COMMON)
                0x00000000200017e0                . = ALIGN (0x4)
                0x00000000200017e0                _ebss = .
                0x00000000200017e0                __bss_end__ = _ebss

._user_heap_stack
                0x00000000200017e0      0x600
                0x00000000200017e0                . = ALIGN (0x8)
                0x00000000200017e0                PROVIDE (end = .)
                [!provide]                        PROVIDE (_end = .)
                0x00000000200019e0                . = (. + _Min_Heap_Size)
 *fill*         0x00000000200017e0      0x200 
                0x0000000020001de0                . = (. + _Min_Stack_Size)
 *fill*         0x00000000200019e0      0x400 
                0x0000000020001de0                . = ALIGN (0x8)

/DISCARD/
 libc.a(*)
 libm.a(*)
 libgcc.a(*)

.ARM.attributes
                0x0000000000000000       0x30
 *(.ARM.attributes)
 .ARM.attributes
                0x0000000000000000       0x1e /Users/johannes/Library/Application Support/Code/User/globalStorage/bmd.stm32-for-vscode/@xpack-dev-tools/arm-none-eabi-gcc/11.2.1-1.2.2/.content/bin/../lib/gcc/arm-none-eabi/11.2.1/thumb/v7e-m+fp/hard/crti.o
 .ARM.attributes
                0x000000000000001e       0x34 /Users/johannes/Library/Application Support/Code/User/globalStorage/bmd.stm32-for-vscode/@xpack-dev-tools/arm-none-eabi-gcc/11.2.1-1.2.2/.content/bin/../lib/gcc/arm-none-eabi/11.2.1/thumb/v7e-m+fp/hard/crtbegin.o
 .ARM.attributes
                0x0000000000000052       0x34 build/MIDI_application.o
 .ARM.attributes
                0x0000000000000086       0x34 build/MIDI_event.o
 .ARM.attributes
                0x00000000000000ba       0x34 build/SEGGER_RTT.o
 .ARM.attributes
                0x00000000000000ee       0x34 build/SEGGER_RTT_printf.o
 .ARM.attributes
                0x0000000000000122       0x34 build/audio.o
 .ARM.attributes
                0x0000000000000156       0x34 build/console.o
 .ARM.attributes
                0x000000000000018a       0x34 build/consoleIo.o
 .ARM.attributes
                0x00000000000001be       0x34 build/envelope.o
 .ARM.attributes
                0x00000000000001f2       0x34 build/gpio.o
 .ARM.attributes
                0x0000000000000226       0x34 build/helper_functions.o
 .ARM.attributes
                0x000000000000025a       0x34 build/i2c.o
 .ARM.attributes
                0x000000000000028e       0x34 build/i2s.o
 .ARM.attributes
                0x00000000000002c2       0x34 build/main.o
 .ARM.attributes
                0x00000000000002f6       0x34 build/oscillators.o
 .ARM.attributes
                0x000000000000032a       0x34 build/spi.o
 .ARM.attributes
                0x000000000000035e       0x34 build/stm32f4xx_hal_msp.o
 .ARM.attributes
                0x0000000000000392       0x34 build/stm32f4xx_it.o
 .ARM.attributes
                0x00000000000003c6       0x34 build/system_stm32f4xx.o
 .ARM.attributes
                0x00000000000003fa       0x34 build/usbh_MIDI.o
 .ARM.attributes
                0x000000000000042e       0x34 build/usbh_conf.o
 .ARM.attributes
                0x0000000000000462       0x34 build/cs43l22.o
 .ARM.attributes
                0x0000000000000496       0x34 build/stm32f4_discovery.o
 .ARM.attributes
                0x00000000000004ca       0x34 build/stm32f4_discovery_audio.o
 .ARM.attributes
                0x00000000000004fe       0x34 build/stm32f4xx_hal.o
 .ARM.attributes
                0x0000000000000532       0x34 build/stm32f4xx_hal_cortex.o
 .ARM.attributes
                0x0000000000000566       0x34 build/stm32f4xx_hal_dma.o
 .ARM.attributes
                0x000000000000059a       0x34 build/stm32f4xx_hal_gpio.o
 .ARM.attributes
                0x00000000000005ce       0x34 build/stm32f4xx_hal_hcd.o
 .ARM.attributes
                0x0000000000000602       0x34 build/stm32f4xx_hal_i2c.o
 .ARM.attributes
                0x0000000000000636       0x34 build/stm32f4xx_hal_i2s.o
 .ARM.attributes
                0x000000000000066a       0x34 build/stm32f4xx_hal_i2s_ex.o
 .ARM.attributes
                0x000000000000069e       0x34 build/stm32f4xx_hal_rcc.o
 .ARM.attributes
                0x00000000000006d2       0x34 build/stm32f4xx_hal_rcc_ex.o
 .ARM.attributes
                0x0000000000000706       0x34 build/stm32f4xx_hal_spi.o
 .ARM.attributes
                0x000000000000073a       0x34 build/stm32f4xx_ll_usb.o
 .ARM.attributes
                0x000000000000076e       0x34 build/usbh_core.o
 .ARM.attributes
                0x00000000000007a2       0x34 build/usbh_ctlreq.o
 .ARM.attributes
                0x00000000000007d6       0x34 build/usbh_ioreq.o
 .ARM.attributes
                0x000000000000080a       0x34 build/usbh_pipes.o
 .ARM.attributes
                0x000000000000083e       0x21 build/startup_stm32f407xx.o
 .ARM.attributes
                0x000000000000085f       0x34 /Users/johannes/Library/Application Support/Code/User/globalStorage/bmd.stm32-for-vscode/@xpack-dev-tools/arm-none-eabi-gcc/11.2.1-1.2.2/.content/bin/../lib/gcc/arm-none-eabi/11.2.1/../../../../arm-none-eabi/lib/thumb/v7e-m+fp/hard/libc_nano.a(lib_a-impure.o)
 .ARM.attributes
                0x0000000000000893       0x34 /Users/johannes/Library/Application Support/Code/User/globalStorage/bmd.stm32-for-vscode/@xpack-dev-tools/arm-none-eabi-gcc/11.2.1-1.2.2/.content/bin/../lib/gcc/arm-none-eabi/11.2.1/../../../../arm-none-eabi/lib/thumb/v7e-m+fp/hard/libc_nano.a(lib_a-init.o)
 .ARM.attributes
                0x00000000000008c7       0x34 /Users/johannes/Library/Application Support/Code/User/globalStorage/bmd.stm32-for-vscode/@xpack-dev-tools/arm-none-eabi-gcc/11.2.1-1.2.2/.content/bin/../lib/gcc/arm-none-eabi/11.2.1/../../../../arm-none-eabi/lib/thumb/v7e-m+fp/hard/libc_nano.a(lib_a-malloc.o)
 .ARM.attributes
                0x00000000000008fb       0x34 /Users/johannes/Library/Application Support/Code/User/globalStorage/bmd.stm32-for-vscode/@xpack-dev-tools/arm-none-eabi-gcc/11.2.1-1.2.2/.content/bin/../lib/gcc/arm-none-eabi/11.2.1/../../../../arm-none-eabi/lib/thumb/v7e-m+fp/hard/libc_nano.a(lib_a-memcpy-stub.o)
 .ARM.attributes
                0x000000000000092f       0x34 /Users/johannes/Library/Application Support/Code/User/globalStorage/bmd.stm32-for-vscode/@xpack-dev-tools/arm-none-eabi-gcc/11.2.1-1.2.2/.content/bin/../lib/gcc/arm-none-eabi/11.2.1/../../../../arm-none-eabi/lib/thumb/v7e-m+fp/hard/libc_nano.a(lib_a-memset.o)
 .ARM.attributes
                0x0000000000000963       0x34 /Users/johannes/Library/Application Support/Code/User/globalStorage/bmd.stm32-for-vscode/@xpack-dev-tools/arm-none-eabi-gcc/11.2.1-1.2.2/.content/bin/../lib/gcc/arm-none-eabi/11.2.1/../../../../arm-none-eabi/lib/thumb/v7e-m+fp/hard/libc_nano.a(lib_a-nano-freer.o)
 .ARM.attributes
                0x0000000000000997       0x34 /Users/johannes/Library/Application Support/Code/User/globalStorage/bmd.stm32-for-vscode/@xpack-dev-tools/arm-none-eabi-gcc/11.2.1-1.2.2/.content/bin/../lib/gcc/arm-none-eabi/11.2.1/../../../../arm-none-eabi/lib/thumb/v7e-m+fp/hard/libc_nano.a(lib_a-nano-mallocr.o)
 .ARM.attributes
                0x00000000000009cb       0x34 /Users/johannes/Library/Application Support/Code/User/globalStorage/bmd.stm32-for-vscode/@xpack-dev-tools/arm-none-eabi-gcc/11.2.1-1.2.2/.content/bin/../lib/gcc/arm-none-eabi/11.2.1/../../../../arm-none-eabi/lib/thumb/v7e-m+fp/hard/libc_nano.a(lib_a-sbrkr.o)
 .ARM.attributes
                0x00000000000009ff       0x17 /Users/johannes/Library/Application Support/Code/User/globalStorage/bmd.stm32-for-vscode/@xpack-dev-tools/arm-none-eabi-gcc/11.2.1-1.2.2/.content/bin/../lib/gcc/arm-none-eabi/11.2.1/../../../../arm-none-eabi/lib/thumb/v7e-m+fp/hard/libc_nano.a(lib_a-strlen.o)
 .ARM.attributes
                0x0000000000000a16       0x34 /Users/johannes/Library/Application Support/Code/User/globalStorage/bmd.stm32-for-vscode/@xpack-dev-tools/arm-none-eabi-gcc/11.2.1-1.2.2/.content/bin/../lib/gcc/arm-none-eabi/11.2.1/../../../../arm-none-eabi/lib/thumb/v7e-m+fp/hard/libc_nano.a(lib_a-mlock.o)
 .ARM.attributes
                0x0000000000000a4a       0x34 /Users/johannes/Library/Application Support/Code/User/globalStorage/bmd.stm32-for-vscode/@xpack-dev-tools/arm-none-eabi-gcc/11.2.1-1.2.2/.content/bin/../lib/gcc/arm-none-eabi/11.2.1/../../../../arm-none-eabi/lib/thumb/v7e-m+fp/hard/libc_nano.a(lib_a-reent.o)
 .ARM.attributes
                0x0000000000000a7e       0x34 /Users/johannes/Library/Application Support/Code/User/globalStorage/bmd.stm32-for-vscode/@xpack-dev-tools/arm-none-eabi-gcc/11.2.1-1.2.2/.content/bin/../lib/gcc/arm-none-eabi/11.2.1/../../../../arm-none-eabi/lib/thumb/v7e-m+fp/hard/libnosys.a(sbrk.o)
 .ARM.attributes
                0x0000000000000ab2       0x1e /Users/johannes/Library/Application Support/Code/User/globalStorage/bmd.stm32-for-vscode/@xpack-dev-tools/arm-none-eabi-gcc/11.2.1-1.2.2/.content/bin/../lib/gcc/arm-none-eabi/11.2.1/thumb/v7e-m+fp/hard/libgcc.a(_arm_muldf3.o)
 .ARM.attributes
                0x0000000000000ad0       0x1e /Users/johannes/Library/Application Support/Code/User/globalStorage/bmd.stm32-for-vscode/@xpack-dev-tools/arm-none-eabi-gcc/11.2.1-1.2.2/.content/bin/../lib/gcc/arm-none-eabi/11.2.1/thumb/v7e-m+fp/hard/libgcc.a(_arm_addsubdf3.o)
 .ARM.attributes
                0x0000000000000aee       0x1e /Users/johannes/Library/Application Support/Code/User/globalStorage/bmd.stm32-for-vscode/@xpack-dev-tools/arm-none-eabi-gcc/11.2.1-1.2.2/.content/bin/../lib/gcc/arm-none-eabi/11.2.1/thumb/v7e-m+fp/hard/libgcc.a(_arm_cmpdf2.o)
 .ARM.attributes
                0x0000000000000b0c       0x1e /Users/johannes/Library/Application Support/Code/User/globalStorage/bmd.stm32-for-vscode/@xpack-dev-tools/arm-none-eabi-gcc/11.2.1-1.2.2/.content/bin/../lib/gcc/arm-none-eabi/11.2.1/thumb/v7e-m+fp/hard/libgcc.a(_arm_truncdfsf2.o)
 .ARM.attributes
                0x0000000000000b2a       0x1e /Users/johannes/Library/Application Support/Code/User/globalStorage/bmd.stm32-for-vscode/@xpack-dev-tools/arm-none-eabi-gcc/11.2.1-1.2.2/.content/bin/../lib/gcc/arm-none-eabi/11.2.1/thumb/v7e-m+fp/hard/libgcc.a(_aeabi_uldivmod.o)
 .ARM.attributes
                0x0000000000000b48       0x34 /Users/johannes/Library/Application Support/Code/User/globalStorage/bmd.stm32-for-vscode/@xpack-dev-tools/arm-none-eabi-gcc/11.2.1-1.2.2/.content/bin/../lib/gcc/arm-none-eabi/11.2.1/thumb/v7e-m+fp/hard/libgcc.a(_udivmoddi4.o)
 .ARM.attributes
                0x0000000000000b7c       0x1e /Users/johannes/Library/Application Support/Code/User/globalStorage/bmd.stm32-for-vscode/@xpack-dev-tools/arm-none-eabi-gcc/11.2.1-1.2.2/.content/bin/../lib/gcc/arm-none-eabi/11.2.1/thumb/v7e-m+fp/hard/libgcc.a(_dvmd_tls.o)
 .ARM.attributes
                0x0000000000000b9a       0x1e /Users/johannes/Library/Application Support/Code/User/globalStorage/bmd.stm32-for-vscode/@xpack-dev-tools/arm-none-eabi-gcc/11.2.1-1.2.2/.content/bin/../lib/gcc/arm-none-eabi/11.2.1/thumb/v7e-m+fp/hard/crtn.o
OUTPUT(build/stm32f407g_MES_Minisynth.elf elf32-littlearm)
LOAD linker stubs
LOAD /Users/johannes/Library/Application Support/Code/User/globalStorage/bmd.stm32-for-vscode/@xpack-dev-tools/arm-none-eabi-gcc/11.2.1-1.2.2/.content/bin/../lib/gcc/arm-none-eabi/11.2.1/../../../../arm-none-eabi/lib/thumb/v7e-m+fp/hard/libc.a
LOAD /Users/johannes/Library/Application Support/Code/User/globalStorage/bmd.stm32-for-vscode/@xpack-dev-tools/arm-none-eabi-gcc/11.2.1-1.2.2/.content/bin/../lib/gcc/arm-none-eabi/11.2.1/../../../../arm-none-eabi/lib/thumb/v7e-m+fp/hard/libm.a
LOAD /Users/johannes/Library/Application Support/Code/User/globalStorage/bmd.stm32-for-vscode/@xpack-dev-tools/arm-none-eabi-gcc/11.2.1-1.2.2/.content/bin/../lib/gcc/arm-none-eabi/11.2.1/thumb/v7e-m+fp/hard/libgcc.a

.comment        0x0000000000000000       0x39
 .comment       0x0000000000000000       0x39 /Users/johannes/Library/Application Support/Code/User/globalStorage/bmd.stm32-for-vscode/@xpack-dev-tools/arm-none-eabi-gcc/11.2.1-1.2.2/.content/bin/../lib/gcc/arm-none-eabi/11.2.1/thumb/v7e-m+fp/hard/crtbegin.o
                                         0x3a (size before relaxing)
 .comment       0x0000000000000039       0x3a build/MIDI_application.o
 .comment       0x0000000000000039       0x3a build/MIDI_event.o
 .comment       0x0000000000000039       0x3a build/SEGGER_RTT.o
 .comment       0x0000000000000039       0x3a build/SEGGER_RTT_printf.o
 .comment       0x0000000000000039       0x3a build/audio.o
 .comment       0x0000000000000039       0x3a build/console.o
 .comment       0x0000000000000039       0x3a build/consoleIo.o
 .comment       0x0000000000000039       0x3a build/envelope.o
 .comment       0x0000000000000039       0x3a build/gpio.o
 .comment       0x0000000000000039       0x3a build/helper_functions.o
 .comment       0x0000000000000039       0x3a build/i2c.o
 .comment       0x0000000000000039       0x3a build/i2s.o
 .comment       0x0000000000000039       0x3a build/main.o
 .comment       0x0000000000000039       0x3a build/oscillators.o
 .comment       0x0000000000000039       0x3a build/spi.o
 .comment       0x0000000000000039       0x3a build/stm32f4xx_hal_msp.o
 .comment       0x0000000000000039       0x3a build/stm32f4xx_it.o
 .comment       0x0000000000000039       0x3a build/system_stm32f4xx.o
 .comment       0x0000000000000039       0x3a build/usbh_MIDI.o
 .comment       0x0000000000000039       0x3a build/usbh_conf.o
 .comment       0x0000000000000039       0x3a build/cs43l22.o
 .comment       0x0000000000000039       0x3a build/stm32f4_discovery.o
 .comment       0x0000000000000039       0x3a build/stm32f4_discovery_audio.o
 .comment       0x0000000000000039       0x3a build/stm32f4xx_hal.o
 .comment       0x0000000000000039       0x3a build/stm32f4xx_hal_cortex.o
 .comment       0x0000000000000039       0x3a build/stm32f4xx_hal_dma.o
 .comment       0x0000000000000039       0x3a build/stm32f4xx_hal_gpio.o
 .comment       0x0000000000000039       0x3a build/stm32f4xx_hal_hcd.o
 .comment       0x0000000000000039       0x3a build/stm32f4xx_hal_i2c.o
 .comment       0x0000000000000039       0x3a build/stm32f4xx_hal_i2s.o
 .comment       0x0000000000000039       0x3a build/stm32f4xx_hal_i2s_ex.o
 .comment       0x0000000000000039       0x3a build/stm32f4xx_hal_rcc.o
 .comment       0x0000000000000039       0x3a build/stm32f4xx_hal_rcc_ex.o
 .comment       0x0000000000000039       0x3a build/stm32f4xx_hal_spi.o
 .comment       0x0000000000000039       0x3a build/stm32f4xx_ll_usb.o
 .comment       0x0000000000000039       0x3a build/usbh_core.o
 .comment       0x0000000000000039       0x3a build/usbh_ctlreq.o
 .comment       0x0000000000000039       0x3a build/usbh_ioreq.o
 .comment       0x0000000000000039       0x3a build/usbh_pipes.o
 .comment       0x0000000000000039       0x3a /Users/johannes/Library/Application Support/Code/User/globalStorage/bmd.stm32-for-vscode/@xpack-dev-tools/arm-none-eabi-gcc/11.2.1-1.2.2/.content/bin/../lib/gcc/arm-none-eabi/11.2.1/../../../../arm-none-eabi/lib/thumb/v7e-m+fp/hard/libc_nano.a(lib_a-impure.o)
 .comment       0x0000000000000039       0x3a /Users/johannes/Library/Application Support/Code/User/globalStorage/bmd.stm32-for-vscode/@xpack-dev-tools/arm-none-eabi-gcc/11.2.1-1.2.2/.content/bin/../lib/gcc/arm-none-eabi/11.2.1/../../../../arm-none-eabi/lib/thumb/v7e-m+fp/hard/libc_nano.a(lib_a-init.o)
 .comment       0x0000000000000039       0x3a /Users/johannes/Library/Application Support/Code/User/globalStorage/bmd.stm32-for-vscode/@xpack-dev-tools/arm-none-eabi-gcc/11.2.1-1.2.2/.content/bin/../lib/gcc/arm-none-eabi/11.2.1/../../../../arm-none-eabi/lib/thumb/v7e-m+fp/hard/libc_nano.a(lib_a-malloc.o)
 .comment       0x0000000000000039       0x3a /Users/johannes/Library/Application Support/Code/User/globalStorage/bmd.stm32-for-vscode/@xpack-dev-tools/arm-none-eabi-gcc/11.2.1-1.2.2/.content/bin/../lib/gcc/arm-none-eabi/11.2.1/../../../../arm-none-eabi/lib/thumb/v7e-m+fp/hard/libc_nano.a(lib_a-memcpy-stub.o)
 .comment       0x0000000000000039       0x3a /Users/johannes/Library/Application Support/Code/User/globalStorage/bmd.stm32-for-vscode/@xpack-dev-tools/arm-none-eabi-gcc/11.2.1-1.2.2/.content/bin/../lib/gcc/arm-none-eabi/11.2.1/../../../../arm-none-eabi/lib/thumb/v7e-m+fp/hard/libc_nano.a(lib_a-memset.o)