Archive member included to satisfy reference by file (symbol)

/Users/johannes/Library/Application Support/Code/User/globalStorage/bmd.stm32-for-vscode/@xpack-dev-tools/arm-none-eabi-gcc/11.2.1-1.2.2/.content/bin/../lib/gcc/arm-none-eabi/11.2.1/../../../../arm-none-eabi/lib/thumb/v7e-m+fp/hard/libc_nano.a(lib_a-atexit.o)
                              /Users/johannes/Library/Application Support/Code/User/globalStorage/bmd.stm32-for-vscode/@xpack-dev-tools/arm-none-eabi-gcc/11.2.1-1.2.2/.content/bin/../lib/gcc/arm-none-eabi/11.2.1/../../../../arm-none-eabi/lib/thumb/v7e-m+fp/hard/crt0.o (atexit)
/Users/johannes/Library/Application Support/Code/User/globalStorage/bmd.stm32-for-vscode/@xpack-dev-tools/arm-none-eabi-gcc/11.2.1-1.2.2/.content/bin/../lib/gcc/arm-none-eabi/11.2.1/../../../../arm-none-eabi/lib/thumb/v7e-m+fp/hard/libc_nano.a(lib_a-atoi.o)
                              build/console.o (atoi)
/Users/johannes/Library/Application Support/Code/User/globalStorage/bmd.stm32-for-vscode/@xpack-dev-tools/arm-none-eabi-gcc/11.2.1-1.2.2/.content/bin/../lib/gcc/arm-none-eabi/11.2.1/../../../../arm-none-eabi/lib/thumb/v7e-m+fp/hard/libc_nano.a(lib_a-exit.o)
                              /Users/johannes/Library/Application Support/Code/User/globalStorage/bmd.stm32-for-vscode/@xpack-dev-tools/arm-none-eabi-gcc/11.2.1-1.2.2/.content/bin/../lib/gcc/arm-none-eabi/11.2.1/../../../../arm-none-eabi/lib/thumb/v7e-m+fp/hard/crt0.o (exit)
/Users/johannes/Library/Application Support/Code/User/globalStorage/bmd.stm32-for-vscode/@xpack-dev-tools/arm-none-eabi-gcc/11.2.1-1.2.2/.content/bin/../lib/gcc/arm-none-eabi/11.2.1/../../../../arm-none-eabi/lib/thumb/v7e-m+fp/hard/libc_nano.a(lib_a-fini.o)
                              /Users/johannes/Library/Application Support/Code/User/globalStorage/bmd.stm32-for-vscode/@xpack-dev-tools/arm-none-eabi-gcc/11.2.1-1.2.2/.content/bin/../lib/gcc/arm-none-eabi/11.2.1/../../../../arm-none-eabi/lib/thumb/v7e-m+fp/hard/crt0.o (__libc_fini_array)
/Users/johannes/Library/Application Support/Code/User/globalStorage/bmd.stm32-for-vscode/@xpack-dev-tools/arm-none-eabi-gcc/11.2.1-1.2.2/.content/bin/../lib/gcc/arm-none-eabi/11.2.1/../../../../arm-none-eabi/lib/thumb/v7e-m+fp/hard/libc_nano.a(lib_a-impure.o)
                              /Users/johannes/Library/Application Support/Code/User/globalStorage/bmd.stm32-for-vscode/@xpack-dev-tools/arm-none-eabi-gcc/11.2.1-1.2.2/.content/bin/../lib/gcc/arm-none-eabi/11.2.1/../../../../arm-none-eabi/lib/thumb/v7e-m+fp/hard/libc_nano.a(lib_a-exit.o) (_global_impure_ptr)
/Users/johannes/Library/Application Support/Code/User/globalStorage/bmd.stm32-for-vscode/@xpack-dev-tools/arm-none-eabi-gcc/11.2.1-1.2.2/.content/bin/../lib/gcc/arm-none-eabi/11.2.1/../../../../arm-none-eabi/lib/thumb/v7e-m+fp/hard/libc_nano.a(lib_a-init.o)
                              /Users/johannes/Library/Application Support/Code/User/globalStorage/bmd.stm32-for-vscode/@xpack-dev-tools/arm-none-eabi-gcc/11.2.1-1.2.2/.content/bin/../lib/gcc/arm-none-eabi/11.2.1/../../../../arm-none-eabi/lib/thumb/v7e-m+fp/hard/crt0.o (__libc_init_array)
/Users/johannes/Library/Application Support/Code/User/globalStorage/bmd.stm32-for-vscode/@xpack-dev-tools/arm-none-eabi-gcc/11.2.1-1.2.2/.content/bin/../lib/gcc/arm-none-eabi/11.2.1/../../../../arm-none-eabi/lib/thumb/v7e-m+fp/hard/libc_nano.a(lib_a-malloc.o)
                              build/usbh_MIDI.o (malloc)
/Users/johannes/Library/Application Support/Code/User/globalStorage/bmd.stm32-for-vscode/@xpack-dev-tools/arm-none-eabi-gcc/11.2.1-1.2.2/.content/bin/../lib/gcc/arm-none-eabi/11.2.1/../../../../arm-none-eabi/lib/thumb/v7e-m+fp/hard/libc_nano.a(lib_a-memcpy-stub.o)
                              build/SEGGER_RTT.o (memcpy)
/Users/johannes/Library/Application Support/Code/User/globalStorage/bmd.stm32-for-vscode/@xpack-dev-tools/arm-none-eabi-gcc/11.2.1-1.2.2/.content/bin/../lib/gcc/arm-none-eabi/11.2.1/../../../../arm-none-eabi/lib/thumb/v7e-m+fp/hard/libc_nano.a(lib_a-memset.o)
                              /Users/johannes/Library/Application Support/Code/User/globalStorage/bmd.stm32-for-vscode/@xpack-dev-tools/arm-none-eabi-gcc/11.2.1-1.2.2/.content/bin/../lib/gcc/arm-none-eabi/11.2.1/../../../../arm-none-eabi/lib/thumb/v7e-m+fp/hard/crt0.o (memset)
/Users/johannes/Library/Application Support/Code/User/globalStorage/bmd.stm32-for-vscode/@xpack-dev-tools/arm-none-eabi-gcc/11.2.1-1.2.2/.content/bin/../lib/gcc/arm-none-eabi/11.2.1/../../../../arm-none-eabi/lib/thumb/v7e-m+fp/hard/libc_nano.a(lib_a-nano-freer.o)
                              /Users/johannes/Library/Application Support/Code/User/globalStorage/bmd.stm32-for-vscode/@xpack-dev-tools/arm-none-eabi-gcc/11.2.1-1.2.2/.content/bin/../lib/gcc/arm-none-eabi/11.2.1/../../../../arm-none-eabi/lib/thumb/v7e-m+fp/hard/libc_nano.a(lib_a-malloc.o) (_free_r)
[...]
Memory Configuration

Name             Origin             Length             Attributes
RAM              0x0000000020000000 0x0000000000020000 xrw
CCMRAM           0x0000000010000000 0x0000000000010000 xrw
FLASH            0x0000000008000000 0x0000000000100000 xr
*default*        0x0000000000000000 0xffffffffffffffff

Linker script and memory map

LOAD /Users/johannes/Library/Application Support/Code/User/globalStorage/bmd.stm32-for-vscode/@xpack-dev-tools/arm-none-eabi-gcc/11.2.1-1.2.2/.content/bin/../lib/gcc/arm-none-eabi/11.2.1/thumb/v7e-m+fp/hard/crti.o
LOAD /Users/johannes/Library/Application Support/Code/User/globalStorage/bmd.stm32-for-vscode/@xpack-dev-tools/arm-none-eabi-gcc/11.2.1-1.2.2/.content/bin/../lib/gcc/arm-none-eabi/11.2.1/thumb/v7e-m+fp/hard/crtbegin.o
LOAD /Users/johannes/Library/Application Support/Code/User/globalStorage/bmd.stm32-for-vscode/@xpack-dev-tools/arm-none-eabi-gcc/11.2.1-1.2.2/.content/bin/../lib/gcc/arm-none-eabi/11.2.1/../../../../arm-none-eabi/lib/thumb/v7e-m+fp/hard/crt0.o
LOAD build/ADSR_envelope.o
LOAD build/MIDI_application.o
LOAD build/MIDI_event.o
LOAD build/SEGGER_RTT.o
LOAD build/SEGGER_RTT_printf.o
LOAD build/audio.o
LOAD build/bitcrusher.o
LOAD build/console.o
LOAD build/consoleCommands.o
LOAD build/consoleIo.o
LOAD build/filters.o
LOAD build/gpio.o
LOAD build/helper_functions.o
LOAD build/i2c.o
LOAD build/i2s.o
LOAD build/ladder_filter.o
LOAD build/lut_tan.o
LOAD build/main.o
LOAD build/oscillators.o
LOAD build/spi.o
LOAD build/stereo_delay.o
LOAD build/stm32f4xx_hal_msp.o
LOAD build/stm32f4xx_it.o
LOAD build/system_stm32f4xx.o
LOAD build/usbh_MIDI.o
LOAD build/usbh_conf.o
LOAD build/cs43l22.o
LOAD build/lis302dl.o
LOAD build/lis3dsh.o
LOAD build/stm32f4_discovery.o
LOAD build/stm32f4_discovery_accelerometer.o
LOAD build/stm32f4_discovery_audio.o
LOAD build/stm32f4xx_hal.o
LOAD build/stm32f4xx_hal_cortex.o
LOAD build/stm32f4xx_hal_dma.o
LOAD build/stm32f4xx_hal_dma_ex.o
LOAD build/stm32f4xx_hal_exti.o
LOAD build/stm32f4xx_hal_flash.o
LOAD build/stm32f4xx_hal_flash_ex.o
LOAD build/stm32f4xx_hal_flash_ramfunc.o
LOAD build/stm32f4xx_hal_gpio.o
LOAD build/stm32f4xx_hal_hcd.o
LOAD build/stm32f4xx_hal_i2c.o
LOAD build/stm32f4xx_hal_i2c_ex.o
LOAD build/stm32f4xx_hal_i2s.o
LOAD build/stm32f4xx_hal_i2s_ex.o
LOAD build/stm32f4xx_hal_pwr.o
LOAD build/stm32f4xx_hal_pwr_ex.o
LOAD build/stm32f4xx_hal_rcc.o
LOAD build/stm32f4xx_hal_rcc_ex.o
LOAD build/stm32f4xx_hal_spi.o
LOAD build/stm32f4xx_hal_tim.o
LOAD build/stm32f4xx_hal_tim_ex.o
LOAD build/stm32f4xx_ll_usb.o
LOAD build/usbh_cdc.o
LOAD build/usbh_core.o
LOAD build/usbh_ctlreq.o
LOAD build/usbh_ioreq.o
LOAD build/usbh_pipes.o
LOAD build/startup_stm32f407xx.o
LOAD /Users/johannes/Library/Application Support/Code/User/globalStorage/bmd.stm32-for-vscode/@xpack-dev-tools/arm-none-eabi-gcc/11.2.1-1.2.2/.content/bin/../lib/gcc/arm-none-eabi/11.2.1/../../../../arm-none-eabi/lib/thumb/v7e-m+fp/hard/libc_nano.a
LOAD /Users/johannes/Library/Application Support/Code/User/globalStorage/bmd.stm32-for-vscode/@xpack-dev-tools/arm-none-eabi-gcc/11.2.1-1.2.2/.content/bin/../lib/gcc/arm-none-eabi/11.2.1/../../../../arm-none-eabi/lib/thumb/v7e-m+fp/hard/libm.a
LOAD /Users/johannes/Library/Application Support/Code/User/globalStorage/bmd.stm32-for-vscode/@xpack-dev-tools/arm-none-eabi-gcc/11.2.1-1.2.2/.content/bin/../lib/gcc/arm-none-eabi/11.2.1/../../../../arm-none-eabi/lib/thumb/v7e-m+fp/hard/libnosys.a
START GROUP
LOAD /Users/johannes/Library/Application Support/Code/User/globalStorage/bmd.stm32-for-vscode/@xpack-dev-tools/arm-none-eabi-gcc/11.2.1-1.2.2/.content/bin/../lib/gcc/arm-none-eabi/11.2.1/thumb/v7e-m+fp/hard/libgcc.a
LOAD /Users/johannes/Library/Application Support/Code/User/globalStorage/bmd.stm32-for-vscode/@xpack-dev-tools/arm-none-eabi-gcc/11.2.1-1.2.2/.content/bin/../lib/gcc/arm-none-eabi/11.2.1/../../../../arm-none-eabi/lib/thumb/v7e-m+fp/hard/libc_nano.a
END GROUP
START GROUP
LOAD /Users/johannes/Library/Application Support/Code/User/globalStorage/bmd.stm32-for-vscode/@xpack-dev-tools/arm-none-eabi-gcc/11.2.1-1.2.2/.content/bin/../lib/gcc/arm-none-eabi/11.2.1/thumb/v7e-m+fp/hard/libgcc.a
LOAD /Users/johannes/Library/Application Support/Code/User/globalStorage/bmd.stm32-for-vscode/@xpack-dev-tools/arm-none-eabi-gcc/11.2.1-1.2.2/.content/bin/../lib/gcc/arm-none-eabi/11.2.1/../../../../arm-none-eabi/lib/thumb/v7e-m+fp/hard/libc_nano.a
END GROUP
LOAD /Users/johannes/Library/Application Support/Code/User/globalStorage/bmd.stm32-for-vscode/@xpack-dev-tools/arm-none-eabi-gcc/11.2.1-1.2.2/.content/bin/../lib/gcc/arm-none-eabi/11.2.1/thumb/v7e-m+fp/hard/crtend.o
LOAD /Users/johannes/Library/Application Support/Code/User/globalStorage/bmd.stm32-for-vscode/@xpack-dev-tools/arm-none-eabi-gcc/11.2.1-1.2.2/.content/bin/../lib/gcc/arm-none-eabi/11.2.1/thumb/v7e-m+fp/hard/crtn.o
                0x0000000020020000                _estack = (ORIGIN (RAM) + LENGTH (RAM))
                0x0000000000000200                _Min_Heap_Size = 0x200
                0x0000000000000400                _Min_Stack_Size = 0x400

.isr_vector     0x0000000008000000      0x188
                0x0000000008000000                . = ALIGN (0x4)
 *(.isr_vector)
 .isr_vector    0x0000000008000000      0x188 build/startup_stm32f407xx.o
                0x0000000008000000                g_pfnVectors
                0x0000000008000188                . = ALIGN (0x4)

.text           0x0000000008000188     0x80a8
                0x0000000008000188                . = ALIGN (0x4)
 *(.text)
 .text          0x0000000008000188       0x10 /Users/johannes/Library/Application Support/Code/User/globalStorage/bmd.stm32-for-vscode/@xpack-dev-tools/arm-none-eabi-gcc/11.2.1-1.2.2/.content/bin/../lib/gcc/arm-none-eabi/11.2.1/../../../../arm-none-eabi/lib/thumb/v7e-m+fp/hard/libc_nano.a(lib_a-strlen.o)
                0x0000000008000188                strlen
 .text          0x0000000008000198      0x254 /Users/johannes/Library/Application Support/Code/User/globalStorage/bmd.stm32-for-vscode/@xpack-dev-tools/arm-none-eabi-gcc/11.2.1-1.2.2/.content/bin/../lib/gcc/arm-none-eabi/11.2.1/thumb/v7e-m+fp/hard/libgcc.a(_arm_muldf3.o)
                0x0000000008000198                __aeabi_dmul
                0x0000000008000198                __muldf3
 .text          0x00000000080003ec      0x378 /Users/johannes/Library/Application Support/Code/User/globalStorage/bmd.stm32-for-vscode/@xpack-dev-tools/arm-none-eabi-gcc/11.2.1-1.2.2/.content/bin/../lib/gcc/arm-none-eabi/11.2.1/thumb/v7e-m+fp/hard/libgcc.a(_arm_addsubdf3.o)
                0x00000000080003ec                __aeabi_drsub
                0x00000000080003f4                __subdf3
                0x00000000080003f4                __aeabi_dsub
                0x00000000080003f8                __aeabi_dadd
                0x00000000080003f8                __adddf3
                0x0000000008000670                __aeabi_ui2d
                0x0000000008000670                __floatunsidf
                0x0000000008000690                __floatsidf
                0x0000000008000690                __aeabi_i2d
                0x00000000080006b4                __extendsfdf2
                0x00000000080006b4                __aeabi_f2d
                0x00000000080006f8                __aeabi_ul2d
                0x00000000080006f8                __floatundidf
                0x0000000008000708                __aeabi_l2d
                0x0000000008000708                __floatdidf
 .text          0x0000000008000764      0x110 /Users/johannes/Library/Application Support/Code/User/globalStorage/bmd.stm32-for-vscode/@xpack-dev-tools/arm-none-eabi-gcc/11.2.1-1.2.2/.content/bin/../lib/gcc/arm-none-eabi/11.2.1/thumb/v7e-m+fp/hard/libgcc.a(_arm_cmpdf2.o)
                0x0000000008000764                __gedf2
                0x0000000008000764                __gtdf2
                0x000000000800076c                __ledf2
                0x000000000800076c                __ltdf2
                0x0000000008000774                __cmpdf2
                0x0000000008000774                __eqdf2
                0x0000000008000774                __nedf2
                0x00000000080007f0                __aeabi_cdrcmple
                0x0000000008000800                __aeabi_cdcmple
                0x0000000008000800                __aeabi_cdcmpeq
                0x0000000008000810                __aeabi_dcmpeq
                0x0000000008000824                __aeabi_dcmplt
                0x0000000008000838                __aeabi_dcmple
                0x000000000800084c                __aeabi_dcmpge
                0x0000000008000860                __aeabi_dcmpgt
 .text          0x0000000008000874       0xa0 /Users/johannes/Library/Application Support/Code/User/globalStorage/bmd.stm32-for-vscode/@xpack-dev-tools/arm-none-eabi-gcc/11.2.1-1.2.2/.content/bin/../lib/gcc/arm-none-eabi/11.2.1/thumb/v7e-m+fp/hard/libgcc.a(_arm_truncdfsf2.o)
                0x0000000008000874                __aeabi_d2f
                0x0000000008000874                __truncdfsf2
 .text          0x0000000008000914       0x30 /Users/johannes/Library/Application Support/Code/User/globalStorage/bmd.stm32-for-vscode/@xpack-dev-tools/arm-none-eabi-gcc/11.2.1-1.2.2/.content/bin/../lib/gcc/arm-none-eabi/11.2.1/thumb/v7e-m+fp/hard/libgcc.a(_aeabi_uldivmod.o)
                0x0000000008000914                __aeabi_uldivmod
 .text          0x0000000008000944        0x4 /Users/johannes/Library/Application Support/Code/User/globalStorage/bmd.stm32-for-vscode/@xpack-dev-tools/arm-none-eabi-gcc/11.2.1-1.2.2/.content/bin/../lib/gcc/arm-none-eabi/11.2.1/thumb/v7e-m+fp/hard/libgcc.a(_dvmd_tls.o)
                0x0000000008000944                __aeabi_ldiv0
                0x0000000008000944                __aeabi_idiv0
 *(.text*)
 .text.__do_global_dtors_aux
                0x0000000008000948       0x24 /Users/johannes/Library/Application Support/Code/User/globalStorage/bmd.stm32-for-vscode/@xpack-dev-tools/arm-none-eabi-gcc/11.2.1-1.2.2/.content/bin/../lib/gcc/arm-none-eabi/11.2.1/thumb/v7e-m+fp/hard/crtbegin.o
 .text.frame_dummy
                0x000000000800096c       0x1c /Users/johannes/Library/Application Support/Code/User/globalStorage/bmd.stm32-for-vscode/@xpack-dev-tools/arm-none-eabi-gcc/11.2.1-1.2.2/.content/bin/../lib/gcc/arm-none-eabi/11.2.1/thumb/v7e-m+fp/hard/crtbegin.o
 .text.ADSR_init
                0x0000000008000988      0x10c build/ADSR_envelope.o
                0x0000000008000988                ADSR_init
 .text.ADSR_keyOn
                0x0000000008000a94       0x14 build/ADSR_envelope.o
                0x0000000008000a94                ADSR_keyOn
 .text.ADSR_keyOff
                0x0000000008000aa8        0xc build/ADSR_envelope.o
                0x0000000008000aa8                ADSR_keyOff
 *fill*         0x0000000008000ab4        0x4 
 .text.ADSR_compute
                0x0000000008000ab8       0xdc build/ADSR_envelope.o
                0x0000000008000ab8                ADSR_compute
 .text.MIDI_Application
                0x0000000008000b94       0x3c build/MIDI_application.o
                0x0000000008000b94                MIDI_Application
 .text.USBH_MIDI_ReceiveCallback
                0x0000000008000bd0       0x7c build/MIDI_application.o
                0x0000000008000bd0                USBH_MIDI_ReceiveCallback
 .text.MIDI_eventInit
                0x0000000008000c4c       0x10 build/MIDI_event.o
                0x0000000008000c4c                MIDI_eventInit
 .text.ProcessMIDI
                0x0000000008000c5c      0x11c build/MIDI_event.o
                0x0000000008000c5c                ProcessMIDI
 .text.USBH_UserProcess_callback
                0x0000000008000d78       0x78 build/MIDI_event.o
                0x0000000008000d78                USBH_UserProcess_callback
 .text.SEGGER_RTT_WriteString
                0x0000000008000df0      0x280 build/SEGGER_RTT.o
                0x0000000008000df0                SEGGER_RTT_WriteString
 .text.SEGGER_RTT_ConfigUpBuffer
                0x0000000008001070       0xec build/SEGGER_RTT.o
                0x0000000008001070                SEGGER_RTT_ConfigUpBuffer
 .text.audioBlock.constprop.0
                0x000000000800115c      0x1f0 build/audio.o
 .text.AUDIO_Init
                0x000000000800134c       0xc0 build/audio.o
                0x000000000800134c                AUDIO_Init
 .text.BSP_AUDIO_OUT_HalfTransfer_CallBack
                0x000000000800140c        0xc build/audio.o
                0x000000000800140c                BSP_AUDIO_OUT_HalfTransfer_CallBack
 .text.BSP_AUDIO_OUT_TransferComplete_CallBack
                0x0000000008001418        0xc build/audio.o
                0x0000000008001418                BSP_AUDIO_OUT_TransferComplete_CallBack
 .text.BSP_AUDIO_OUT_Error_CallBack
                0x0000000008001424        0x4 build/audio.o
                0x0000000008001424                BSP_AUDIO_OUT_Error_CallBack
 .text.DMA1_Stream7_IRQHandler
                0x0000000008001428        0xc build/audio.o
                0x0000000008001428                DMA1_Stream7_IRQHandler
 .text.DMA1_Stream3_IRQHandler
                0x0000000008001434        0xc build/audio.o
                0x0000000008001434                DMA1_Stream3_IRQHandler
 .text.SVF_LP_init
                0x0000000008001440       0x24 build/filters.o
                0x0000000008001440                SVF_LP_init
 .text.SVF_LP_compute
                0x0000000008001464       0x58 build/filters.o
                0x0000000008001464                SVF_LP_compute
 .text.MX_GPIO_Init
                0x00000000080014bc      0x194 build/gpio.o
                0x00000000080014bc                MX_GPIO_Init
 .text.interp_lin_lut
                0x0000000008001650       0x50 build/helper_functions.o
                0x0000000008001650                interp_lin_lut
 .text.MX_I2C1_Init
                0x00000000080016a0       0x3c build/i2c.o
                0x00000000080016a0                MX_I2C1_Init
 .text.HAL_I2C_MspInit
                0x00000000080016dc       0x70 build/i2c.o
                0x00000000080016dc                HAL_I2C_MspInit
 .text.HAL_I2C_MspDeInit
                0x000000000800174c       0x38 build/i2c.o
                0x000000000800174c                HAL_I2C_MspDeInit
 .text.MX_I2S3_Init
                0x0000000008001784       0x3c build/i2s.o
                0x0000000008001784                MX_I2S3_Init
 .text.HAL_I2S_MspInit
                0x00000000080017c0       0xbc build/i2s.o
                0x00000000080017c0                HAL_I2S_MspInit
 .text.MoogLP_init
                0x000000000800187c       0x18 build/ladder_filter.o
                0x000000000800187c                MoogLP_init
 *fill*         0x0000000008001894        0x4 
 .text.MoogLP_compute
                0x0000000008001898      0x1a8 build/ladder_filter.o
                0x0000000008001898                MoogLP_compute
 .text.SystemClock_Config
                0x0000000008001a40       0xa8 build/main.o
                0x0000000008001a40                SystemClock_Config
 .text.startup.main
                0x0000000008001ae8       0x70 build/main.o
                0x0000000008001ae8                main
 .text.Error_Handler
                0x0000000008001b58        0x4 build/main.o
                0x0000000008001b58                Error_Handler
 .text.osc_init
                0x0000000008001b5c       0x28 build/oscillators.o
                0x0000000008001b5c                osc_init
 .text.osc_polyblepSaw
                0x0000000008001b84       0xb8 build/oscillators.o
                0x0000000008001b84                osc_polyblepSaw
 .text.osc_polyblepRect
                0x0000000008001c3c      0x14c build/oscillators.o
                0x0000000008001c3c                osc_polyblepRect
 .text.MX_SPI1_Init
                0x0000000008001d88       0x44 build/spi.o
                0x0000000008001d88                MX_SPI1_Init
 *fill*         0x0000000008001dcc        0x4 
 .text.HAL_SPI_MspInit
                0x0000000008001dd0       0x78 build/spi.o
                0x0000000008001dd0                HAL_SPI_MspInit
 .text.Delay_init
                0x0000000008001e48       0x40 build/stereo_delay.o
                0x0000000008001e48                Delay_init
 .text.pingpongDelay_compute
                0x0000000008001e88      0x15c build/stereo_delay.o
                0x0000000008001e88                pingpongDelay_compute
 .text.HAL_MspInit
                0x0000000008001fe4       0x3c build/stm32f4xx_hal_msp.o
                0x0000000008001fe4                HAL_MspInit
 .text.NMI_Handler
                0x0000000008002020        0x4 build/stm32f4xx_it.o
                0x0000000008002020                NMI_Handler
 .text.HardFault_Handler
                0x0000000008002024        0x4 build/stm32f4xx_it.o
                0x0000000008002024                HardFault_Handler
 .text.MemManage_Handler
                0x0000000008002028        0x4 build/stm32f4xx_it.o
                0x0000000008002028                MemManage_Handler
 .text.BusFault_Handler
                0x000000000800202c        0x4 build/stm32f4xx_it.o
                0x000000000800202c                BusFault_Handler
 .text.UsageFault_Handler
                0x0000000008002030        0x4 build/stm32f4xx_it.o
                0x0000000008002030                UsageFault_Handler
 .text.SVC_Handler
                0x0000000008002034        0x4 build/stm32f4xx_it.o
                0x0000000008002034                SVC_Handler
 .text.DebugMon_Handler
                0x0000000008002038        0x4 build/stm32f4xx_it.o
                0x0000000008002038                DebugMon_Handler
 .text.PendSV_Handler
                0x000000000800203c        0x4 build/stm32f4xx_it.o
                0x000000000800203c                PendSV_Handler
 .text.SysTick_Handler
                0x0000000008002040        0x4 build/stm32f4xx_it.o
                0x0000000008002040                SysTick_Handler
 .text.OTG_FS_IRQHandler
                0x0000000008002044        0xc build/stm32f4xx_it.o
                0x0000000008002044                OTG_FS_IRQHandler
 .text.SystemInit
                0x0000000008002050       0x14 build/system_stm32f4xx.o
                0x0000000008002050                SystemInit
 .text.USBH_MIDI_ClassRequest
                0x0000000008002064       0x10 build/usbh_MIDI.o
 .text.USBH_MIDI_SOFProcess
                0x0000000008002074        0x4 build/usbh_MIDI.o
 .text.USBH_MIDI_InterfaceDeInit
                0x0000000008002078       0x58 build/usbh_MIDI.o
 .text.USBH_MIDI_InterfaceInit
                0x00000000080020d0       0xe4 build/usbh_MIDI.o
 .text.USBH_MIDI_Stop
                0x00000000080021b4       0x2c build/usbh_MIDI.o
                0x00000000080021b4                USBH_MIDI_Stop
 .text.USBH_MIDI_GetLastReceivedDataSize
                0x00000000080021e0       0x1c build/usbh_MIDI.o
                0x00000000080021e0                USBH_MIDI_GetLastReceivedDataSize
 .text.USBH_MIDI_Receive
                0x00000000080021fc       0x24 build/usbh_MIDI.o
                0x00000000080021fc                USBH_MIDI_Receive
 .text.USBH_MIDI_TransmitCallback
                0x0000000008002220        0x4 build/usbh_MIDI.o
                0x0000000008002220                USBH_MIDI_TransmitCallback
 .text.USBH_MIDI_Process
                0x0000000008002224       0xfc build/usbh_MIDI.o
 .text.HAL_HCD_MspInit
                0x0000000008002320       0xc8 build/usbh_conf.o
                0x0000000008002320                HAL_HCD_MspInit
 .text.HAL_HCD_SOF_Callback
                0x00000000080023e8        0x8 build/usbh_conf.o
                0x00000000080023e8                HAL_HCD_SOF_Callback
 .text.HAL_HCD_Connect_Callback
                0x00000000080023f0        0x8 build/usbh_conf.o
                0x00000000080023f0                HAL_HCD_Connect_Callback
 .text.HAL_HCD_Disconnect_Callback
                0x00000000080023f8        0x8 build/usbh_conf.o
                0x00000000080023f8                HAL_HCD_Disconnect_Callback
 .text.HAL_HCD_PortEnabled_Callback
                0x0000000008002400        0x8 build/usbh_conf.o
                0x0000000008002400                HAL_HCD_PortEnabled_Callback
 .text.HAL_HCD_PortDisabled_Callback
                0x0000000008002408        0x8 build/usbh_conf.o
                0x0000000008002408                HAL_HCD_PortDisabled_Callback
 .text.HAL_HCD_HC_NotifyURBChange_Callback
                0x0000000008002410        0x4 build/usbh_conf.o
                0x0000000008002410                HAL_HCD_HC_NotifyURBChange_Callback
 .text.USBH_LL_Init
                0x0000000008002414       0x54 build/usbh_conf.o
                0x0000000008002414                USBH_LL_Init
 .text.USBH_LL_Start
                0x0000000008002468       0x10 build/usbh_conf.o
                0x0000000008002468                USBH_LL_Start
 .text.USBH_LL_Stop
                0x0000000008002478       0x10 build/usbh_conf.o
                0x0000000008002478                USBH_LL_Stop
 .text.USBH_LL_GetSpeed
                0x0000000008002488       0x14 build/usbh_conf.o
                0x0000000008002488                USBH_LL_GetSpeed
 .text.USBH_LL_ResetPort
                0x000000000800249c       0x10 build/usbh_conf.o
                0x000000000800249c                USBH_LL_ResetPort
 .text.USBH_LL_GetLastXferSize
                0x00000000080024ac        0x8 build/usbh_conf.o
                0x00000000080024ac                USBH_LL_GetLastXferSize
 .text.USBH_LL_OpenPipe
                0x00000000080024b4       0x24 build/usbh_conf.o
                0x00000000080024b4                USBH_LL_OpenPipe
 .text.USBH_LL_ClosePipe
                0x00000000080024d8       0x10 build/usbh_conf.o
                0x00000000080024d8                USBH_LL_ClosePipe
 .text.USBH_LL_SubmitURB
                0x00000000080024e8       0x28 build/usbh_conf.o
                0x00000000080024e8                USBH_LL_SubmitURB
 .text.USBH_LL_GetURBState
                0x0000000008002510        0x8 build/usbh_conf.o
                0x0000000008002510                USBH_LL_GetURBState
 .text.USBH_LL_DriverVBUS
                0x0000000008002518       0x30 build/usbh_conf.o
                0x0000000008002518                USBH_LL_DriverVBUS
 .text.USBH_LL_SetToggle
                0x0000000008002548       0x24 build/usbh_conf.o
                0x0000000008002548                USBH_LL_SetToggle
 .text.USBH_Delay
                0x000000000800256c        0x4 build/usbh_conf.o
                0x000000000800256c                USBH_Delay
 .text.cs43l22_SetFrequency
                0x0000000008002570        0x4 build/cs43l22.o
                0x0000000008002570                cs43l22_SetFrequency
 .text.cs43l22_Reset
                0x0000000008002574        0x4 build/cs43l22.o
                0x0000000008002574                cs43l22_Reset
 .text.cs43l22_SetVolume
                0x0000000008002578       0x58 build/cs43l22.o
                0x0000000008002578                cs43l22_SetVolume
 .text.cs43l22_DeInit
                0x00000000080025d0        0x4 build/cs43l22.o
                0x00000000080025d0                cs43l22_DeInit
 .text.cs43l22_ReadID
                0x00000000080025d4       0x18 build/cs43l22.o
                0x00000000080025d4                cs43l22_ReadID
 .text.cs43l22_SetMute
                0x00000000080025ec       0x5c build/cs43l22.o
                0x00000000080025ec                cs43l22_SetMute
 .text.cs43l22_SetOutputMode
                0x0000000008002648       0x64 build/cs43l22.o
                0x0000000008002648                cs43l22_SetOutputMode
 .text.cs43l22_Pause
                0x00000000080026ac       0x38 build/cs43l22.o
                0x00000000080026ac                cs43l22_Pause
 .text.cs43l22_Stop
                0x00000000080026e4       0x4c build/cs43l22.o
                0x00000000080026e4                cs43l22_Stop
 .text.cs43l22_Resume
                0x0000000008002730       0x60 build/cs43l22.o
                0x0000000008002730                cs43l22_Resume
 .text.cs43l22_Play
                0x0000000008002790       0x5c build/cs43l22.o
                0x0000000008002790                cs43l22_Play
 .text.cs43l22_Init
                0x00000000080027ec      0x10c build/cs43l22.o
                0x00000000080027ec                cs43l22_Init
 .text.I2Cx_Init.part.0
                0x00000000080028f8       0xb4 build/stm32f4_discovery.o
 .text.AUDIO_IO_Init
                0x00000000080029ac       0x74 build/stm32f4_discovery.o
                0x00000000080029ac                AUDIO_IO_Init
 .text.AUDIO_IO_DeInit
                0x0000000008002a20        0x4 build/stm32f4_discovery.o
                0x0000000008002a20                AUDIO_IO_DeInit
 .text.AUDIO_IO_Write
                0x0000000008002a24       0x4c build/stm32f4_discovery.o
                0x0000000008002a24                AUDIO_IO_Write
 .text.AUDIO_IO_Read
                0x0000000008002a70       0x58 build/stm32f4_discovery.o
                0x0000000008002a70                AUDIO_IO_Read
 .text.BSP_AUDIO_OUT_Play
                0x0000000008002ac8       0x44 build/stm32f4_discovery_audio.o
                0x0000000008002ac8                BSP_AUDIO_OUT_Play
 *fill*         0x0000000008002b0c        0x4 
 .text.BSP_AUDIO_OUT_ClockConfig
                0x0000000008002b10       0xb4 build/stm32f4_discovery_audio.o
                0x0000000008002b10                BSP_AUDIO_OUT_ClockConfig
 .text.BSP_AUDIO_OUT_MspInit
                0x0000000008002bc4      0x124 build/stm32f4_discovery_audio.o
                0x0000000008002bc4                BSP_AUDIO_OUT_MspInit
 .text.BSP_AUDIO_OUT_Init
                0x0000000008002ce8       0x9c build/stm32f4_discovery_audio.o
                0x0000000008002ce8                BSP_AUDIO_OUT_Init
 .text.HAL_I2S_TxCpltCallback
                0x0000000008002d84       0x18 build/stm32f4_discovery_audio.o
                0x0000000008002d84                HAL_I2S_TxCpltCallback
 .text.HAL_I2S_TxHalfCpltCallback
                0x0000000008002d9c       0x18 build/stm32f4_discovery_audio.o
                0x0000000008002d9c                HAL_I2S_TxHalfCpltCallback
 .text.BSP_AUDIO_IN_TransferComplete_CallBack
                0x0000000008002db4        0x4 build/stm32f4_discovery_audio.o
                0x0000000008002db4                BSP_AUDIO_IN_TransferComplete_CallBack
 .text.HAL_I2S_RxCpltCallback
                0x0000000008002db8        0x8 build/stm32f4_discovery_audio.o
                0x0000000008002db8                HAL_I2S_RxCpltCallback
 .text.BSP_AUDIO_IN_Error_Callback
                0x0000000008002dc0        0x4 build/stm32f4_discovery_audio.o
                0x0000000008002dc0                BSP_AUDIO_IN_Error_Callback
 .text.HAL_I2S_ErrorCallback
                0x0000000008002dc4       0x2c build/stm32f4_discovery_audio.o
                0x0000000008002dc4                HAL_I2S_ErrorCallback
 .text.HAL_InitTick
                0x0000000008002df0       0x48 build/stm32f4xx_hal.o
                0x0000000008002df0                HAL_InitTick
 .text.HAL_Init
                0x0000000008002e38       0x34 build/stm32f4xx_hal.o
                0x0000000008002e38                HAL_Init
 .text.HAL_IncTick
                0x0000000008002e6c       0x18 build/stm32f4xx_hal.o
                0x0000000008002e6c                HAL_IncTick
 .text.HAL_GetTick
                0x0000000008002e84        0xc build/stm32f4xx_hal.o
                0x0000000008002e84                HAL_GetTick
 .text.HAL_Delay
                0x0000000008002e90       0x24 build/stm32f4xx_hal.o
                0x0000000008002e90                HAL_Delay
 .text.HAL_NVIC_SetPriorityGrouping
                0x0000000008002eb4       0x24 build/stm32f4xx_hal_cortex.o
                0x0000000008002eb4                HAL_NVIC_SetPriorityGrouping
 .text.HAL_NVIC_SetPriority
                0x0000000008002ed8       0x7c build/stm32f4xx_hal_cortex.o
                0x0000000008002ed8                HAL_NVIC_SetPriority
 .text.HAL_NVIC_EnableIRQ
                0x0000000008002f54       0x1c build/stm32f4xx_hal_cortex.o
                0x0000000008002f54                HAL_NVIC_EnableIRQ
 .text.HAL_SYSTICK_Config
                0x0000000008002f70       0x34 build/stm32f4xx_hal_cortex.o
                0x0000000008002f70                HAL_SYSTICK_Config
 .text.HAL_DMA_Init
                0x0000000008002fa4      0x130 build/stm32f4xx_hal_dma.o
                0x0000000008002fa4                HAL_DMA_Init
 .text.HAL_DMA_DeInit
                0x00000000080030d4       0x80 build/stm32f4xx_hal_dma.o
                0x00000000080030d4                HAL_DMA_DeInit
 .text.HAL_DMA_Start_IT
                0x0000000008003154       0x80 build/stm32f4xx_hal_dma.o
                0x0000000008003154                HAL_DMA_Start_IT
 .text.HAL_DMA_IRQHandler
                0x00000000080031d4      0x1ac build/stm32f4xx_hal_dma.o
                0x00000000080031d4                HAL_DMA_IRQHandler
 .text.HAL_GPIO_Init
                0x0000000008003380      0x244 build/stm32f4xx_hal_gpio.o
                0x0000000008003380                HAL_GPIO_Init
 .text.HAL_GPIO_DeInit
                0x00000000080035c4      0x174 build/stm32f4xx_hal_gpio.o
                0x00000000080035c4                HAL_GPIO_DeInit
 .text.HAL_GPIO_WritePin
                0x0000000008003738        0x8 build/stm32f4xx_hal_gpio.o
                0x0000000008003738                HAL_GPIO_WritePin
 .text.HAL_HCD_HC_Init
                0x0000000008003740       0x80 build/stm32f4xx_hal_hcd.o
                0x0000000008003740                HAL_HCD_HC_Init
 .text.HAL_HCD_HC_Halt
                0x00000000080037c0       0x24 build/stm32f4xx_hal_hcd.o
                0x00000000080037c0                HAL_HCD_HC_Halt
 .text.HAL_HCD_Init
                0x00000000080037e4       0xa4 build/stm32f4xx_hal_hcd.o
                0x00000000080037e4                HAL_HCD_Init
 .text.HAL_HCD_HC_SubmitRequest
                0x0000000008003888       0xd0 build/stm32f4xx_hal_hcd.o
                0x0000000008003888                HAL_HCD_HC_SubmitRequest
 .text.HAL_HCD_IRQHandler
                0x0000000008003958      0x788 build/stm32f4xx_hal_hcd.o
                0x0000000008003958                HAL_HCD_IRQHandler
 .text.HAL_HCD_Start
                0x00000000080040e0       0x2c build/stm32f4xx_hal_hcd.o
                0x00000000080040e0                HAL_HCD_Start
 .text.HAL_HCD_Stop
                0x000000000800410c       0x24 build/stm32f4xx_hal_hcd.o
                0x000000000800410c                HAL_HCD_Stop
 .text.HAL_HCD_ResetPort
                0x0000000008004130        0x8 build/stm32f4xx_hal_hcd.o
                0x0000000008004130                HAL_HCD_ResetPort
 .text.HAL_HCD_HC_GetURBState
                0x0000000008004138        0xc build/stm32f4xx_hal_hcd.o
                0x0000000008004138                HAL_HCD_HC_GetURBState
 .text.HAL_HCD_HC_GetXferCount
                0x0000000008004144        0xc build/stm32f4xx_hal_hcd.o
                0x0000000008004144                HAL_HCD_HC_GetXferCount
 .text.HAL_HCD_GetCurrentFrame
                0x0000000008004150        0x8 build/stm32f4xx_hal_hcd.o
                0x0000000008004150                HAL_HCD_GetCurrentFrame
 .text.HAL_HCD_GetCurrentSpeed
                0x0000000008004158        0x8 build/stm32f4xx_hal_hcd.o
                0x0000000008004158                HAL_HCD_GetCurrentSpeed
 .text.I2C_RequestMemoryWrite
                0x0000000008004160      0x1e8 build/stm32f4xx_hal_i2c.o
 .text.I2C_RequestMemoryRead
                0x0000000008004348      0x2ac build/stm32f4xx_hal_i2c.o
 .text.HAL_I2C_Init
                0x00000000080045f4      0x190 build/stm32f4xx_hal_i2c.o
                0x00000000080045f4                HAL_I2C_Init
 .text.HAL_I2C_DeInit
                0x0000000008004784       0x34 build/stm32f4xx_hal_i2c.o
                0x0000000008004784                HAL_I2C_DeInit
 .text.HAL_I2C_Mem_Write
                0x00000000080047b8      0x1e4 build/stm32f4xx_hal_i2c.o
                0x00000000080047b8                HAL_I2C_Mem_Write
 .text.HAL_I2C_Mem_Read
                0x000000000800499c      0x35c build/stm32f4xx_hal_i2c.o
                0x000000000800499c                HAL_I2C_Mem_Read
 .text.HAL_I2C_GetState
                0x0000000008004cf8        0x8 build/stm32f4xx_hal_i2c.o
                0x0000000008004cf8                HAL_I2C_GetState
 .text.HAL_I2S_Init
                0x0000000008004d00      0x148 build/stm32f4xx_hal_i2s.o
                0x0000000008004d00                HAL_I2S_Init
 .text.HAL_I2S_Transmit_DMA
                0x0000000008004e48       0xc4 build/stm32f4xx_hal_i2s.o
                0x0000000008004e48                HAL_I2S_Transmit_DMA
 .text.I2S_DMATxHalfCplt
                0x0000000008004f0c        0xc build/stm32f4xx_hal_i2s.o
 .text.I2S_DMATxCplt
                0x0000000008004f18       0x24 build/stm32f4xx_hal_i2s.o
 .text.I2S_IRQHandler
                0x0000000008004f3c      0x108 build/stm32f4xx_hal_i2s.o
 .text.I2S_DMAError
                0x0000000008005044       0x2c build/stm32f4xx_hal_i2s.o
 .text.HAL_I2S_GetState
                0x0000000008005070        0x8 build/stm32f4xx_hal_i2s.o
                0x0000000008005070                HAL_I2S_GetState
 .text.HAL_I2SEx_TxRxCpltCallback
                0x0000000008005078        0x4 build/stm32f4xx_hal_i2s_ex.o
                0x0000000008005078                HAL_I2SEx_TxRxCpltCallback
 .text.HAL_I2SEx_FullDuplex_IRQHandler
                0x000000000800507c      0x25c build/stm32f4xx_hal_i2s_ex.o
                0x000000000800507c                HAL_I2SEx_FullDuplex_IRQHandler
 .text.HAL_RCC_OscConfig
                0x00000000080052d8      0x3c8 build/stm32f4xx_hal_rcc.o
                0x00000000080052d8                HAL_RCC_OscConfig
 .text.HAL_RCC_GetSysClockFreq
                0x00000000080056a0       0x68 build/stm32f4xx_hal_rcc.o
                0x00000000080056a0                HAL_RCC_GetSysClockFreq
 .text.HAL_RCC_ClockConfig
                0x0000000008005708      0x13c build/stm32f4xx_hal_rcc.o
                0x0000000008005708                HAL_RCC_ClockConfig
 .text.HAL_RCC_GetPCLK1Freq
                0x0000000008005844       0x20 build/stm32f4xx_hal_rcc.o
                0x0000000008005844                HAL_RCC_GetPCLK1Freq
 .text.HAL_RCCEx_PeriphCLKConfig
                0x0000000008005864      0x140 build/stm32f4xx_hal_rcc_ex.o
                0x0000000008005864                HAL_RCCEx_PeriphCLKConfig
 .text.HAL_RCCEx_GetPeriphCLKConfig
                0x00000000080059a4       0x30 build/stm32f4xx_hal_rcc_ex.o
                0x00000000080059a4                HAL_RCCEx_GetPeriphCLKConfig
 .text.HAL_RCCEx_GetPeriphCLKFreq
                0x00000000080059d4       0x4c build/stm32f4xx_hal_rcc_ex.o
                0x00000000080059d4                HAL_RCCEx_GetPeriphCLKFreq
 .text.HAL_SPI_Init
                0x0000000008005a20       0xc4 build/stm32f4xx_hal_spi.o
                0x0000000008005a20                HAL_SPI_Init
 .text.USB_CoreInit
                0x0000000008005ae4      0x104 build/stm32f4xx_ll_usb.o
                0x0000000008005ae4                USB_CoreInit
 .text.USB_EnableGlobalInt
                0x0000000008005be8       0x10 build/stm32f4xx_ll_usb.o
                0x0000000008005be8                USB_EnableGlobalInt
 .text.USB_DisableGlobalInt
                0x0000000008005bf8       0x10 build/stm32f4xx_ll_usb.o
                0x0000000008005bf8                USB_DisableGlobalInt
 .text.USB_SetCurrentMode
                0x0000000008005c08       0x70 build/stm32f4xx_ll_usb.o
                0x0000000008005c08                USB_SetCurrentMode
 .text.USB_FlushTxFifo
                0x0000000008005c78       0x54 build/stm32f4xx_ll_usb.o
                0x0000000008005c78                USB_FlushTxFifo
 .text.USB_FlushRxFifo
                0x0000000008005ccc       0x50 build/stm32f4xx_ll_usb.o
                0x0000000008005ccc                USB_FlushRxFifo
 .text.USB_ReadPacket
                0x0000000008005d1c       0x4c build/stm32f4xx_ll_usb.o
                0x0000000008005d1c                USB_ReadPacket
 .text.USB_ReadInterrupts
                0x0000000008005d68        0x8 build/stm32f4xx_ll_usb.o
                0x0000000008005d68                USB_ReadInterrupts
 .text.USB_GetMode
                0x0000000008005d70        0x8 build/stm32f4xx_ll_usb.o
                0x0000000008005d70                USB_GetMode
 .text.USB_HostInit
                0x0000000008005d78      0x188 build/stm32f4xx_ll_usb.o
                0x0000000008005d78                USB_HostInit
 .text.USB_InitFSLSPClkSel
                0x0000000008005f00       0x3c build/stm32f4xx_ll_usb.o
                0x0000000008005f00                USB_InitFSLSPClkSel
 .text.USB_ResetPort
                0x0000000008005f3c       0x40 build/stm32f4xx_ll_usb.o
                0x0000000008005f3c                USB_ResetPort
 .text.USB_DriveVbus
                0x0000000008005f7c       0x48 build/stm32f4xx_ll_usb.o
                0x0000000008005f7c                USB_DriveVbus
 .text.USB_GetHostSpeed
                0x0000000008005fc4       0x18 build/stm32f4xx_ll_usb.o
                0x0000000008005fc4                USB_GetHostSpeed
 .text.USB_GetCurrentFrame
                0x0000000008005fdc        0xc build/stm32f4xx_ll_usb.o
                0x0000000008005fdc                USB_GetCurrentFrame
 .text.USB_HC_Init
                0x0000000008005fe8      0x120 build/stm32f4xx_ll_usb.o
                0x0000000008005fe8                USB_HC_Init
 .text.USB_HC_StartXfer
                0x0000000008006108      0x18c build/stm32f4xx_ll_usb.o
                0x0000000008006108                USB_HC_StartXfer
 .text.USB_HC_ReadInterrupt
                0x0000000008006294        0xc build/stm32f4xx_ll_usb.o
                0x0000000008006294                USB_HC_ReadInterrupt
 .text.USB_HC_Halt
                0x00000000080062a0       0xc8 build/stm32f4xx_ll_usb.o
                0x00000000080062a0                USB_HC_Halt
 .text.USB_StopHost
                0x0000000008006368      0x1e4 build/stm32f4xx_ll_usb.o
                0x0000000008006368                USB_StopHost
 .text.USBH_Init
                0x000000000800654c       0x60 build/usbh_core.o
                0x000000000800654c                USBH_Init
 .text.USBH_RegisterClass
                0x00000000080065ac       0x1c build/usbh_core.o
                0x00000000080065ac                USBH_RegisterClass
 .text.USBH_SelectInterface
                0x00000000080065c8       0x14 build/usbh_core.o
                0x00000000080065c8                USBH_SelectInterface
 .text.USBH_FindInterface
                0x00000000080065dc      0x50c build/usbh_core.o
                0x00000000080065dc                USBH_FindInterface
 .text.USBH_Start
                0x0000000008006ae8       0x14 build/usbh_core.o
                0x0000000008006ae8                USBH_Start
 .text.USBH_Process
                0x0000000008006afc      0x334 build/usbh_core.o
                0x0000000008006afc                USBH_Process
 .text.USBH_LL_SetTimer
                0x0000000008006e30        0x8 build/usbh_core.o
                0x0000000008006e30                USBH_LL_SetTimer
 .text.USBH_LL_IncTimer
                0x0000000008006e38       0x20 build/usbh_core.o
                0x0000000008006e38                USBH_LL_IncTimer
 .text.USBH_LL_PortEnabled
                0x0000000008006e58        0x8 build/usbh_core.o
                0x0000000008006e58                USBH_LL_PortEnabled
 .text.USBH_LL_PortDisabled
                0x0000000008006e60        0x8 build/usbh_core.o
                0x0000000008006e60                USBH_LL_PortDisabled
 .text.USBH_LL_Connect
                0x0000000008006e68       0x2c build/usbh_core.o
                0x0000000008006e68                USBH_LL_Connect
 .text.USBH_LL_Disconnect
                0x0000000008006e94       0x38 build/usbh_core.o
                0x0000000008006e94                USBH_LL_Disconnect
 .text.USBH_CtlReq.part.0
                0x0000000008006ecc      0x188 build/usbh_ctlreq.o
 .text.USBH_Get_DevDesc
                0x0000000008007054      0x1f8 build/usbh_ctlreq.o
                0x0000000008007054                USBH_Get_DevDesc
 .text.USBH_Get_CfgDesc
                0x000000000800724c      0x154 build/usbh_ctlreq.o
                0x000000000800724c                USBH_Get_CfgDesc
 .text.USBH_Get_StringDesc
                0x00000000080073a0       0x78 build/usbh_ctlreq.o
                0x00000000080073a0                USBH_Get_StringDesc
 .text.USBH_SetAddress
                0x0000000008007418      0x1a8 build/usbh_ctlreq.o
                0x0000000008007418                USBH_SetAddress
 .text.USBH_SetCfg
                0x00000000080075c0      0x1a8 build/usbh_ctlreq.o
                0x00000000080075c0                USBH_SetCfg
 .text.USBH_SetFeature
                0x0000000008007768      0x1a8 build/usbh_ctlreq.o
                0x0000000008007768                USBH_SetFeature
 .text.USBH_ClrFeature
                0x0000000008007910      0x1a8 build/usbh_ctlreq.o
                0x0000000008007910                USBH_ClrFeature
 .text.USBH_CtlSendSetup
                0x0000000008007ab8       0x24 build/usbh_ioreq.o
                0x0000000008007ab8                USBH_CtlSendSetup
 .text.USBH_CtlSendData
                0x0000000008007adc       0x30 build/usbh_ioreq.o
                0x0000000008007adc                USBH_CtlSendData
 .text.USBH_CtlReceiveData
                0x0000000008007b0c       0x20 build/usbh_ioreq.o
                0x0000000008007b0c                USBH_CtlReceiveData
 .text.USBH_BulkSendData
                0x0000000008007b2c       0x30 build/usbh_ioreq.o
                0x0000000008007b2c                USBH_BulkSendData
 .text.USBH_BulkReceiveData
                0x0000000008007b5c       0x20 build/usbh_ioreq.o
                0x0000000008007b5c                USBH_BulkReceiveData
 .text.USBH_OpenPipe
                0x0000000008007b7c       0x20 build/usbh_pipes.o
                0x0000000008007b7c                USBH_OpenPipe
 .text.USBH_ClosePipe
                0x0000000008007b9c        0xc build/usbh_pipes.o
                0x0000000008007b9c                USBH_ClosePipe
 .text.USBH_AllocPipe
                0x0000000008007ba8       0xa8 build/usbh_pipes.o
                0x0000000008007ba8                USBH_AllocPipe
 .text.USBH_FreePipe
                0x0000000008007c50       0x18 build/usbh_pipes.o
                0x0000000008007c50                USBH_FreePipe
 .text.Reset_Handler
                0x0000000008007c68       0x50 build/startup_stm32f407xx.o
                0x0000000008007c68                Reset_Handler
 .text.Default_Handler
                0x0000000008007cb8        0x2 build/startup_stm32f407xx.o
                0x0000000008007cb8                DMA2_Stream6_IRQHandler
                0x0000000008007cb8                HASH_RNG_IRQHandler
                0x0000000008007cb8                EXTI2_IRQHandler
                0x0000000008007cb8                TIM8_CC_IRQHandler
                0x0000000008007cb8                TIM1_CC_IRQHandler
                0x0000000008007cb8                DMA2_Stream5_IRQHandler
                0x0000000008007cb8                DMA1_Stream5_IRQHandler
                0x0000000008007cb8                PVD_IRQHandler
                0x0000000008007cb8                SDIO_IRQHandler
                0x0000000008007cb8                TAMP_STAMP_IRQHandler
                0x0000000008007cb8                CAN2_RX1_IRQHandler
                0x0000000008007cb8                EXTI3_IRQHandler
                0x0000000008007cb8                TIM8_TRG_COM_TIM14_IRQHandler
                0x0000000008007cb8                TIM1_UP_TIM10_IRQHandler
                0x0000000008007cb8                TIM8_UP_TIM13_IRQHandler
                0x0000000008007cb8                I2C3_ER_IRQHandler
                0x0000000008007cb8                EXTI0_IRQHandler
                0x0000000008007cb8                I2C2_EV_IRQHandler
                0x0000000008007cb8                DMA1_Stream2_IRQHandler
                0x0000000008007cb8                CAN1_RX0_IRQHandler
                0x0000000008007cb8                FPU_IRQHandler
                0x0000000008007cb8                OTG_HS_WKUP_IRQHandler
                0x0000000008007cb8                CAN2_SCE_IRQHandler
                0x0000000008007cb8                DMA2_Stream2_IRQHandler
                0x0000000008007cb8                SPI1_IRQHandler
                0x0000000008007cb8                TIM6_DAC_IRQHandler
                0x0000000008007cb8                TIM1_BRK_TIM9_IRQHandler
                0x0000000008007cb8                DCMI_IRQHandler
                0x0000000008007cb8                CAN2_RX0_IRQHandler
                0x0000000008007cb8                DMA2_Stream3_IRQHandler
                0x0000000008007cb8                USART6_IRQHandler
                0x0000000008007cb8                USART3_IRQHandler
                0x0000000008007cb8                CAN1_RX1_IRQHandler
                0x0000000008007cb8                UART5_IRQHandler
                0x0000000008007cb8                DMA2_Stream0_IRQHandler
                0x0000000008007cb8                TIM4_IRQHandler
                0x0000000008007cb8                I2C1_EV_IRQHandler
                0x0000000008007cb8                DMA1_Stream6_IRQHandler
                0x0000000008007cb8                DMA1_Stream1_IRQHandler
                0x0000000008007cb8                UART4_IRQHandler
                0x0000000008007cb8                TIM3_IRQHandler
                0x0000000008007cb8                RCC_IRQHandler
                0x0000000008007cb8                TIM8_BRK_TIM12_IRQHandler
                0x0000000008007cb8                Default_Handler
                0x0000000008007cb8                EXTI15_10_IRQHandler
                0x0000000008007cb8                ADC_IRQHandler
                0x0000000008007cb8                TIM7_IRQHandler
                0x0000000008007cb8                CAN2_TX_IRQHandler
                0x0000000008007cb8                TIM5_IRQHandler
                0x0000000008007cb8                DMA2_Stream7_IRQHandler
                0x0000000008007cb8                I2C3_EV_IRQHandler
                0x0000000008007cb8                EXTI9_5_IRQHandler
                0x0000000008007cb8                RTC_WKUP_IRQHandler
                0x0000000008007cb8                ETH_WKUP_IRQHandler
                0x0000000008007cb8                SPI2_IRQHandler
                0x0000000008007cb8                OTG_HS_EP1_IN_IRQHandler
                0x0000000008007cb8                DMA1_Stream0_IRQHandler
                0x0000000008007cb8                CAN1_TX_IRQHandler
                0x0000000008007cb8                EXTI4_IRQHandler
                0x0000000008007cb8                FSMC_IRQHandler
                0x0000000008007cb8                ETH_IRQHandler
                0x0000000008007cb8                OTG_HS_EP1_OUT_IRQHandler
                0x0000000008007cb8                WWDG_IRQHandler
                0x0000000008007cb8                TIM2_IRQHandler
                0x0000000008007cb8                OTG_FS_WKUP_IRQHandler
                0x0000000008007cb8                TIM1_TRG_COM_TIM11_IRQHandler
                0x0000000008007cb8                OTG_HS_IRQHandler
                0x0000000008007cb8                EXTI1_IRQHandler
                0x0000000008007cb8                USART2_IRQHandler
                0x0000000008007cb8                I2C2_ER_IRQHandler
                0x0000000008007cb8                DMA2_Stream1_IRQHandler
                0x0000000008007cb8                CAN1_SCE_IRQHandler
                0x0000000008007cb8                FLASH_IRQHandler
                0x0000000008007cb8                DMA2_Stream4_IRQHandler
                0x0000000008007cb8                USART1_IRQHandler
                0x0000000008007cb8                SPI3_IRQHandler
                0x0000000008007cb8                DMA1_Stream4_IRQHandler
                0x0000000008007cb8                I2C1_ER_IRQHandler
                0x0000000008007cb8                RTC_Alarm_IRQHandler
 *fill*         0x0000000008007cba        0x2 
 .text.__libc_init_array
                0x0000000008007cbc       0x48 /Users/johannes/Library/Application Support/Code/User/globalStorage/bmd.stm32-for-vscode/@xpack-dev-tools/arm-none-eabi-gcc/11.2.1-1.2.2/.content/bin/../lib/gcc/arm-none-eabi/11.2.1/../../../../arm-none-eabi/lib/thumb/v7e-m+fp/hard/libc_nano.a(lib_a-init.o)
                0x0000000008007cbc                __libc_init_array
 .text.malloc   0x0000000008007d04       0x10 /Users/johannes/Library/Application Support/Code/User/globalStorage/bmd.stm32-for-vscode/@xpack-dev-tools/arm-none-eabi-gcc/11.2.1-1.2.2/.content/bin/../lib/gcc/arm-none-eabi/11.2.1/../../../../arm-none-eabi/lib/thumb/v7e-m+fp/hard/libc_nano.a(lib_a-malloc.o)
                0x0000000008007d04                malloc
 .text.free     0x0000000008007d14       0x10 /Users/johannes/Library/Application Support/Code/User/globalStorage/bmd.stm32-for-vscode/@xpack-dev-tools/arm-none-eabi-gcc/11.2.1-1.2.2/.content/bin/../lib/gcc/arm-none-eabi/11.2.1/../../../../arm-none-eabi/lib/thumb/v7e-m+fp/hard/libc_nano.a(lib_a-malloc.o)
                0x0000000008007d14                free
 .text.memcpy   0x0000000008007d24       0x1c /Users/johannes/Library/Application Support/Code/User/globalStorage/bmd.stm32-for-vscode/@xpack-dev-tools/arm-none-eabi-gcc/11.2.1-1.2.2/.content/bin/../lib/gcc/arm-none-eabi/11.2.1/../../../../arm-none-eabi/lib/thumb/v7e-m+fp/hard/libc_nano.a(lib_a-memcpy-stub.o)
                0x0000000008007d24                memcpy
 .text.memset   0x0000000008007d40       0x10 /Users/johannes/Library/Application Support/Code/User/globalStorage/bmd.stm32-for-vscode/@xpack-dev-tools/arm-none-eabi-gcc/11.2.1-1.2.2/.content/bin/../lib/gcc/arm-none-eabi/11.2.1/../../../../arm-none-eabi/lib/thumb/v7e-m+fp/hard/libc_nano.a(lib_a-memset.o)
                0x0000000008007d40                memset
 .text._free_r  0x0000000008007d50       0x98 /Users/johannes/Library/Application Support/Code/User/globalStorage/bmd.stm32-for-vscode/@xpack-dev-tools/arm-none-eabi-gcc/11.2.1-1.2.2/.content/bin/../lib/gcc/arm-none-eabi/11.2.1/../../../../arm-none-eabi/lib/thumb/v7e-m+fp/hard/libc_nano.a(lib_a-nano-freer.o)
                0x0000000008007d50                _free_r
 .text.sbrk_aligned
                0x0000000008007de8       0x40 /Users/johannes/Library/Application Support/Code/User/globalStorage/bmd.stm32-for-vscode/@xpack-dev-tools/arm-none-eabi-gcc/11.2.1-1.2.2/.content/bin/../lib/gcc/arm-none-eabi/11.2.1/../../../../arm-none-eabi/lib/thumb/v7e-m+fp/hard/libc_nano.a(lib_a-nano-mallocr.o)
 .text._malloc_r
                0x0000000008007e28       0xe8 /Users/johannes/Library/Application Support/Code/User/globalStorage/bmd.stm32-for-vscode/@xpack-dev-tools/arm-none-eabi-gcc/11.2.1-1.2.2/.content/bin/../lib/gcc/arm-none-eabi/11.2.1/../../../../arm-none-eabi/lib/thumb/v7e-m+fp/hard/libc_nano.a(lib_a-nano-mallocr.o)
                0x0000000008007e28                _malloc_r
 .text._sbrk_r  0x0000000008007f10       0x20 /Users/johannes/Library/Application Support/Code/User/globalStorage/bmd.stm32-for-vscode/@xpack-dev-tools/arm-none-eabi-gcc/11.2.1-1.2.2/.content/bin/../lib/gcc/arm-none-eabi/11.2.1/../../../../arm-none-eabi/lib/thumb/v7e-m+fp/hard/libc_nano.a(lib_a-sbrkr.o)
                0x0000000008007f10                _sbrk_r
 .text.__malloc_lock
                0x0000000008007f30        0x2 /Users/johannes/Library/Application Support/Code/User/globalStorage/bmd.stm32-for-vscode/@xpack-dev-tools/arm-none-eabi-gcc/11.2.1-1.2.2/.content/bin/../lib/gcc/arm-none-eabi/11.2.1/../../../../arm-none-eabi/lib/thumb/v7e-m+fp/hard/libc_nano.a(lib_a-mlock.o)
                0x0000000008007f30                __malloc_lock
 .text.__malloc_unlock
                0x0000000008007f32        0x2 /Users/johannes/Library/Application Support/Code/User/globalStorage/bmd.stm32-for-vscode/@xpack-dev-tools/arm-none-eabi-gcc/11.2.1-1.2.2/.content/bin/../lib/gcc/arm-none-eabi/11.2.1/../../../../arm-none-eabi/lib/thumb/v7e-m+fp/hard/libc_nano.a(lib_a-mlock.o)
                0x0000000008007f32                __malloc_unlock
 .text._sbrk    0x0000000008007f34       0x1c /Users/johannes/Library/Application Support/Code/User/globalStorage/bmd.stm32-for-vscode/@xpack-dev-tools/arm-none-eabi-gcc/11.2.1-1.2.2/.content/bin/../lib/gcc/arm-none-eabi/11.2.1/../../../../arm-none-eabi/lib/thumb/v7e-m+fp/hard/libnosys.a(sbrk.o)
                0x0000000008007f34                _sbrk
 .text.__udivmoddi4
                0x0000000008007f50      0x2c8 /Users/johannes/Library/Application Support/Code/User/globalStorage/bmd.stm32-for-vscode/@xpack-dev-tools/arm-none-eabi-gcc/11.2.1-1.2.2/.content/bin/../lib/gcc/arm-none-eabi/11.2.1/thumb/v7e-m+fp/hard/libgcc.a(_udivmoddi4.o)
                0x0000000008007f50                __udivmoddi4
 *(.glue_7)
 .glue_7        0x0000000008008218        0x0 linker stubs
 *(.glue_7t)
 .glue_7t       0x0000000008008218        0x0 linker stubs
 *(.eh_frame)
 .eh_frame      0x0000000008008218        0x0 /Users/johannes/Library/Application Support/Code/User/globalStorage/bmd.stm32-for-vscode/@xpack-dev-tools/arm-none-eabi-gcc/11.2.1-1.2.2/.content/bin/../lib/gcc/arm-none-eabi/11.2.1/thumb/v7e-m+fp/hard/crtbegin.o
 *(.init)
 .init          0x0000000008008218        0x4 /Users/johannes/Library/Application Support/Code/User/globalStorage/bmd.stm32-for-vscode/@xpack-dev-tools/arm-none-eabi-gcc/11.2.1-1.2.2/.content/bin/../lib/gcc/arm-none-eabi/11.2.1/thumb/v7e-m+fp/hard/crti.o
                0x0000000008008218                _init
 .init          0x000000000800821c        0x8 /Users/johannes/Library/Application Support/Code/User/globalStorage/bmd.stm32-for-vscode/@xpack-dev-tools/arm-none-eabi-gcc/11.2.1-1.2.2/.content/bin/../lib/gcc/arm-none-eabi/11.2.1/thumb/v7e-m+fp/hard/crtn.o
 *(.fini)
 .fini          0x0000000008008224        0x4 /Users/johannes/Library/Application Support/Code/User/globalStorage/bmd.stm32-for-vscode/@xpack-dev-tools/arm-none-eabi-gcc/11.2.1-1.2.2/.content/bin/../lib/gcc/arm-none-eabi/11.2.1/thumb/v7e-m+fp/hard/crti.o
                0x0000000008008224                _fini
 .fini          0x0000000008008228        0x8 /Users/johannes/Library/Application Support/Code/User/globalStorage/bmd.stm32-for-vscode/@xpack-dev-tools/arm-none-eabi-gcc/11.2.1-1.2.2/.content/bin/../lib/gcc/arm-none-eabi/11.2.1/thumb/v7e-m+fp/hard/crtn.o
                0x0000000008008230                . = ALIGN (0x4)
                0x0000000008008230                _etext = .

.vfp11_veneer   0x0000000008008230        0x0
 .vfp11_veneer  0x0000000008008230        0x0 linker stubs

.v4_bx          0x0000000008008230        0x0
 .v4_bx         0x0000000008008230        0x0 linker stubs

.iplt           0x0000000008008230        0x0
 .iplt          0x0000000008008230        0x0 /Users/johannes/Library/Application Support/Code/User/globalStorage/bmd.stm32-for-vscode/@xpack-dev-tools/arm-none-eabi-gcc/11.2.1-1.2.2/.content/bin/../lib/gcc/arm-none-eabi/11.2.1/thumb/v7e-m+fp/hard/crtbegin.o

.rodata         0x0000000008008230     0x32a0
                0x0000000008008230                . = ALIGN (0x4)
 *(.rodata)
 *(.rodata*)
 .rodata.log_lut
                0x0000000008008230     0x1004 build/ADSR_envelope.o
                0x0000000008008230                log_lut
 .rodata.SEGGER_RTT_ReadUpBufferNoLock.str1.4
                0x0000000008009234        0x9 build/SEGGER_RTT.o
 *fill*         0x000000000800923d        0x3 
 .rodata.mtof   0x0000000008009240      0x200 build/audio.o
                0x0000000008009240                mtof
 .rodata.tan_lut
                0x0000000008009440     0x2004 build/lut_tan.o
                0x0000000008009440                tan_lut
 .rodata.main.str1.4
                0x000000000800b444       0x23 build/main.o
 *fill*         0x000000000800b467        0x1 
 .rodata.AHBPrescTable
                0x000000000800b468       0x10 build/system_stm32f4xx.o
                0x000000000800b468                AHBPrescTable
 .rodata.APBPrescTable
                0x000000000800b478        0x8 build/system_stm32f4xx.o
                0x000000000800b478                APBPrescTable
 .rodata.str1.4
                0x000000000800b480        0x5 build/usbh_MIDI.o
 *fill*         0x000000000800b485        0x3 
 .rodata.I2SPLLN
                0x000000000800b488       0x20 build/stm32f4_discovery_audio.o
                0x000000000800b488                I2SPLLN
 .rodata.I2SPLLR
                0x000000000800b4a8       0x20 build/stm32f4_discovery_audio.o
                0x000000000800b4a8                I2SPLLR
 .rodata.flagBitshiftOffset.0
                0x000000000800b4c8        0x8 build/stm32f4xx_hal_dma.o
                0x000000000800b4d0                . = ALIGN (0x4)

.ARM.extab
 *(.ARM.extab* .gnu.linkonce.armextab.*)

.ARM            0x000000000800b4d0        0x8
                0x000000000800b4d0                __exidx_start = .
 *(.ARM.exidx*)
 .ARM.exidx.text._sbrk
                0x000000000800b4d0        0x8 /Users/johannes/Library/Application Support/Code/User/globalStorage/bmd.stm32-for-vscode/@xpack-dev-tools/arm-none-eabi-gcc/11.2.1-1.2.2/.content/bin/../lib/gcc/arm-none-eabi/11.2.1/../../../../arm-none-eabi/lib/thumb/v7e-m+fp/hard/libnosys.a(sbrk.o)
 .ARM.exidx.text.__udivmoddi4
                0x000000000800b4d8        0x0 /Users/johannes/Library/Application Support/Code/User/globalStorage/bmd.stm32-for-vscode/@xpack-dev-tools/arm-none-eabi-gcc/11.2.1-1.2.2/.content/bin/../lib/gcc/arm-none-eabi/11.2.1/thumb/v7e-m+fp/hard/libgcc.a(_udivmoddi4.o)
                                          0x8 (size before relaxing)
                0x000000000800b4d8                __exidx_end = .

.rel.dyn        0x000000000800b4d8        0x0
 .rel.iplt      0x000000000800b4d8        0x0 /Users/johannes/Library/Application Support/Code/User/globalStorage/bmd.stm32-for-vscode/@xpack-dev-tools/arm-none-eabi-gcc/11.2.1-1.2.2/.content/bin/../lib/gcc/arm-none-eabi/11.2.1/thumb/v7e-m+fp/hard/crtbegin.o

.preinit_array  0x000000000800b4d8        0x0
                0x000000000800b4d8                PROVIDE (__preinit_array_start = .)
 *(.preinit_array*)
                0x000000000800b4d8                PROVIDE (__preinit_array_end = .)

.init_array     0x000000000800b4d8        0x4
                0x000000000800b4d8                PROVIDE (__init_array_start = .)
 *(SORT_BY_NAME(.init_array.*))
 *(.init_array*)
 .init_array    0x000000000800b4d8        0x4 /Users/johannes/Library/Application Support/Code/User/globalStorage/bmd.stm32-for-vscode/@xpack-dev-tools/arm-none-eabi-gcc/11.2.1-1.2.2/.content/bin/../lib/gcc/arm-none-eabi/11.2.1/thumb/v7e-m+fp/hard/crtbegin.o
                0x000000000800b4dc                PROVIDE (__init_array_end = .)

.fini_array     0x000000000800b4dc        0x4
                0x000000000800b4dc                PROVIDE (__fini_array_start = .)
 *(SORT_BY_NAME(.fini_array.*))
 *(.fini_array*)
 .fini_array    0x000000000800b4dc        0x4 /Users/johannes/Library/Application Support/Code/User/globalStorage/bmd.stm32-for-vscode/@xpack-dev-tools/arm-none-eabi-gcc/11.2.1-1.2.2/.content/bin/../lib/gcc/arm-none-eabi/11.2.1/thumb/v7e-m+fp/hard/crtbegin.o
                0x000000000800b4e0                PROVIDE (__fini_array_end = .)
                0x000000000800b4e0                _sidata = LOADADDR (.data)

.data           0x0000000020000000       0xd0 load address 0x000000000800b4e0
                0x0000000020000000                . = ALIGN (0x4)
                0x0000000020000000                _sdata = .
 *(.data)
 *(.data*)
 .data.delay_wet
                0x0000000020000000        0x4 build/stereo_delay.o
 .data.feedback
                0x0000000020000004        0x4 build/stereo_delay.o
 .data.SystemCoreClock
                0x0000000020000008        0x4 build/system_stm32f4xx.o
                0x0000000020000008                SystemCoreClock
 .data.MIDI_Class
                0x000000002000000c       0x20 build/usbh_MIDI.o
                0x000000002000000c                MIDI_Class
 .data.Is_cs43l22_Stop
                0x000000002000002c        0x1 build/cs43l22.o
 *fill*         0x000000002000002d        0x3 
 .data.cs43l22_drv
                0x0000000020000030       0x30 build/cs43l22.o
                0x0000000020000030                cs43l22_drv
 .data.I2cxTimeout
                0x0000000020000060        0x4 build/stm32f4_discovery.o
                0x0000000020000060                I2cxTimeout
 .data.uwTickFreq
                0x0000000020000064        0x1 build/stm32f4xx_hal.o
                0x0000000020000064                uwTickFreq
 *fill*         0x0000000020000065        0x3 
 .data.uwTickPrio
                0x0000000020000068        0x4 build/stm32f4xx_hal.o
                0x0000000020000068                uwTickPrio
 .data._impure_ptr
                0x000000002000006c        0x4 /Users/johannes/Library/Application Support/Code/User/globalStorage/bmd.stm32-for-vscode/@xpack-dev-tools/arm-none-eabi-gcc/11.2.1-1.2.2/.content/bin/../lib/gcc/arm-none-eabi/11.2.1/../../../../arm-none-eabi/lib/thumb/v7e-m+fp/hard/libc_nano.a(lib_a-impure.o)
                0x000000002000006c                _impure_ptr
 .data.impure_data
                0x0000000020000070       0x60 /Users/johannes/Library/Application Support/Code/User/globalStorage/bmd.stm32-for-vscode/@xpack-dev-tools/arm-none-eabi-gcc/11.2.1-1.2.2/.content/bin/../lib/gcc/arm-none-eabi/11.2.1/../../../../arm-none-eabi/lib/thumb/v7e-m+fp/hard/libc_nano.a(lib_a-impure.o)
                0x00000000200000d0                . = ALIGN (0x4)
                0x00000000200000d0                _edata = .
                0x000000000800b5b0                _siccmram = LOADADDR (.ccmram)

.igot.plt       0x00000000200000d0        0x0 load address 0x000000000800b5b0
 .igot.plt      0x00000000200000d0        0x0 /Users/johannes/Library/Application Support/Code/User/globalStorage/bmd.stm32-for-vscode/@xpack-dev-tools/arm-none-eabi-gcc/11.2.1-1.2.2/.content/bin/../lib/gcc/arm-none-eabi/11.2.1/thumb/v7e-m+fp/hard/crtbegin.o

.ccmram         0x0000000010000000      0x140 load address 0x000000000800b5b0
                0x0000000010000000                . = ALIGN (0x4)
                0x0000000010000000                _sccmram = .
 *(.ccmram)
 .ccmram        0x0000000010000000       0x50 build/ADSR_envelope.o
                0x0000000010000000                adsr_filt
                0x0000000010000028                adsr_amp
 .ccmram        0x0000000010000050       0x40 build/MIDI_application.o
                0x0000000010000050                MIDI_RX_Buffer
 .ccmram        0x0000000010000090        0x4 build/MIDI_event.o
                0x0000000010000090                pitchbend
                0x0000000010000092                currentPitch
                0x0000000010000093                velocity
 .ccmram        0x0000000010000094        0x8 build/audio.o
 .ccmram        0x000000001000009c       0x28 build/filters.o
                0x000000001000009c                lp_R
                0x00000000100000b0                lp_L
 .ccmram        0x00000000100000c4       0x18 build/ladder_filter.o
                0x00000000100000c4                Moog_filter
 .ccmram        0x00000000100000dc       0x54 build/oscillators.o
                0x00000000100000dc                osc1
                0x00000000100000f8                osc2
                0x0000000010000114                sub_osc
 .ccmram        0x0000000010000130       0x10 build/stereo_delay.o
 *(.ccmram*)
                0x0000000010000140                . = ALIGN (0x4)
                0x0000000010000140                _eccmram = .
                0x0000000010000140                . = ALIGN (0x4)

.bss            0x00000000200000d0    0x16914
                0x00000000200000d0                _sbss = .
                0x00000000200000d0                __bss_start__ = _sbss
 *(.bss)
 *(.bss*)
 .bss.completed.1
                0x00000000200000d0        0x1 /Users/johannes/Library/Application Support/Code/User/globalStorage/bmd.stm32-for-vscode/@xpack-dev-tools/arm-none-eabi-gcc/11.2.1-1.2.2/.content/bin/../lib/gcc/arm-none-eabi/11.2.1/thumb/v7e-m+fp/hard/crtbegin.o
 *fill*         0x00000000200000d1        0x3 
 .bss.object.0  0x00000000200000d4       0x18 /Users/johannes/Library/Application Support/Code/User/globalStorage/bmd.stm32-for-vscode/@xpack-dev-tools/arm-none-eabi-gcc/11.2.1-1.2.2/.content/bin/../lib/gcc/arm-none-eabi/11.2.1/thumb/v7e-m+fp/hard/crtbegin.o
 .bss.Appli_state
                0x00000000200000ec        0x1 build/MIDI_event.o
                0x00000000200000ec                Appli_state
 *fill*         0x00000000200000ed        0x3 
 .bss.hUSBHost  0x00000000200000f0      0x61c build/MIDI_event.o
                0x00000000200000f0                hUSBHost
 .bss.notesCount
                0x000000002000070c        0x1 build/MIDI_event.o
                0x000000002000070c                notesCount
 *fill*         0x000000002000070d        0x3 
 .bss.notes_Active
                0x0000000020000710       0x80 build/MIDI_event.o
                0x0000000020000710                notes_Active
 .bss._SEGGER_RTT
                0x0000000020000790       0xa8 build/SEGGER_RTT.o
                0x0000000020000790                _SEGGER_RTT
 .bss._acDownBuffer
                0x0000000020000838       0x10 build/SEGGER_RTT.o
 .bss._acUpBuffer
                0x0000000020000848      0x400 build/SEGGER_RTT.o
 .bss.audioBuffer
                0x0000000020000c48       0x80 build/audio.o
                0x0000000020000c48                audioBuffer
 .bss.hi2c1     0x0000000020000cc8       0x54 build/i2c.o
                0x0000000020000cc8                hi2c1
 .bss.hi2s3     0x0000000020000d1c       0x48 build/i2s.o
                0x0000000020000d1c                hi2s3
 .bss.hspi1     0x0000000020000d64       0x58 build/spi.o
                0x0000000020000d64                hspi1
 .bss.delaylineL
                0x0000000020000dbc     0xabe0 build/stereo_delay.o
 .bss.delaylineR
                0x000000002000b99c     0xabe0 build/stereo_delay.o
 *fill*         0x000000002001657c        0x4 
 .bss.hHCD      0x0000000020016580      0x304 build/usbh_conf.o
                0x0000000020016580                hHCD
 .bss.OutputDev
                0x0000000020016884        0x1 build/cs43l22.o
                0x0000000020016884                OutputDev
 *fill*         0x0000000020016885        0x3 
 .bss.I2cHandle
                0x0000000020016888       0x54 build/stm32f4_discovery.o
 .bss.hAudioInI2s
                0x00000000200168dc       0x48 build/stm32f4_discovery_audio.o
                0x00000000200168dc                hAudioInI2s
 .bss.hAudioOutI2s
                0x0000000020016924       0x48 build/stm32f4_discovery_audio.o
                0x0000000020016924                hAudioOutI2s
 .bss.hdma_i2sTx.1
                0x000000002001696c       0x60 build/stm32f4_discovery_audio.o
 .bss.pAudioDrv
                0x00000000200169cc        0x4 build/stm32f4_discovery_audio.o
 .bss.uwTick    0x00000000200169d0        0x4 build/stm32f4xx_hal.o
                0x00000000200169d0                uwTick
 .bss.__malloc_free_list
                0x00000000200169d4        0x4 /Users/johannes/Library/Application Support/Code/User/globalStorage/bmd.stm32-for-vscode/@xpack-dev-tools/arm-none-eabi-gcc/11.2.1-1.2.2/.content/bin/../lib/gcc/arm-none-eabi/11.2.1/../../../../arm-none-eabi/lib/thumb/v7e-m+fp/hard/libc_nano.a(lib_a-nano-mallocr.o)
                0x00000000200169d4                __malloc_free_list
 .bss.__malloc_sbrk_start
                0x00000000200169d8        0x4 /Users/johannes/Library/Application Support/Code/User/globalStorage/bmd.stm32-for-vscode/@xpack-dev-tools/arm-none-eabi-gcc/11.2.1-1.2.2/.content/bin/../lib/gcc/arm-none-eabi/11.2.1/../../../../arm-none-eabi/lib/thumb/v7e-m+fp/hard/libc_nano.a(lib_a-nano-mallocr.o)
                0x00000000200169d8                __malloc_sbrk_start
 .bss.errno     0x00000000200169dc        0x4 /Users/johannes/Library/Application Support/Code/User/globalStorage/bmd.stm32-for-vscode/@xpack-dev-tools/arm-none-eabi-gcc/11.2.1-1.2.2/.content/bin/../lib/gcc/arm-none-eabi/11.2.1/../../../../arm-none-eabi/lib/thumb/v7e-m+fp/hard/libc_nano.a(lib_a-reent.o)
                0x00000000200169dc                errno
 .bss.heap_end.0
                0x00000000200169e0        0x4 /Users/johannes/Library/Application Support/Code/User/globalStorage/bmd.stm32-for-vscode/@xpack-dev-tools/arm-none-eabi-gcc/11.2.1-1.2.2/.content/bin/../lib/gcc/arm-none-eabi/11.2.1/../../../../arm-none-eabi/lib/thumb/v7e-m+fp/hard/libnosys.a(sbrk.o)
 *(COMMON)
                0x00000000200169e4                . = ALIGN (0x4)
                0x00000000200169e4                _ebss = .
                0x00000000200169e4                __bss_end__ = _ebss

._user_heap_stack
                0x00000000200169e4      0x604
                0x00000000200169e8                . = ALIGN (0x8)
 *fill*         0x00000000200169e4        0x4 
                0x00000000200169e8                PROVIDE (end = .)
                [!provide]                        PROVIDE (_end = .)
                0x0000000020016be8                . = (. + _Min_Heap_Size)
 *fill*         0x00000000200169e8      0x200 
                0x0000000020016fe8                . = (. + _Min_Stack_Size)
 *fill*         0x0000000020016be8      0x400 
                0x0000000020016fe8                . = ALIGN (0x8)

/DISCARD/
 libc.a(*)
 libm.a(*)
 libgcc.a(*)

.ARM.attributes
                0x0000000000000000       0x30
 *(.ARM.attributes)
 .ARM.attributes
                0x0000000000000000       0x1e /Users/johannes/Library/Application Support/Code/User/globalStorage/bmd.stm32-for-vscode/@xpack-dev-tools/arm-none-eabi-gcc/11.2.1-1.2.2/.content/bin/../lib/gcc/arm-none-eabi/11.2.1/thumb/v7e-m+fp/hard/crti.o
 .ARM.attributes
                0x000000000000001e       0x34 /Users/johannes/Library/Application Support/Code/User/globalStorage/bmd.stm32-for-vscode/@xpack-dev-tools/arm-none-eabi-gcc/11.2.1-1.2.2/.content/bin/../lib/gcc/arm-none-eabi/11.2.1/thumb/v7e-m+fp/hard/crtbegin.o
 .ARM.attributes
                0x0000000000000052       0x34 build/ADSR_envelope.o
 .ARM.attributes
                0x0000000000000086       0x34 build/MIDI_application.o
 .ARM.attributes
                0x00000000000000ba       0x34 build/MIDI_event.o
 .ARM.attributes
                0x00000000000000ee       0x34 build/SEGGER_RTT.o
 .ARM.attributes
                0x0000000000000122       0x34 build/audio.o
 .ARM.attributes
                0x0000000000000156       0x34 build/filters.o
 .ARM.attributes
                0x000000000000018a       0x34 build/gpio.o
 .ARM.attributes
                0x00000000000001be       0x34 build/helper_functions.o
 .ARM.attributes
                0x00000000000001f2       0x34 build/i2c.o
 .ARM.attributes
                0x0000000000000226       0x34 build/i2s.o
 .ARM.attributes
                0x000000000000025a       0x34 build/ladder_filter.o
 .ARM.attributes
                0x000000000000028e       0x34 build/lut_tan.o
 .ARM.attributes
                0x00000000000002c2       0x34 build/main.o
 .ARM.attributes
                0x00000000000002f6       0x34 build/oscillators.o
 .ARM.attributes
                0x000000000000032a       0x34 build/spi.o
 .ARM.attributes
                0x000000000000035e       0x34 build/stereo_delay.o
 .ARM.attributes
                0x0000000000000392       0x34 build/stm32f4xx_hal_msp.o
 .ARM.attributes
                0x00000000000003c6       0x34 build/stm32f4xx_it.o
 .ARM.attributes
                0x00000000000003fa       0x34 build/system_stm32f4xx.o
 .ARM.attributes
                0x000000000000042e       0x34 build/usbh_MIDI.o
 .ARM.attributes
                0x0000000000000462       0x34 build/usbh_conf.o
 .ARM.attributes
                0x0000000000000496       0x34 build/cs43l22.o
 .ARM.attributes
                0x00000000000004ca       0x34 build/stm32f4_discovery.o
 .ARM.attributes
                0x00000000000004fe       0x34 build/stm32f4_discovery_audio.o
 .ARM.attributes
                0x0000000000000532       0x34 build/stm32f4xx_hal.o
 .ARM.attributes
                0x0000000000000566       0x34 build/stm32f4xx_hal_cortex.o
 .ARM.attributes
                0x000000000000059a       0x34 build/stm32f4xx_hal_dma.o
 .ARM.attributes
                0x00000000000005ce       0x34 build/stm32f4xx_hal_gpio.o
 .ARM.attributes
                0x0000000000000602       0x34 build/stm32f4xx_hal_hcd.o
 .ARM.attributes
                0x0000000000000636       0x34 build/stm32f4xx_hal_i2c.o
 .ARM.attributes
                0x000000000000066a       0x34 build/stm32f4xx_hal_i2s.o
 .ARM.attributes
                0x000000000000069e       0x34 build/stm32f4xx_hal_i2s_ex.o
 .ARM.attributes
                0x00000000000006d2       0x34 build/stm32f4xx_hal_rcc.o
 .ARM.attributes
                0x0000000000000706       0x34 build/stm32f4xx_hal_rcc_ex.o
 .ARM.attributes
                0x000000000000073a       0x34 build/stm32f4xx_hal_spi.o
 .ARM.attributes
                0x000000000000076e       0x34 build/stm32f4xx_ll_usb.o
 .ARM.attributes
                0x00000000000007a2       0x34 build/usbh_core.o
 .ARM.attributes
                0x00000000000007d6       0x34 build/usbh_ctlreq.o
 .ARM.attributes
                0x000000000000080a       0x34 build/usbh_ioreq.o
 .ARM.attributes
                0x000000000000083e       0x34 build/usbh_pipes.o
 .ARM.attributes
                0x0000000000000872       0x21 build/startup_stm32f407xx.o
 .ARM.attributes
                0x0000000000000893       0x34 /Users/johannes/Library/Application Support/Code/User/globalStorage/bmd.stm32-for-vscode/@xpack-dev-tools/arm-none-eabi-gcc/11.2.1-1.2.2/.content/bin/../lib/gcc/arm-none-eabi/11.2.1/../../../../arm-none-eabi/lib/thumb/v7e-m+fp/hard/libc_nano.a(lib_a-impure.o)
 .ARM.attributes
                0x00000000000008c7       0x34 /Users/johannes/Library/Application Support/Code/User/globalStorage/bmd.stm32-for-vscode/@xpack-dev-tools/arm-none-eabi-gcc/11.2.1-1.2.2/.content/bin/../lib/gcc/arm-none-eabi/11.2.1/../../../../arm-none-eabi/lib/thumb/v7e-m+fp/hard/libc_nano.a(lib_a-init.o)
 .ARM.attributes
                0x00000000000008fb       0x34 /Users/johannes/Library/Application Support/Code/User/globalStorage/bmd.stm32-for-vscode/@xpack-dev-tools/arm-none-eabi-gcc/11.2.1-1.2.2/.content/bin/../lib/gcc/arm-none-eabi/11.2.1/../../../../arm-none-eabi/lib/thumb/v7e-m+fp/hard/libc_nano.a(lib_a-malloc.o)
 .ARM.attributes
                0x000000000000092f       0x34 /Users/johannes/Library/Application Support/Code/User/globalStorage/bmd.stm32-for-vscode/@xpack-dev-tools/arm-none-eabi-gcc/11.2.1-1.2.2/.content/bin/../lib/gcc/arm-none-eabi/11.2.1/../../../../arm-none-eabi/lib/thumb/v7e-m+fp/hard/libc_nano.a(lib_a-memcpy-stub.o)
 .ARM.attributes
                0x0000000000000963       0x34 /Users/johannes/Library/Application Support/Code/User/globalStorage/bmd.stm32-for-vscode/@xpack-dev-tools/arm-none-eabi-gcc/11.2.1-1.2.2/.content/bin/../lib/gcc/arm-none-eabi/11.2.1/../../../../arm-none-eabi/lib/thumb/v7e-m+fp/hard/libc_nano.a(lib_a-memset.o)
 .ARM.attributes
                0x0000000000000997       0x34 /Users/johannes/Library/Application Support/Code/User/globalStorage/bmd.stm32-for-vscode/@xpack-dev-tools/arm-none-eabi-gcc/11.2.1-1.2.2/.content/bin/../lib/gcc/arm-none-eabi/11.2.1/../../../../arm-none-eabi/lib/thumb/v7e-m+fp/hard/libc_nano.a(lib_a-nano-freer.o)
 .ARM.attributes
                0x00000000000009cb       0x34 /Users/johannes/Library/Application Support/Code/User/globalStorage/bmd.stm32-for-vscode/@xpack-dev-tools/arm-none-eabi-gcc/11.2.1-1.2.2/.content/bin/../lib/gcc/arm-none-eabi/11.2.1/../../../../arm-none-eabi/lib/thumb/v7e-m+fp/hard/libc_nano.a(lib_a-nano-mallocr.o)
 .ARM.attributes
                0x00000000000009ff       0x34 /Users/johannes/Library/Application Support/Code/User/globalStorage/bmd.stm32-for-vscode/@xpack-dev-tools/arm-none-eabi-gcc/11.2.1-1.2.2/.content/bin/../lib/gcc/arm-none-eabi/11.2.1/../../../../arm-none-eabi/lib/thumb/v7e-m+fp/hard/libc_nano.a(lib_a-sbrkr.o)
 .ARM.attributes
                0x0000000000000a33       0x17 /Users/johannes/Library/Application Support/Code/User/globalStorage/bmd.stm32-for-vscode/@xpack-dev-tools/arm-none-eabi-gcc/11.2.1-1.2.2/.content/bin/../lib/gcc/arm-none-eabi/11.2.1/../../../../arm-none-eabi/lib/thumb/v7e-m+fp/hard/libc_nano.a(lib_a-strlen.o)
 .ARM.attributes
                0x0000000000000a4a       0x34 /Users/johannes/Library/Application Support/Code/User/globalStorage/bmd.stm32-for-vscode/@xpack-dev-tools/arm-none-eabi-gcc/11.2.1-1.2.2/.content/bin/../lib/gcc/arm-none-eabi/11.2.1/../../../../arm-none-eabi/lib/thumb/v7e-m+fp/hard/libc_nano.a(lib_a-mlock.o)
 .ARM.attributes
                0x0000000000000a7e       0x34 /Users/johannes/Library/Application Support/Code/User/globalStorage/bmd.stm32-for-vscode/@xpack-dev-tools/arm-none-eabi-gcc/11.2.1-1.2.2/.content/bin/../lib/gcc/arm-none-eabi/11.2.1/../../../../arm-none-eabi/lib/thumb/v7e-m+fp/hard/libc_nano.a(lib_a-reent.o)
 .ARM.attributes
                0x0000000000000ab2       0x34 /Users/johannes/Library/Application Support/Code/User/globalStorage/bmd.stm32-for-vscode/@xpack-dev-tools/arm-none-eabi-gcc/11.2.1-1.2.2/.content/bin/../lib/gcc/arm-none-eabi/11.2.1/../../../../arm-none-eabi/lib/thumb/v7e-m+fp/hard/libnosys.a(sbrk.o)
 .ARM.attributes
                0x0000000000000ae6       0x1e /Users/johannes/Library/Application Support/Code/User/globalStorage/bmd.stm32-for-vscode/@xpack-dev-tools/arm-none-eabi-gcc/11.2.1-1.2.2/.content/bin/../lib/gcc/arm-none-eabi/11.2.1/thumb/v7e-m+fp/hard/libgcc.a(_arm_muldf3.o)
 .ARM.attributes
                0x0000000000000b04       0x1e /Users/johannes/Library/Application Support/Code/User/globalStorage/bmd.stm32-for-vscode/@xpack-dev-tools/arm-none-eabi-gcc/11.2.1-1.2.2/.content/bin/../lib/gcc/arm-none-eabi/11.2.1/thumb/v7e-m+fp/hard/libgcc.a(_arm_addsubdf3.o)
 .ARM.attributes
                0x0000000000000b22       0x1e /Users/johannes/Library/Application Support/Code/User/globalStorage/bmd.stm32-for-vscode/@xpack-dev-tools/arm-none-eabi-gcc/11.2.1-1.2.2/.content/bin/../lib/gcc/arm-none-eabi/11.2.1/thumb/v7e-m+fp/hard/libgcc.a(_arm_cmpdf2.o)
 .ARM.attributes
                0x0000000000000b40       0x1e /Users/johannes/Library/Application Support/Code/User/globalStorage/bmd.stm32-for-vscode/@xpack-dev-tools/arm-none-eabi-gcc/11.2.1-1.2.2/.content/bin/../lib/gcc/arm-none-eabi/11.2.1/thumb/v7e-m+fp/hard/libgcc.a(_arm_truncdfsf2.o)
 .ARM.attributes
                0x0000000000000b5e       0x1e /Users/johannes/Library/Application Support/Code/User/globalStorage/bmd.stm32-for-vscode/@xpack-dev-tools/arm-none-eabi-gcc/11.2.1-1.2.2/.content/bin/../lib/gcc/arm-none-eabi/11.2.1/thumb/v7e-m+fp/hard/libgcc.a(_aeabi_uldivmod.o)
 .ARM.attributes
                0x0000000000000b7c       0x34 /Users/johannes/Library/Application Support/Code/User/globalStorage/bmd.stm32-for-vscode/@xpack-dev-tools/arm-none-eabi-gcc/11.2.1-1.2.2/.content/bin/../lib/gcc/arm-none-eabi/11.2.1/thumb/v7e-m+fp/hard/libgcc.a(_udivmoddi4.o)
 .ARM.attributes
                0x0000000000000bb0       0x1e /Users/johannes/Library/Application Support/Code/User/globalStorage/bmd.stm32-for-vscode/@xpack-dev-tools/arm-none-eabi-gcc/11.2.1-1.2.2/.content/bin/../lib/gcc/arm-none-eabi/11.2.1/thumb/v7e-m+fp/hard/libgcc.a(_dvmd_tls.o)
 .ARM.attributes
                0x0000000000000bce       0x1e /Users/johannes/Library/Application Support/Code/User/globalStorage/bmd.stm32-for-vscode/@xpack-dev-tools/arm-none-eabi-gcc/11.2.1-1.2.2/.content/bin/../lib/gcc/arm-none-eabi/11.2.1/thumb/v7e-m+fp/hard/crtn.o
OUTPUT(build/stm32f407g_MES_Minisynth.elf elf32-littlearm)
LOAD linker stubs
LOAD /Users/johannes/Library/Application Support/Code/User/globalStorage/bmd.stm32-for-vscode/@xpack-dev-tools/arm-none-eabi-gcc/11.2.1-1.2.2/.content/bin/../lib/gcc/arm-none-eabi/11.2.1/../../../../arm-none-eabi/lib/thumb/v7e-m+fp/hard/libc.a
LOAD /Users/johannes/Library/Application Support/Code/User/globalStorage/bmd.stm32-for-vscode/@xpack-dev-tools/arm-none-eabi-gcc/11.2.1-1.2.2/.content/bin/../lib/gcc/arm-none-eabi/11.2.1/../../../../arm-none-eabi/lib/thumb/v7e-m+fp/hard/libm.a
LOAD /Users/johannes/Library/Application Support/Code/User/globalStorage/bmd.stm32-for-vscode/@xpack-dev-tools/arm-none-eabi-gcc/11.2.1-1.2.2/.content/bin/../lib/gcc/arm-none-eabi/11.2.1/thumb/v7e-m+fp/hard/libgcc.a

.comment        0x0000000000000000       0x39
 .comment       0x0000000000000000       0x39 /Users/johannes/Library/Application Support/Code/User/globalStorage/bmd.stm32-for-vscode/@xpack-dev-tools/arm-none-eabi-gcc/11.2.1-1.2.2/.content/bin/../lib/gcc/arm-none-eabi/11.2.1/thumb/v7e-m+fp/hard/crtbegin.o
                                         0x3a (size before relaxing)
 .comment       0x0000000000000039       0x3a build/ADSR_envelope.o
 .comment       0x0000000000000039       0x3a build/MIDI_application.o
 .comment       0x0000000000000039       0x3a build/MIDI_event.o
 .comment       0x0000000000000039       0x3a build/SEGGER_RTT.o
 .comment       0x0000000000000039       0x3a build/audio.o
 .comment       0x0000000000000039       0x3a build/filters.o
 .comment       0x0000000000000039       0x3a build/gpio.o
 .comment       0x0000000000000039       0x3a build/helper_functions.o
 .comment       0x0000000000000039       0x3a build/i2c.o
 .comment       0x0000000000000039       0x3a build/i2s.o
 .comment       0x0000000000000039       0x3a build/ladder_filter.o
 .comment       0x0000000000000039       0x3a build/lut_tan.o
 .comment       0x0000000000000039       0x3a build/main.o
 .comment       0x0000000000000039       0x3a build/oscillators.o
 .comment       0x0000000000000039       0x3a build/spi.o
 .comment       0x0000000000000039       0x3a build/stereo_delay.o
 .comment       0x0000000000000039       0x3a build/stm32f4xx_hal_msp.o
 .comment       0x0000000000000039       0x3a build/stm32f4xx_it.o
 .comment       0x0000000000000039       0x3a build/system_stm32f4xx.o
 .comment       0x0000000000000039       0x3a build/usbh_MIDI.o
 .comment       0x0000000000000039       0x3a build/usbh_conf.o
 .comment       0x0000000000000039       0x3a build/cs43l22.o
 .comment       0x0000000000000039       0x3a build/stm32f4_discovery.o
 .comment       0x0000000000000039       0x3a build/stm32f4_discovery_audio.o
 .comment       0x0000000000000039       0x3a build/stm32f4xx_hal.o
 .comment       0x0000000000000039       0x3a build/stm32f4xx_hal_cortex.o
 .comment       0x0000000000000039       0x3a build/stm32f4xx_hal_dma.o
 .comment       0x0000000000000039       0x3a build/stm32f4xx_hal_gpio.o
 .comment       0x0000000000000039       0x3a build/stm32f4xx_hal_hcd.o
 .comment       0x0000000000000039       0x3a build/stm32f4xx_hal_i2c.o
 .comment       0x0000000000000039       0x3a build/stm32f4xx_hal_i2s.o
 .comment       0x0000000000000039       0x3a build/stm32f4xx_hal_i2s_ex.o
 .comment       0x0000000000000039       0x3a build/stm32f4xx_hal_rcc.o
 .comment       0x0000000000000039       0x3a build/stm32f4xx_hal_rcc_ex.o
 .comment       0x0000000000000039       0x3a build/stm32f4xx_hal_spi.o
 .comment       0x0000000000000039       0x3a build/stm32f4xx_ll_usb.o
 .comment       0x0000000000000039       0x3a build/usbh_core.o
 .comment       0x0000000000000039       0x3a build/usbh_ctlreq.o
 .comment       0x0000000000000039       0x3a build/usbh_ioreq.o
 .comment       0x0000000000000039       0x3a build/usbh_pipes.o
 .comment       0x0000000000000039       0x3a /Users/johannes/Library/Application Support/Code/User/globalStorage/bmd.stm32-for-vscode/@xpack-dev-tools/arm-none-eabi-gcc/11.2.1-1.2.2/.content/bin/../lib/gcc/arm-none-eabi/11.2.1/../../../../arm-none-eabi/lib/thumb/v7e-m+fp/hard/libc_nano.a(lib_a-impure.o)
 .comment       0x0000000000000039       0x3a /Users/johannes/Library/Application Support/Code/User/globalStorage/bmd.stm32-for-vscode/@xpack-dev-tools/arm-none-eabi-gcc/11.2.1-1.2.2/.content/bin/../lib/gcc/arm-none-eabi/11.2.1/../../../../arm-none-eabi/lib/thumb/v7e-m+fp/hard/libc_nano.a(lib_a-init.o)
 .comment       0x0000000000000039       0x3a /Users/johannes/Library/Application Support/Code/User/globalStorage/bmd.stm32-for-vscode/@xpack-dev-tools/arm-none-eabi-gcc/11.2.1-1.2.2/.content/bin/../lib/gcc/arm-none-eabi/11.2.1/../../../../arm-none-eabi/lib/thumb/v7e-m+fp/hard/libc_nano.a(lib_a-malloc.o)
 .comment       0x0000000000000039       0x3a /Users/johannes/Library/Application Support/Code/User/globalStorage/bmd.stm32-for-vscode/@xpack-dev-tools/arm-none-eabi-gcc/11.2.1-1.2.2/.content/bin/../lib/gcc/arm-none-eabi/11.2.1/../../../../arm-none-eabi/lib/thumb/v7e-m+fp/hard/libc_nano.a(lib_a-memcpy-stub.o)
 .comment       0x0000000000000039       0x3a /Users/johannes/Library/Application Support/Code/User/globalStorage/bmd.stm32-for-vscode/@xpack-dev-tools/arm-none-eabi-gcc/11.2.1-1.2.2/.content/bin/../lib/gcc/arm-none-eabi/11.2.1/../../../../arm-none-eabi/lib/thumb/v7e-m+fp/hard/libc_nano.a(lib_a-memset.o)
 .comment       0x0000000000000039       0x3a /Users/johannes/Library/Application Support/Code/User/globalStorage/bmd.stm32-for-vscode/@xpack-dev-tools/arm-none-eabi-gcc/11.2.1-1.2.2/.content/bin/../lib/gcc/arm-none-eabi/11.2.1/../../../../arm-none-eabi/lib/thumb/v7e-m+fp/hard/libc_nano.a(lib_a-nano-freer.o)
 .comment       0x0000000000000039       0x3a /Users/johannes/Library/Application Support/Code/User/globalStorage/bmd.stm32-for-vscode/@xpack-dev-tools/arm-none-eabi-gcc/11.2.1-1.2.2/.content/bin/../lib/gcc/arm-none-eabi/11.2.1/../../../../arm-none-eabi/lib/thumb/v7e-m+fp/hard/libc_nano.a(lib_a-nano-mallocr.o)
 .comment       0x0000000000000039       0x3a /Users/johannes/Library/Application Support/Code/User/globalStorage/bmd.stm32-for-vscode/@xpack-dev-tools/arm-none-eabi-gcc/11.2.1-1.2.2/.content/bin/../lib/gcc/arm-none-eabi/11.2.1/../../../../arm-none-eabi/lib/thumb/v7e-m+fp/hard/libc_nano.a(lib_a-sbrkr.o)
 .comment       0x0000000000000039       0x3a /Users/johannes/Library/Application Support/Code/User/globalStorage/bmd.stm32-for-vscode/@xpack-dev-tools/arm-none-eabi-gcc/11.2.1-1.2.2/.content/bin/../lib/gcc/arm-none-eabi/11.2.1/../../../../arm-none-eabi/lib/thumb/v7e-m+fp/hard/libc_nano.a(lib_a-mlock.o)
 .comment       0x0000000000000039       0x3a /Users/johannes/Library/Application Support/Code/User/globalStorage/bmd.stm32-for-vscode/@xpack-dev-tools/arm-none-eabi-gcc/11.2.1-1.2.2/.content/bin/../lib/gcc/arm-none-eabi/11.2.1/../../../../arm-none-eabi/lib/thumb/v7e-m+fp/hard/libc_nano.a(lib_a-reent.o)
 .comment       0x0000000000000039       0x3a /Users/johannes/Library/Application Support/Code/User/globalStorage/bmd.stm32-for-vscode/@xpack-dev-tools/arm-none-eabi-gcc/11.2.1-1.2.2/.content/bin/../lib/gcc/arm-none-eabi/11.2.1/../../../../arm-none-eabi/lib/thumb/v7e-m+fp/hard/libnosys.a(sbrk.o)
 .comment       0x0000000000000039       0x3a /Users/johannes/Library/Application Support/Code/User/globalStorage/bmd.stm32-for-vscode/@xpack-dev-tools/arm-none-eabi-gcc/11.2.1-1.2.2/.content/bin/../lib/gcc/arm-none-eabi/11.2.1/thumb/v7e-m+fp/hard/libgcc.a(_udivmoddi4.o)

.debug_info     0x0000000000000000    0x2a487
 .debug_info    0x0000000000000000      0xb4d build/ADSR_envelope.o
 .debug_info    0x0000000000000b4d      0xdfb build/MIDI_application.o
 .debug_info    0x0000000000001948      0xfb7 build/MIDI_event.o
 .debug_info    0x00000000000028ff     0x3cf2 build/SEGGER_RTT.o
 .debug_info    0x00000000000065f1      0xf5d build/audio.o
 .debug_info    0x000000000000754e      0x26a build/filters.o
 .debug_info    0x00000000000077b8      0x5b4 build/gpio.o
 .debug_info    0x0000000000007d6c      0x195 build/helper_functions.o
 .debug_info    0x0000000000007f01      0x9f4 build/i2c.o
 .debug_info    0x00000000000088f5      0xaf2 build/i2s.o
 .debug_info    0x00000000000093e7      0x345 build/ladder_filter.o
 .debug_info    0x000000000000972c       0x58 build/lut_tan.o
 .debug_info    0x0000000000009784      0xf94 build/main.o
 .debug_info    0x000000000000a718      0x6a7 build/oscillators.o
 .debug_info    0x000000000000adbf      0x9b1 build/spi.o
 .debug_info    0x000000000000b770      0x419 build/stereo_delay.o
 .debug_info    0x000000000000bb89      0x29c build/stm32f4xx_hal_msp.o
 .debug_info    0x000000000000be25      0x659 build/stm32f4xx_it.o
 .debug_info    0x000000000000c47e      0x527 build/system_stm32f4xx.o
 .debug_info    0x000000000000c9a5     0x1241 build/usbh_MIDI.o
 .debug_info    0x000000000000dbe6     0x1d88 build/usbh_conf.o
 .debug_info    0x000000000000f96e     0x1b4f build/cs43l22.o
 .debug_info    0x00000000000114bd     0x1f8b build/stm32f4_discovery.o
 .debug_info    0x0000000000013448     0x1f03 build/stm32f4_discovery_audio.o
 .debug_info    0x000000000001534b      0xa1c build/stm32f4xx_hal.o
 .debug_info    0x0000000000015d67      0xf7e build/stm32f4xx_hal_cortex.o
 .debug_info    0x0000000000016ce5      0xb1e build/stm32f4xx_hal_dma.o
 .debug_info    0x0000000000017803      0x708 build/stm32f4xx_hal_gpio.o
 .debug_info    0x0000000000017f0b     0x1533 build/stm32f4xx_hal_hcd.o
 .debug_info    0x000000000001943e     0x43c3 build/stm32f4xx_hal_i2c.o
 .debug_info    0x000000000001d801     0x1263 build/stm32f4xx_hal_i2s.o
 .debug_info    0x000000000001ea64      0xe74 build/stm32f4xx_hal_i2s_ex.o
 .debug_info    0x000000000001f8d8      0xad3 build/stm32f4xx_hal_rcc.o
 .debug_info    0x00000000000203ab      0x651 build/stm32f4xx_hal_rcc_ex.o
 .debug_info    0x00000000000209fc     0x24df build/stm32f4xx_hal_spi.o
 .debug_info    0x0000000000022edb     0x2263 build/stm32f4xx_ll_usb.o
 .debug_info    0x000000000002513e     0x15ff build/usbh_core.o
 .debug_info    0x000000000002673d     0x2434 build/usbh_ctlreq.o
 .debug_info    0x0000000000028b71      0xe3f build/usbh_ioreq.o
 .debug_info    0x00000000000299b0      0xab4 build/usbh_pipes.o
 .debug_info    0x000000000002a464       0x23 build/startup_stm32f407xx.o

.debug_abbrev   0x0000000000000000     0x6fb8
 .debug_abbrev  0x0000000000000000      0x260 build/ADSR_envelope.o
 .debug_abbrev  0x0000000000000260      0x348 build/MIDI_application.o
 .debug_abbrev  0x00000000000005a8      0x34d build/MIDI_event.o
 .debug_abbrev  0x00000000000008f5      0x34d build/SEGGER_RTT.o
 .debug_abbrev  0x0000000000000c42      0x348 build/audio.o
 .debug_abbrev  0x0000000000000f8a      0x183 build/filters.o
 .debug_abbrev  0x000000000000110d      0x16d build/gpio.o
 .debug_abbrev  0x000000000000127a       0xa5 build/helper_functions.o
 .debug_abbrev  0x000000000000131f      0x227 build/i2c.o
 .debug_abbrev  0x0000000000001546      0x224 build/i2s.o
 .debug_abbrev  0x000000000000176a      0x1e5 build/ladder_filter.o
 .debug_abbrev  0x000000000000194f       0x48 build/lut_tan.o
 .debug_abbrev  0x0000000000001997      0x359 build/main.o
 .debug_abbrev  0x0000000000001cf0      0x240 build/oscillators.o
 .debug_abbrev  0x0000000000001f30      0x229 build/spi.o
 .debug_abbrev  0x0000000000002159      0x205 build/stereo_delay.o
 .debug_abbrev  0x000000000000235e      0x107 build/stm32f4xx_hal_msp.o
 .debug_abbrev  0x0000000000002465      0x1e5 build/stm32f4xx_it.o
 .debug_abbrev  0x000000000000264a      0x11e build/system_stm32f4xx.o
 .debug_abbrev  0x0000000000002768      0x42b build/usbh_MIDI.o
 .debug_abbrev  0x0000000000002b93      0x3e5 build/usbh_conf.o
 .debug_abbrev  0x0000000000002f78      0x3a0 build/cs43l22.o
 .debug_abbrev  0x0000000000003318      0x446 build/stm32f4_discovery.o
 .debug_abbrev  0x000000000000375e      0x422 build/stm32f4_discovery_audio.o
 .debug_abbrev  0x0000000000003b80      0x282 build/stm32f4xx_hal.o
 .debug_abbrev  0x0000000000003e02      0x381 build/stm32f4xx_hal_cortex.o
 .debug_abbrev  0x0000000000004183      0x335 build/stm32f4xx_hal_dma.o
 .debug_abbrev  0x00000000000044b8      0x213 build/stm32f4xx_hal_gpio.o
 .debug_abbrev  0x00000000000046cb      0x34b build/stm32f4xx_hal_hcd.o
 .debug_abbrev  0x0000000000004a16      0x424 build/stm32f4xx_hal_i2c.o
 .debug_abbrev  0x0000000000004e3a      0x320 build/stm32f4xx_hal_i2s.o
 .debug_abbrev  0x000000000000515a      0x37e build/stm32f4xx_hal_i2s_ex.o
 .debug_abbrev  0x00000000000054d8      0x34e build/stm32f4xx_hal_rcc.o
 .debug_abbrev  0x0000000000005826      0x1c1 build/stm32f4xx_hal_rcc_ex.o
 .debug_abbrev  0x00000000000059e7      0x3c2 build/stm32f4xx_hal_spi.o
 .debug_abbrev  0x0000000000005da9      0x435 build/stm32f4xx_ll_usb.o
 .debug_abbrev  0x00000000000061de      0x46b build/usbh_core.o
 .debug_abbrev  0x0000000000006649      0x428 build/usbh_ctlreq.o
 .debug_abbrev  0x0000000000006a71      0x25b build/usbh_ioreq.o
 .debug_abbrev  0x0000000000006ccc      0x2da build/usbh_pipes.o
 .debug_abbrev  0x0000000000006fa6       0x12 build/startup_stm32f407xx.o

.debug_loclists
                0x0000000000000000    0x19fd4
 .debug_loclists
                0x0000000000000000      0x41e build/ADSR_envelope.o
 .debug_loclists
                0x000000000000041e      0x14c build/MIDI_application.o
 .debug_loclists
                0x000000000000056a      0x15d build/MIDI_event.o
 .debug_loclists
                0x00000000000006c7     0x6047 build/SEGGER_RTT.o
 .debug_loclists
                0x000000000000670e      0x408 build/audio.o
 .debug_loclists
                0x0000000000006b16       0x6c build/filters.o
 .debug_loclists
                0x0000000000006b82       0xc8 build/helper_functions.o
 .debug_loclists
                0x0000000000006c4a       0x3a build/i2c.o
 .debug_loclists
                0x0000000000006c84       0x3b build/i2s.o
 .debug_loclists
                0x0000000000006cbf      0x1cb build/ladder_filter.o
 .debug_loclists
                0x0000000000006e8a      0x4a2 build/oscillators.o
 .debug_loclists
                0x000000000000732c       0x3a build/spi.o
 .debug_loclists